******************************************************************************
                  TI ARM Linker PC v18.12.2                    
******************************************************************************
>> Linked Thu Sep 19 22:07:45 2019

OUTPUT FILE NAME:   <Lab3.out>
ENTRY POINT SYMBOL: "_c_int00_noargs"  address: 000007a1


MEMORY CONFIGURATION

         name            origin    length      used     unused   attr    fill
----------------------  --------  ---------  --------  --------  ----  --------
  FLASH                 00000000   00040000  0000085c  0003f7a4  R  X
  SRAM                  20000000   00008000  00000203  00007dfd  RW X


SEGMENT ALLOCATION MAP

run origin  load origin   length   init length attrs members
----------  ----------- ---------- ----------- ----- -------
00000000    00000000    00000860   00000860    r-x
  00000000    00000000    0000026c   0000026c    r-- .intvecs
  0000026c    0000026c    000005d8   000005d8    r-x .text
  00000848    00000848    00000018   00000018    r-- .cinit
20000000    20000000    00000203   00000000    rw-
  20000000    20000000    00000200   00000000    rw- .stack
  20000200    20000200    00000003   00000000    rw- .data


SECTION ALLOCATION MAP

 output                                  attributes/
section   page    origin      length       input sections
--------  ----  ----------  ----------   ----------------
.intvecs   0    00000000    0000026c     
                  00000000    0000026c     tm4c123gh6pm_startup_ccs.obj (.intvecs)

.text      0    0000026c    000005d8     
                  0000026c    00000190     main.obj (.text)
                  000003fc    00000132     driverlib.lib : gpio.obj (.text:GPIOPadConfigSet)
                  0000052e    00000002     --HOLE-- [fill = 0]
                  00000530    000000f4                   : sysctl.obj (.text:SysCtlClockSet)
                  00000624    0000009c     rtsv7M4_T_le_v4SPD16_eabi.lib : memcpy_t2.asm.obj (.text)
                  000006c0    00000068                                   : copy_decompress_lzss.c.obj (.text:decompress:lzss:__TI_decompress_lzss)
                  00000728    00000044                                   : autoinit.c.obj (.text:__TI_auto_init_nobinit_nopinit:__TI_auto_init_nobinit_nopinit)
                  0000076c    00000034     driverlib.lib : sysctl.obj (.text:SysCtlPeripheralEnable)
                  000007a0    00000034     rtsv7M4_T_le_v4SPD16_eabi.lib : boot_cortex_m.c.obj (.text:_c_int00_noargs:_c_int00_noargs)
                  000007d4    0000002a     driverlib.lib : gpio.obj (.text:GPIODirModeSet)
                  000007fe    00000018                   : gpio.obj (.text:GPIOPinTypeGPIOOutput)
                  00000816    0000000e     rtsv7M4_T_le_v4SPD16_eabi.lib : copy_decompress_none.c.obj (.text:decompress:none:__TI_decompress_none)
                  00000824    0000000c     tm4c123gh6pm_startup_ccs.obj (.text)
                  00000830    00000006     driverlib.lib : gpio.obj (.text:GPIOPinWrite)
                  00000836    00000006                   : sysctl.obj (.text:SysCtlDelay)
                  0000083c    00000004     rtsv7M4_T_le_v4SPD16_eabi.lib : pre_init.c.obj (.text:_system_pre_init)
                  00000840    00000004                                   : exit.c.obj (.text:abort:abort)

.cinit     0    00000848    00000018     
                  00000848    00000008     (__TI_handler_table)
                  00000850    00000007     (.cinit..data.load) [load image, compression = lzss]
                  00000857    00000001     --HOLE-- [fill = 0]
                  00000858    00000008     (__TI_cinit_table)

.init_array 
*          0    00000000    00000000     UNINITIALIZED

.data      0    20000200    00000003     UNINITIALIZED
                  20000200    00000003     main.obj (.data)

.stack     0    20000000    00000200     UNINITIALIZED
                  20000000    00000004     rtsv7M4_T_le_v4SPD16_eabi.lib : boot_cortex_m.c.obj (.stack)
                  20000004    000001fc     --HOLE--

MODULE SUMMARY

       Module                         code   ro data   rw data
       ------                         ----   -------   -------
    .\
       tm4c123gh6pm_startup_ccs.obj   12     620       0      
       main.obj                       400    0         3      
    +--+------------------------------+------+---------+---------+
       Total:                         412    620       3      
                                                              
    C:/ti/tivaware_c_series_2_1_4_178/driverlib/ccs/Debug/driverlib.lib
       gpio.obj                       378    0         0      
       sysctl.obj                     302    0         0      
    +--+------------------------------+------+---------+---------+
       Total:                         680    0         0      
                                                              
    C:\ti\ccs910\ccs\tools\compiler\ti-cgt-arm_18.12.2.LTS\lib\rtsv7M4_T_le_v4SPD16_eabi.lib
       memcpy_t2.asm.obj              156    0         0      
       copy_decompress_lzss.c.obj     104    0         0      
       autoinit.c.obj                 68     0         0      
       boot_cortex_m.c.obj            52     0         0      
       copy_decompress_none.c.obj     14     0         0      
       exit.c.obj                     4      0         0      
       pre_init.c.obj                 4      0         0      
    +--+------------------------------+------+---------+---------+
       Total:                         402    0         0      
                                                              
       Stack:                         0      0         512    
       Linker Generated:              0      23        0      
    +--+------------------------------+------+---------+---------+
       Grand Total:                   1494   643       515    


LINKER GENERATED COPY TABLES

__TI_cinit_table @ 00000858 records: 1, size/record: 8, table size: 8
	.data: load addr=00000850, load size=00000007 bytes, run addr=20000200, run size=00000003 bytes, compression=lzss


LINKER GENERATED HANDLER TABLE

__TI_handler_table @ 00000848 records: 2, size/record: 4, table size: 8
	index: 0, handler: __TI_decompress_lzss
	index: 1, handler: __TI_decompress_none


GLOBAL SYMBOLS: SORTED ALPHABETICALLY BY Name 

address   name                          
-------   ----                          
00000841  C$$EXIT                       
000007d5  GPIODirModeSet                
000003fd  GPIOPadConfigSet              
000007ff  GPIOPinTypeGPIOOutput         
00000831  GPIOPinWrite                  
00000825  ResetISR                      
00000531  SysCtlClockSet                
00000837  SysCtlDelay                   
0000076d  SysCtlPeripheralEnable        
20000200  __STACK_END                   
00000200  __STACK_SIZE                  
20000200  __STACK_TOP                   
00000858  __TI_CINIT_Base               
00000860  __TI_CINIT_Limit              
00000848  __TI_Handler_Table_Base       
00000850  __TI_Handler_Table_Limit      
00000729  __TI_auto_init_nobinit_nopinit
000006c1  __TI_decompress_lzss          
00000817  __TI_decompress_none          
ffffffff  __TI_pprof_out_hndl           
ffffffff  __TI_prof_data_size           
ffffffff  __TI_prof_data_start          
00000000  __TI_static_base__            
00000625  __aeabi_memcpy                
00000625  __aeabi_memcpy4               
00000625  __aeabi_memcpy8               
ffffffff  __binit__                     
ffffffff  __c_args__                    
UNDEFED   __mpu_init                    
20000000  __stack                       
000007a1  _c_int00_noargs               
UNDEFED   _system_post_cinit            
0000083d  _system_pre_init              
00000841  abort                         
ffffffff  binit                         
00000000  g_pfnVectors                  
0000026d  main                          
00000625  memcpy                        
20000200  ui8PinData1                   
20000201  ui8PinData2                   
20000202  ui8PinData3                   


GLOBAL SYMBOLS: SORTED BY Symbol Address 

address   name                          
-------   ----                          
00000000  __TI_static_base__            
00000000  g_pfnVectors                  
00000200  __STACK_SIZE                  
0000026d  main                          
000003fd  GPIOPadConfigSet              
00000531  SysCtlClockSet                
00000625  __aeabi_memcpy                
00000625  __aeabi_memcpy4               
00000625  __aeabi_memcpy8               
00000625  memcpy                        
000006c1  __TI_decompress_lzss          
00000729  __TI_auto_init_nobinit_nopinit
0000076d  SysCtlPeripheralEnable        
000007a1  _c_int00_noargs               
000007d5  GPIODirModeSet                
000007ff  GPIOPinTypeGPIOOutput         
00000817  __TI_decompress_none          
00000825  ResetISR                      
00000831  GPIOPinWrite                  
00000837  SysCtlDelay                   
0000083d  _system_pre_init              
00000841  C$$EXIT                       
00000841  abort                         
00000848  __TI_Handler_Table_Base       
00000850  __TI_Handler_Table_Limit      
00000858  __TI_CINIT_Base               
00000860  __TI_CINIT_Limit              
20000000  __stack                       
20000200  __STACK_END                   
20000200  __STACK_TOP                   
20000200  ui8PinData1                   
20000201  ui8PinData2                   
20000202  ui8PinData3                   
ffffffff  __TI_pprof_out_hndl           
ffffffff  __TI_prof_data_size           
ffffffff  __TI_prof_data_start          
ffffffff  __binit__                     
ffffffff  __c_args__                    
ffffffff  binit                         
UNDEFED   __mpu_init                    
UNDEFED   _system_post_cinit            

[41 symbols]
