<?xml version="1.0" encoding="ISO-8859-1" ?>
<link_info>
   <banner>TI ARM Linker Unix v18.12.2.LTS</banner>
   <copyright>Copyright (c) 1996-2018 Texas Instruments Incorporated</copyright>
   <link_time>0x5db5f1e9</link_time>
   <link_errors>0x0</link_errors>
   <output_file>Midterm.out</output_file>
   <entry_point>
      <name>_c_int00_noargs</name>
      <address>0x198d</address>
   </entry_point>
   <input_file_list>
      <input_file id="fl-1">
         <path>./</path>
         <kind>object</kind>
         <file>main.obj</file>
         <name>main.obj</name>
      </input_file>
      <input_file id="fl-2">
         <path>./</path>
         <kind>object</kind>
         <file>tm4c123gh6pm_startup_ccs.obj</file>
         <name>tm4c123gh6pm_startup_ccs.obj</name>
      </input_file>
      <input_file id="fl-3">
         <path>./</path>
         <kind>object</kind>
         <file>uartstdio.obj</file>
         <name>uartstdio.obj</name>
      </input_file>
      <input_file id="fl-a">
         <kind>object</kind>
         <file>&lt;internal&gt;</file>
         <name>&lt;internal&gt;</name>
      </input_file>
      <input_file id="fl-c0">
         <path>/Applications/ti/ccs910/ccs/tools/compiler/ti-cgt-arm_18.12.2.LTS/lib/</path>
         <kind>archive</kind>
         <file>rtsv7M4_T_le_v4SPD16_eabi.lib</file>
         <name>u_divt2.asm.obj</name>
      </input_file>
      <input_file id="fl-c1">
         <path>/Applications/ti/ccs910/ccs/tools/compiler/ti-cgt-arm_18.12.2.LTS/lib/</path>
         <kind>archive</kind>
         <file>rtsv7M4_T_le_v4SPD16_eabi.lib</file>
         <name>copy_zero_init.c.obj</name>
      </input_file>
      <input_file id="fl-c2">
         <path>/Applications/ti/ccs910/ccs/tools/compiler/ti-cgt-arm_18.12.2.LTS/lib/</path>
         <kind>archive</kind>
         <file>rtsv7M4_T_le_v4SPD16_eabi.lib</file>
         <name>copy_decompress_none.c.obj</name>
      </input_file>
      <input_file id="fl-c3">
         <path>/Applications/ti/ccs910/ccs/tools/compiler/ti-cgt-arm_18.12.2.LTS/lib/</path>
         <kind>archive</kind>
         <file>rtsv7M4_T_le_v4SPD16_eabi.lib</file>
         <name>copy_decompress_lzss.c.obj</name>
      </input_file>
      <input_file id="fl-c4">
         <path>/Applications/ti/ccs910/ccs/tools/compiler/ti-cgt-arm_18.12.2.LTS/lib/</path>
         <kind>archive</kind>
         <file>rtsv7M4_T_le_v4SPD16_eabi.lib</file>
         <name>boot_cortex_m.c.obj</name>
      </input_file>
      <input_file id="fl-c5">
         <path>/Applications/ti/ccs910/ccs/tools/compiler/ti-cgt-arm_18.12.2.LTS/lib/</path>
         <kind>archive</kind>
         <file>rtsv7M4_T_le_v4SPD16_eabi.lib</file>
         <name>div0.asm.obj</name>
      </input_file>
      <input_file id="fl-c6">
         <path>/Applications/ti/ccs910/ccs/tools/compiler/ti-cgt-arm_18.12.2.LTS/lib/</path>
         <kind>archive</kind>
         <file>rtsv7M4_T_le_v4SPD16_eabi.lib</file>
         <name>memset_t2.asm.obj</name>
      </input_file>
      <input_file id="fl-c7">
         <path>/Applications/ti/ccs910/ccs/tools/compiler/ti-cgt-arm_18.12.2.LTS/lib/</path>
         <kind>archive</kind>
         <file>rtsv7M4_T_le_v4SPD16_eabi.lib</file>
         <name>memcpy_t2.asm.obj</name>
      </input_file>
      <input_file id="fl-c8">
         <path>/Applications/ti/ccs910/ccs/tools/compiler/ti-cgt-arm_18.12.2.LTS/lib/</path>
         <kind>archive</kind>
         <file>rtsv7M4_T_le_v4SPD16_eabi.lib</file>
         <name>autoinit.c.obj</name>
      </input_file>
      <input_file id="fl-c9">
         <path>/Applications/ti/ccs910/ccs/tools/compiler/ti-cgt-arm_18.12.2.LTS/lib/</path>
         <kind>archive</kind>
         <file>rtsv7M4_T_le_v4SPD16_eabi.lib</file>
         <name>pre_init.c.obj</name>
      </input_file>
      <input_file id="fl-ca">
         <path>/Applications/ti/ccs910/ccs/tools/compiler/ti-cgt-arm_18.12.2.LTS/lib/</path>
         <kind>archive</kind>
         <file>rtsv7M4_T_le_v4SPD16_eabi.lib</file>
         <name>cpy_tbl.c.obj</name>
      </input_file>
      <input_file id="fl-cb">
         <path>/Applications/ti/ccs910/ccs/tools/compiler/ti-cgt-arm_18.12.2.LTS/lib/</path>
         <kind>archive</kind>
         <file>rtsv7M4_T_le_v4SPD16_eabi.lib</file>
         <name>exit.c.obj</name>
      </input_file>
      <input_file id="fl-cc">
         <path>/Applications/ti/ccs910/ccs/tools/compiler/ti-cgt-arm_18.12.2.LTS/lib/</path>
         <kind>archive</kind>
         <file>rtsv7M4_T_le_v4SPD16_eabi.lib</file>
         <name>_lock.c.obj</name>
      </input_file>
      <input_file id="fl-cd">
         <path>/Applications/ti/ccs910/ccs/tools/compiler/ti-cgt-arm_18.12.2.LTS/lib/</path>
         <kind>archive</kind>
         <file>rtsv7M4_T_le_v4SPD16_eabi.lib</file>
         <name>args_main.c.obj</name>
      </input_file>
      <input_file id="fl-ce">
         <path>/Users/stevenchews/ti/tivaware_c_series_2_1_4_178/driverlib/ccs/Debug/</path>
         <kind>archive</kind>
         <file>driverlib.lib</file>
         <name>gpio.obj</name>
      </input_file>
      <input_file id="fl-cf">
         <path>/Users/stevenchews/ti/tivaware_c_series_2_1_4_178/driverlib/ccs/Debug/</path>
         <kind>archive</kind>
         <file>driverlib.lib</file>
         <name>i2c.obj</name>
      </input_file>
      <input_file id="fl-d0">
         <path>/Users/stevenchews/ti/tivaware_c_series_2_1_4_178/driverlib/ccs/Debug/</path>
         <kind>archive</kind>
         <file>driverlib.lib</file>
         <name>interrupt.obj</name>
      </input_file>
      <input_file id="fl-d1">
         <path>/Users/stevenchews/ti/tivaware_c_series_2_1_4_178/driverlib/ccs/Debug/</path>
         <kind>archive</kind>
         <file>driverlib.lib</file>
         <name>sysctl.obj</name>
      </input_file>
      <input_file id="fl-d2">
         <path>/Users/stevenchews/ti/tivaware_c_series_2_1_4_178/driverlib/ccs/Debug/</path>
         <kind>archive</kind>
         <file>driverlib.lib</file>
         <name>uart.obj</name>
      </input_file>
      <input_file id="fl-d3">
         <path>/Users/stevenchews/ti/tivaware_c_series_2_1_4_178/driverlib/ccs/Debug/</path>
         <kind>archive</kind>
         <file>driverlib.lib</file>
         <name>cpu.obj</name>
      </input_file>
      <input_file id="fl-d4">
         <path>/Users/stevenchews/ti/tivaware_c_series_2_1_4_178/sensorlib/ccs/Debug/</path>
         <kind>archive</kind>
         <file>sensorlib.lib</file>
         <name>i2cm_drv.obj</name>
      </input_file>
      <input_file id="fl-d5">
         <path>/Users/stevenchews/ti/tivaware_c_series_2_1_4_178/sensorlib/ccs/Debug/</path>
         <kind>archive</kind>
         <file>sensorlib.lib</file>
         <name>mpu6050.obj</name>
      </input_file>
   </input_file_list>
   <object_component_list>
      <object_component id="oc-f">
         <name>.intvecs</name>
         <load_address>0x0</load_address>
         <run_address>0x0</run_address>
         <size>0x26c</size>
         <input_file_ref idref="fl-2"/>
      </object_component>
      <object_component id="oc-95">
         <name>.text</name>
         <load_address>0x26c</load_address>
         <run_address>0x26c</run_address>
         <size>0x49c</size>
         <input_file_ref idref="fl-3"/>
      </object_component>
      <object_component id="oc-2a">
         <name>.text</name>
         <load_address>0x708</load_address>
         <run_address>0x708</run_address>
         <size>0x304</size>
         <input_file_ref idref="fl-1"/>
      </object_component>
      <object_component id="oc-18f">
         <name>.text:GPIOPadConfigSet</name>
         <load_address>0xa0c</load_address>
         <run_address>0xa0c</run_address>
         <size>0x132</size>
         <input_file_ref idref="fl-ce"/>
      </object_component>
      <object_component id="oc-29f">
         <name>.text</name>
         <load_address>0xb3e</load_address>
         <run_address>0xb3e</run_address>
         <size>0x2</size>
         <input_file_ref idref="fl-c5"/>
      </object_component>
      <object_component id="oc-c5">
         <name>.text:SysCtlClockGet</name>
         <load_address>0xb40</load_address>
         <run_address>0xb40</run_address>
         <size>0x110</size>
         <input_file_ref idref="fl-d1"/>
      </object_component>
      <object_component id="oc-71">
         <name>.text:SysCtlClockSet</name>
         <load_address>0xc50</load_address>
         <run_address>0xc50</run_address>
         <size>0xf4</size>
         <input_file_ref idref="fl-d1"/>
      </object_component>
      <object_component id="oc-d7">
         <name>.text:I2CMIntHandler</name>
         <load_address>0xd44</load_address>
         <run_address>0xd44</run_address>
         <size>0xf2</size>
         <input_file_ref idref="fl-d4"/>
      </object_component>
      <object_component id="oc-138">
         <name>.text:MPU6050Callback</name>
         <load_address>0xe38</load_address>
         <run_address>0xe38</run_address>
         <size>0xf0</size>
         <input_file_ref idref="fl-d5"/>
      </object_component>
      <object_component id="oc-3e">
         <name>.text</name>
         <load_address>0xf28</load_address>
         <run_address>0xf28</run_address>
         <size>0x9c</size>
         <input_file_ref idref="fl-c7"/>
      </object_component>
      <object_component id="oc-1fd">
         <name>.text:I2CMStateIdle</name>
         <load_address>0xfc4</load_address>
         <run_address>0xfc4</run_address>
         <size>0x98</size>
         <input_file_ref idref="fl-d4"/>
      </object_component>
      <object_component id="oc-132">
         <name>.text:I2CMCommand</name>
         <load_address>0x105c</load_address>
         <run_address>0x105c</run_address>
         <size>0x88</size>
         <input_file_ref idref="fl-d4"/>
      </object_component>
      <object_component id="oc-140">
         <name>.text:I2CMReadModifyWrite8</name>
         <load_address>0x10e4</load_address>
         <run_address>0x10e4</run_address>
         <size>0x78</size>
         <input_file_ref idref="fl-d4"/>
      </object_component>
      <object_component id="oc-89">
         <name>.text:MPU6050DataAccelGetFloat</name>
         <load_address>0x115c</load_address>
         <run_address>0x115c</run_address>
         <size>0x70</size>
         <input_file_ref idref="fl-d5"/>
      </object_component>
      <object_component id="oc-8f">
         <name>.text:MPU6050DataGyroGetFloat</name>
         <load_address>0x11cc</load_address>
         <run_address>0x11cc</run_address>
         <size>0x70</size>
         <input_file_ref idref="fl-d5"/>
      </object_component>
      <object_component id="oc-26b">
         <name>.text:IntDisable</name>
         <load_address>0x123c</load_address>
         <run_address>0x123c</run_address>
         <size>0x68</size>
         <input_file_ref idref="fl-d0"/>
      </object_component>
      <object_component id="oc-1a7">
         <name>.text:IntEnable</name>
         <load_address>0x12a4</load_address>
         <run_address>0x12a4</run_address>
         <size>0x68</size>
         <input_file_ref idref="fl-d0"/>
      </object_component>
      <object_component id="oc-12">
         <name>.text:decompress:lzss:__TI_decompress_lzss</name>
         <load_address>0x130c</load_address>
         <run_address>0x130c</run_address>
         <size>0x68</size>
         <input_file_ref idref="fl-c3"/>
      </object_component>
      <object_component id="oc-265">
         <name>.text:IntIsEnabled</name>
         <load_address>0x1374</load_address>
         <run_address>0x1374</run_address>
         <size>0x64</size>
         <input_file_ref idref="fl-d0"/>
      </object_component>
      <object_component id="oc-285">
         <name>.text:I2CMReadModifyWrite8Callback</name>
         <load_address>0x13d8</load_address>
         <run_address>0x13d8</run_address>
         <size>0x60</size>
         <input_file_ref idref="fl-d4"/>
      </object_component>
      <object_component id="oc-1eb">
         <name>.text:I2CMStateWritePause</name>
         <load_address>0x1438</load_address>
         <run_address>0x1438</run_address>
         <size>0x5e</size>
         <input_file_ref idref="fl-d4"/>
      </object_component>
      <object_component id="oc-77">
         <name>.text:MPU6050Init</name>
         <load_address>0x1498</load_address>
         <run_address>0x1498</run_address>
         <size>0x5c</size>
         <input_file_ref idref="fl-d5"/>
      </object_component>
      <object_component id="oc-83">
         <name>.text:MPU6050DataRead</name>
         <load_address>0x14f4</load_address>
         <run_address>0x14f4</run_address>
         <size>0x54</size>
         <input_file_ref idref="fl-d5"/>
      </object_component>
      <object_component id="oc-1f1">
         <name>.text:I2CMStateWriteFinal</name>
         <load_address>0x1548</load_address>
         <run_address>0x1548</run_address>
         <size>0x50</size>
         <input_file_ref idref="fl-d4"/>
      </object_component>
      <object_component id="oc-b3">
         <name>.text:SysCtlPeripheralReset</name>
         <load_address>0x1598</load_address>
         <run_address>0x1598</run_address>
         <size>0x50</size>
         <input_file_ref idref="fl-d1"/>
      </object_component>
      <object_component id="oc-cb">
         <name>.text:I2CMasterInitExpClk</name>
         <load_address>0x15e8</load_address>
         <run_address>0x15e8</run_address>
         <size>0x4c</size>
         <input_file_ref idref="fl-cf"/>
      </object_component>
      <object_component id="oc-7d">
         <name>.text:MPU6050ReadModifyWrite</name>
         <load_address>0x1634</load_address>
         <run_address>0x1634</run_address>
         <size>0x4c</size>
         <input_file_ref idref="fl-d5"/>
      </object_component>
      <object_component id="oc-1d9">
         <name>.text:I2CMStateReadNext</name>
         <load_address>0x1680</load_address>
         <run_address>0x1680</run_address>
         <size>0x4a</size>
         <input_file_ref idref="fl-d4"/>
      </object_component>
      <object_component id="oc-a1">
         <name>.text:GPIOPinConfigure</name>
         <load_address>0x16cc</load_address>
         <run_address>0x16cc</run_address>
         <size>0x48</size>
         <input_file_ref idref="fl-ce"/>
      </object_component>
      <object_component id="oc-1f7">
         <name>.text:I2CMStateWriteNext</name>
         <load_address>0x1714</load_address>
         <run_address>0x1714</run_address>
         <size>0x48</size>
         <input_file_ref idref="fl-d4"/>
      </object_component>
      <object_component id="oc-153">
         <name>.text:UARTConfigSetExpClk</name>
         <load_address>0x175c</load_address>
         <run_address>0x175c</run_address>
         <size>0x46</size>
         <input_file_ref idref="fl-d2"/>
      </object_component>
      <object_component id="oc-1c1">
         <name>.text:I2CMStateCallback</name>
         <load_address>0x17a2</load_address>
         <run_address>0x17a2</run_address>
         <size>0x44</size>
         <input_file_ref idref="fl-d4"/>
      </object_component>
      <object_component id="oc-22c">
         <name>.text:__TI_auto_init_nobinit_nopinit:__TI_auto_init_nobinit_nopinit</name>
         <load_address>0x17e8</load_address>
         <run_address>0x17e8</run_address>
         <size>0x44</size>
         <input_file_ref idref="fl-c8"/>
      </object_component>
      <object_component id="oc-1d3">
         <name>.text:I2CMStateReadFinal</name>
         <load_address>0x182c</load_address>
         <run_address>0x182c</run_address>
         <size>0x42</size>
         <input_file_ref idref="fl-d4"/>
      </object_component>
      <object_component id="oc-174">
         <name>.text</name>
         <load_address>0x186e</load_address>
         <run_address>0x186e</run_address>
         <size>0x40</size>
         <input_file_ref idref="fl-c0"/>
      </object_component>
      <object_component id="oc-1cd">
         <name>.text:I2CMStateReadPause</name>
         <load_address>0x18ae</load_address>
         <run_address>0x18ae</run_address>
         <size>0x3e</size>
         <input_file_ref idref="fl-d4"/>
      </object_component>
      <object_component id="oc-14d">
         <name>.text:SysCtlPeripheralPresent</name>
         <load_address>0x18ec</load_address>
         <run_address>0x18ec</run_address>
         <size>0x38</size>
         <input_file_ref idref="fl-d1"/>
      </object_component>
      <object_component id="oc-d1">
         <name>.text:I2CMInit</name>
         <load_address>0x1924</load_address>
         <run_address>0x1924</run_address>
         <size>0x34</size>
         <input_file_ref idref="fl-d4"/>
      </object_component>
      <object_component id="oc-9b">
         <name>.text:SysCtlPeripheralEnable</name>
         <load_address>0x1958</load_address>
         <run_address>0x1958</run_address>
         <size>0x34</size>
         <input_file_ref idref="fl-d1"/>
      </object_component>
      <object_component id="oc-5c">
         <name>.text:_c_int00_noargs:_c_int00_noargs</name>
         <load_address>0x198c</load_address>
         <run_address>0x198c</run_address>
         <size>0x34</size>
         <input_file_ref idref="fl-c4"/>
      </object_component>
      <object_component id="oc-189">
         <name>.text:GPIODirModeSet</name>
         <load_address>0x19c0</load_address>
         <run_address>0x19c0</run_address>
         <size>0x2a</size>
         <input_file_ref idref="fl-ce"/>
      </object_component>
      <object_component id="oc-1df">
         <name>.text:I2CMStateReadFirst</name>
         <load_address>0x19ea</load_address>
         <run_address>0x19ea</run_address>
         <size>0x2a</size>
         <input_file_ref idref="fl-d4"/>
      </object_component>
      <object_component id="oc-1e5">
         <name>.text:I2CMStateReadOne</name>
         <load_address>0x1a14</load_address>
         <run_address>0x1a14</run_address>
         <size>0x20</size>
         <input_file_ref idref="fl-d4"/>
      </object_component>
      <object_component id="oc-28f">
         <name>.text:UARTDisable</name>
         <load_address>0x1a34</load_address>
         <run_address>0x1a34</run_address>
         <size>0x20</size>
         <input_file_ref idref="fl-d2"/>
      </object_component>
      <object_component id="oc-4a">
         <name>.text:decompress:ZI:__TI_zero_init_nomemset:__TI_zero_init_nomemset</name>
         <load_address>0x1a54</load_address>
         <run_address>0x1a54</run_address>
         <size>0x1c</size>
         <input_file_ref idref="fl-c1"/>
      </object_component>
      <object_component id="oc-1c7">
         <name>.text:I2CMStateReadWait</name>
         <load_address>0x1a70</load_address>
         <run_address>0x1a70</run_address>
         <size>0x1a</size>
         <input_file_ref idref="fl-d4"/>
      </object_component>
      <object_component id="oc-159">
         <name>.text:UARTEnable</name>
         <load_address>0x1a8a</load_address>
         <run_address>0x1a8a</run_address>
         <size>0x14</size>
         <input_file_ref idref="fl-d2"/>
      </object_component>
      <object_component id="oc-bf">
         <name>.text:GPIOPinTypeI2C</name>
         <load_address>0x1a9e</load_address>
         <run_address>0x1a9e</run_address>
         <size>0x12</size>
         <input_file_ref idref="fl-ce"/>
      </object_component>
      <object_component id="oc-b9">
         <name>.text:GPIOPinTypeI2CSCL</name>
         <load_address>0x1ab0</load_address>
         <run_address>0x1ab0</run_address>
         <size>0x12</size>
         <input_file_ref idref="fl-ce"/>
      </object_component>
      <object_component id="oc-a7">
         <name>.text:GPIOPinTypeUART</name>
         <load_address>0x1ac2</load_address>
         <run_address>0x1ac2</run_address>
         <size>0x12</size>
         <input_file_ref idref="fl-ce"/>
      </object_component>
      <object_component id="oc-18">
         <name>.text:decompress:none:__TI_decompress_none</name>
         <load_address>0x1ad4</load_address>
         <run_address>0x1ad4</run_address>
         <size>0xe</size>
         <input_file_ref idref="fl-c2"/>
      </object_component>
      <object_component id="oc-271">
         <name>.text:IntTrigger</name>
         <load_address>0x1ae4</load_address>
         <run_address>0x1ae4</run_address>
         <size>0xc</size>
         <input_file_ref idref="fl-d0"/>
      </object_component>
      <object_component id="oc-24">
         <name>.text</name>
         <load_address>0x1af0</load_address>
         <run_address>0x1af0</run_address>
         <size>0xc</size>
         <input_file_ref idref="fl-2"/>
      </object_component>
      <object_component id="oc-19f">
         <name>.text:I2CMasterEnable</name>
         <load_address>0x1afc</load_address>
         <run_address>0x1afc</run_address>
         <size>0xa</size>
         <input_file_ref idref="fl-cf"/>
      </object_component>
      <object_component id="oc-165">
         <name>.text:UARTCharGet</name>
         <load_address>0x1b06</load_address>
         <run_address>0x1b06</run_address>
         <size>0xa</size>
         <input_file_ref idref="fl-d2"/>
      </object_component>
      <object_component id="oc-15f">
         <name>.text:UARTCharPut</name>
         <load_address>0x1b10</load_address>
         <run_address>0x1b10</run_address>
         <size>0xa</size>
         <input_file_ref idref="fl-d2"/>
      </object_component>
      <object_component id="oc-1b5">
         <name>.text:I2CMasterIntClear</name>
         <load_address>0x1b1a</load_address>
         <run_address>0x1b1a</run_address>
         <size>0x8</size>
         <input_file_ref idref="fl-cf"/>
      </object_component>
      <object_component id="oc-1ad">
         <name>.text:I2CMasterIntEnableEx</name>
         <load_address>0x1b22</load_address>
         <run_address>0x1b22</run_address>
         <size>0x8</size>
         <input_file_ref idref="fl-cf"/>
      </object_component>
      <object_component id="oc-2cc">
         <name>.text:I2CMasterSlaveAddrSet</name>
         <load_address>0x1b2a</load_address>
         <run_address>0x1b2a</run_address>
         <size>0x8</size>
         <input_file_ref idref="fl-cf"/>
      </object_component>
      <object_component id="oc-dd">
         <name>.text:SysCtlDelay</name>
         <load_address>0x1b32</load_address>
         <run_address>0x1b32</run_address>
         <size>0x6</size>
         <input_file_ref idref="fl-d1"/>
      </object_component>
      <object_component id="oc-ad">
         <name>.text:UARTClockSourceSet</name>
         <load_address>0x1b38</load_address>
         <run_address>0x1b38</run_address>
         <size>0x6</size>
         <input_file_ref idref="fl-d2"/>
      </object_component>
      <object_component id="oc-1bb">
         <name>.text:I2CMasterControl</name>
         <load_address>0x1b3e</load_address>
         <run_address>0x1b3e</run_address>
         <size>0x4</size>
         <input_file_ref idref="fl-cf"/>
      </object_component>
      <object_component id="oc-2c2">
         <name>.text:I2CMasterDataGet</name>
         <load_address>0x1b42</load_address>
         <run_address>0x1b42</run_address>
         <size>0x4</size>
         <input_file_ref idref="fl-cf"/>
      </object_component>
      <object_component id="oc-2d4">
         <name>.text:I2CMasterDataPut</name>
         <load_address>0x1b46</load_address>
         <run_address>0x1b46</run_address>
         <size>0x4</size>
         <input_file_ref idref="fl-cf"/>
      </object_component>
      <object_component id="oc-119">
         <name>.text:_system_pre_init</name>
         <load_address>0x1b4a</load_address>
         <run_address>0x1b4a</run_address>
         <size>0x4</size>
         <input_file_ref idref="fl-c9"/>
      </object_component>
      <object_component id="oc-220">
         <name>.text:abort:abort</name>
         <load_address>0x1b4e</load_address>
         <run_address>0x1b4e</run_address>
         <size>0x4</size>
         <input_file_ref idref="fl-cb"/>
      </object_component>
      <object_component id="oc-184">
         <name>.const:g_pui32GPIOBaseAddrs</name>
         <load_address>0x1b54</load_address>
         <run_address>0x1b54</run_address>
         <size>0x90</size>
         <input_file_ref idref="fl-ce"/>
      </object_component>
      <object_component id="oc-2b7">
         <name>.const</name>
         <load_address>0x1be4</load_address>
         <run_address>0x1be4</run_address>
         <size>0x70</size>
         <input_file_ref idref="fl-d0"/>
      </object_component>
      <object_component id="oc-19b">
         <name>.const:g_pui32Xtals</name>
         <load_address>0x1c54</load_address>
         <run_address>0x1c54</run_address>
         <size>0x6c</size>
         <input_file_ref idref="fl-d1"/>
      </object_component>
      <object_component id="oc-148">
         <name>.const</name>
         <load_address>0x1cc0</load_address>
         <run_address>0x1cc0</run_address>
         <size>0x20</size>
         <input_file_ref idref="fl-d5"/>
      </object_component>
      <object_component id="oc-2a5">
         <name>.const:.string</name>
         <load_address>0x1ce0</load_address>
         <run_address>0x1ce0</run_address>
         <size>0x12</size>
         <input_file_ref idref="fl-3"/>
      </object_component>
      <object_component id="oc-171">
         <name>.const:g_ui32UARTBase</name>
         <load_address>0x1cf4</load_address>
         <run_address>0x1cf4</run_address>
         <size>0xc</size>
         <input_file_ref idref="fl-3"/>
      </object_component>
      <object_component id="oc-16b">
         <name>.const:g_ui32UARTPeriph</name>
         <load_address>0x1d00</load_address>
         <run_address>0x1d00</run_address>
         <size>0xc</size>
         <input_file_ref idref="fl-3"/>
      </object_component>
      <object_component id="oc-179">
         <name>.const</name>
         <load_address>0x1d0c</load_address>
         <run_address>0x1d0c</run_address>
         <size>0x4</size>
         <input_file_ref idref="fl-3"/>
      </object_component>
      <object_component id="oc-362">
         <name>__TI_handler_table</name>
         <load_address>0x1d10</load_address>
         <run_address>0x1d10</run_address>
         <size>0xc</size>
      </object_component>
      <object_component id="oc-365">
         <name>.cinit..bss.load</name>
         <load_address>0x1d20</load_address>
         <run_address>0x1d20</run_address>
         <size>0x8</size>
      </object_component>
      <object_component id="oc-364">
         <name>.cinit..data.load</name>
         <load_address>0x1d28</load_address>
         <run_address>0x1d28</run_address>
         <size>0x7</size>
      </object_component>
      <object_component id="oc-363">
         <name>__TI_cinit_table</name>
         <load_address>0x1d30</load_address>
         <run_address>0x1d30</run_address>
         <size>0x10</size>
      </object_component>
      <object_component id="oc-16e">
         <name>.data</name>
         <load_address>0x20000328</load_address>
         <run_address>0x20000328</run_address>
         <size>0x5</size>
         <input_file_ref idref="fl-3"/>
      </object_component>
      <object_component id="oc-de">
         <name>.common:g_bMPU6050Done</name>
         <uninitialized>true</uninitialized>
         <run_address>0x20000324</run_address>
         <size>0x1</size>
      </object_component>
      <object_component id="oc-e1">
         <name>.common:g_sI2CMSimpleInst</name>
         <uninitialized>true</uninitialized>
         <run_address>0x20000200</run_address>
         <size>0x124</size>
      </object_component>
      <object_component id="oc-21">
         <name>.stack</name>
         <uninitialized>true</uninitialized>
         <run_address>0x20000000</run_address>
         <size>0x4</size>
         <input_file_ref idref="fl-c4"/>
      </object_component>
      <object_component id="oc-366">
         <name>.stack</name>
         <uninitialized>true</uninitialized>
         <run_address>0x20000000</run_address>
         <size>0x0</size>
      </object_component>
      <object_component id="oc-df">
         <name>.debug_info</name>
         <load_address>0x0</load_address>
         <run_address>0x0</run_address>
         <size>0x8db</size>
         <input_file_ref idref="fl-1"/>
      </object_component>
      <object_component id="oc-2b">
         <name>.debug_info</name>
         <load_address>0x8db</load_address>
         <run_address>0x8db</run_address>
         <size>0x6de</size>
         <input_file_ref idref="fl-1"/>
      </object_component>
      <object_component id="oc-206">
         <name>.debug_info</name>
         <load_address>0xfb9</load_address>
         <run_address>0xfb9</run_address>
         <size>0x4e6</size>
         <input_file_ref idref="fl-1"/>
      </object_component>
      <object_component id="oc-e8">
         <name>.debug_info</name>
         <load_address>0x149f</load_address>
         <run_address>0x149f</run_address>
         <size>0x158</size>
         <input_file_ref idref="fl-1"/>
      </object_component>
      <object_component id="oc-f4">
         <name>.debug_info</name>
         <load_address>0x15f7</load_address>
         <run_address>0x15f7</run_address>
         <size>0x26b</size>
         <input_file_ref idref="fl-1"/>
      </object_component>
      <object_component id="oc-e3">
         <name>.debug_info</name>
         <load_address>0x1862</load_address>
         <run_address>0x1862</run_address>
         <size>0x8b</size>
         <input_file_ref idref="fl-1"/>
      </object_component>
      <object_component id="oc-20b">
         <name>.debug_info</name>
         <load_address>0x18ed</load_address>
         <run_address>0x18ed</run_address>
         <size>0x297</size>
         <input_file_ref idref="fl-1"/>
      </object_component>
      <object_component id="oc-ed">
         <name>.debug_info</name>
         <load_address>0x1b84</load_address>
         <run_address>0x1b84</run_address>
         <size>0xef</size>
         <input_file_ref idref="fl-1"/>
      </object_component>
      <object_component id="oc-f9">
         <name>.debug_info</name>
         <load_address>0x1c73</load_address>
         <run_address>0x1c73</run_address>
         <size>0xbb</size>
         <input_file_ref idref="fl-1"/>
      </object_component>
      <object_component id="oc-17e">
         <name>.debug_info</name>
         <load_address>0x1d2e</load_address>
         <run_address>0x1d2e</run_address>
         <size>0x2c</size>
         <input_file_ref idref="fl-1"/>
      </object_component>
      <object_component id="oc-32">
         <name>.debug_info</name>
         <load_address>0x1d5a</load_address>
         <run_address>0x1d5a</run_address>
         <size>0x2dd</size>
         <input_file_ref idref="fl-2"/>
      </object_component>
      <object_component id="oc-10">
         <name>.debug_info</name>
         <load_address>0x2037</load_address>
         <run_address>0x2037</run_address>
         <size>0xec</size>
         <input_file_ref idref="fl-2"/>
      </object_component>
      <object_component id="oc-25">
         <name>.debug_info</name>
         <load_address>0x2123</load_address>
         <run_address>0x2123</run_address>
         <size>0x268</size>
         <input_file_ref idref="fl-2"/>
      </object_component>
      <object_component id="oc-39">
         <name>.debug_info</name>
         <load_address>0x238b</load_address>
         <run_address>0x238b</run_address>
         <size>0x84</size>
         <input_file_ref idref="fl-2"/>
      </object_component>
      <object_component id="oc-17d">
         <name>.debug_info</name>
         <load_address>0x240f</load_address>
         <run_address>0x240f</run_address>
         <size>0x3e1</size>
         <input_file_ref idref="fl-3"/>
      </object_component>
      <object_component id="oc-16f">
         <name>.debug_info</name>
         <load_address>0x27f0</load_address>
         <run_address>0x27f0</run_address>
         <size>0xd8</size>
         <input_file_ref idref="fl-3"/>
      </object_component>
      <object_component id="oc-17a">
         <name>.debug_info</name>
         <load_address>0x28c8</load_address>
         <run_address>0x28c8</run_address>
         <size>0xd2</size>
         <input_file_ref idref="fl-3"/>
      </object_component>
      <object_component id="oc-172">
         <name>.debug_info</name>
         <load_address>0x299a</load_address>
         <run_address>0x299a</run_address>
         <size>0xe0</size>
         <input_file_ref idref="fl-3"/>
      </object_component>
      <object_component id="oc-16c">
         <name>.debug_info</name>
         <load_address>0x2a7a</load_address>
         <run_address>0x2a7a</run_address>
         <size>0xe4</size>
         <input_file_ref idref="fl-3"/>
      </object_component>
      <object_component id="oc-96">
         <name>.debug_info</name>
         <load_address>0x2b5e</load_address>
         <run_address>0x2b5e</run_address>
         <size>0x781</size>
         <input_file_ref idref="fl-3"/>
      </object_component>
      <object_component id="oc-175">
         <name>.debug_info</name>
         <load_address>0x32df</load_address>
         <run_address>0x32df</run_address>
         <size>0x143</size>
         <input_file_ref idref="fl-c0"/>
      </object_component>
      <object_component id="oc-112">
         <name>.debug_info</name>
         <load_address>0x3422</load_address>
         <run_address>0x3422</run_address>
         <size>0x2d5</size>
         <input_file_ref idref="fl-c1"/>
      </object_component>
      <object_component id="oc-4b">
         <name>.debug_info</name>
         <load_address>0x36f7</load_address>
         <run_address>0x36f7</run_address>
         <size>0x1d3</size>
         <input_file_ref idref="fl-c1"/>
      </object_component>
      <object_component id="oc-10d">
         <name>.debug_info</name>
         <load_address>0x38ca</load_address>
         <run_address>0x38ca</run_address>
         <size>0x46</size>
         <input_file_ref idref="fl-c1"/>
      </object_component>
      <object_component id="oc-217">
         <name>.debug_info</name>
         <load_address>0x3910</load_address>
         <run_address>0x3910</run_address>
         <size>0x2c</size>
         <input_file_ref idref="fl-c1"/>
      </object_component>
      <object_component id="oc-49">
         <name>.debug_info</name>
         <load_address>0x393c</load_address>
         <run_address>0x393c</run_address>
         <size>0x2a9</size>
         <input_file_ref idref="fl-c2"/>
      </object_component>
      <object_component id="oc-19">
         <name>.debug_info</name>
         <load_address>0x3be5</load_address>
         <run_address>0x3be5</run_address>
         <size>0x1eb</size>
         <input_file_ref idref="fl-c2"/>
      </object_component>
      <object_component id="oc-44">
         <name>.debug_info</name>
         <load_address>0x3dd0</load_address>
         <run_address>0x3dd0</run_address>
         <size>0x46</size>
         <input_file_ref idref="fl-c2"/>
      </object_component>
      <object_component id="oc-105">
         <name>.debug_info</name>
         <load_address>0x3e16</load_address>
         <run_address>0x3e16</run_address>
         <size>0x2c</size>
         <input_file_ref idref="fl-c2"/>
      </object_component>
      <object_component id="oc-103">
         <name>.debug_info</name>
         <load_address>0x3e42</load_address>
         <run_address>0x3e42</run_address>
         <size>0x29f</size>
         <input_file_ref idref="fl-c3"/>
      </object_component>
      <object_component id="oc-13">
         <name>.debug_info</name>
         <load_address>0x40e1</load_address>
         <run_address>0x40e1</run_address>
         <size>0x251</size>
         <input_file_ref idref="fl-c3"/>
      </object_component>
      <object_component id="oc-34">
         <name>.debug_info</name>
         <load_address>0x4332</load_address>
         <run_address>0x4332</run_address>
         <size>0x60</size>
         <input_file_ref idref="fl-c3"/>
      </object_component>
      <object_component id="oc-210">
         <name>.debug_info</name>
         <load_address>0x4392</load_address>
         <run_address>0x4392</run_address>
         <size>0x46</size>
         <input_file_ref idref="fl-c3"/>
      </object_component>
      <object_component id="oc-fe">
         <name>.debug_info</name>
         <load_address>0x43d8</load_address>
         <run_address>0x43d8</run_address>
         <size>0x39</size>
         <input_file_ref idref="fl-c3"/>
      </object_component>
      <object_component id="oc-22">
         <name>.debug_info</name>
         <load_address>0x4411</load_address>
         <run_address>0x4411</run_address>
         <size>0x10c</size>
         <input_file_ref idref="fl-c4"/>
      </object_component>
      <object_component id="oc-5d">
         <name>.debug_info</name>
         <load_address>0x451d</load_address>
         <run_address>0x451d</run_address>
         <size>0x1aa</size>
         <input_file_ref idref="fl-c4"/>
      </object_component>
      <object_component id="oc-2a0">
         <name>.debug_info</name>
         <load_address>0x46c7</load_address>
         <run_address>0x46c7</run_address>
         <size>0x116</size>
         <input_file_ref idref="fl-c5"/>
      </object_component>
      <object_component id="oc-3f">
         <name>.debug_info</name>
         <load_address>0x47dd</load_address>
         <run_address>0x47dd</run_address>
         <size>0x11a</size>
         <input_file_ref idref="fl-c7"/>
      </object_component>
      <object_component id="oc-2e9">
         <name>.debug_info</name>
         <load_address>0x48f7</load_address>
         <run_address>0x48f7</run_address>
         <size>0x4b4</size>
         <input_file_ref idref="fl-c8"/>
      </object_component>
      <object_component id="oc-22d">
         <name>.debug_info</name>
         <load_address>0x4dab</load_address>
         <run_address>0x4dab</run_address>
         <size>0x1a7</size>
         <input_file_ref idref="fl-c8"/>
      </object_component>
      <object_component id="oc-31b">
         <name>.debug_info</name>
         <load_address>0x4f52</load_address>
         <run_address>0x4f52</run_address>
         <size>0x39</size>
         <input_file_ref idref="fl-c8"/>
      </object_component>
      <object_component id="oc-32f">
         <name>.debug_info</name>
         <load_address>0x4f8b</load_address>
         <run_address>0x4f8b</run_address>
         <size>0x39</size>
         <input_file_ref idref="fl-c8"/>
      </object_component>
      <object_component id="oc-320">
         <name>.debug_info</name>
         <load_address>0x4fc4</load_address>
         <run_address>0x4fc4</run_address>
         <size>0x39</size>
         <input_file_ref idref="fl-c8"/>
      </object_component>
      <object_component id="oc-325">
         <name>.debug_info</name>
         <load_address>0x4ffd</load_address>
         <run_address>0x4ffd</run_address>
         <size>0xcd</size>
         <input_file_ref idref="fl-c8"/>
      </object_component>
      <object_component id="oc-11a">
         <name>.debug_info</name>
         <load_address>0x50ca</load_address>
         <run_address>0x50ca</run_address>
         <size>0x154</size>
         <input_file_ref idref="fl-c9"/>
      </object_component>
      <object_component id="oc-221">
         <name>.debug_info</name>
         <load_address>0x521e</load_address>
         <run_address>0x521e</run_address>
         <size>0x123</size>
         <input_file_ref idref="fl-cb"/>
      </object_component>
      <object_component id="oc-188">
         <name>.debug_info</name>
         <load_address>0x5341</load_address>
         <run_address>0x5341</run_address>
         <size>0x240</size>
         <input_file_ref idref="fl-ce"/>
      </object_component>
      <object_component id="oc-185">
         <name>.debug_info</name>
         <load_address>0x5581</load_address>
         <run_address>0x5581</run_address>
         <size>0x15b</size>
         <input_file_ref idref="fl-ce"/>
      </object_component>
      <object_component id="oc-18a">
         <name>.debug_info</name>
         <load_address>0x56dc</load_address>
         <run_address>0x56dc</run_address>
         <size>0x2b3</size>
         <input_file_ref idref="fl-ce"/>
      </object_component>
      <object_component id="oc-190">
         <name>.debug_info</name>
         <load_address>0x598f</load_address>
         <run_address>0x598f</run_address>
         <size>0x316</size>
         <input_file_ref idref="fl-ce"/>
      </object_component>
      <object_component id="oc-a8">
         <name>.debug_info</name>
         <load_address>0x5ca5</load_address>
         <run_address>0x5ca5</run_address>
         <size>0x27b</size>
         <input_file_ref idref="fl-ce"/>
      </object_component>
      <object_component id="oc-ba">
         <name>.debug_info</name>
         <load_address>0x5f20</load_address>
         <run_address>0x5f20</run_address>
         <size>0x27f</size>
         <input_file_ref idref="fl-ce"/>
      </object_component>
      <object_component id="oc-c0">
         <name>.debug_info</name>
         <load_address>0x619f</load_address>
         <run_address>0x619f</run_address>
         <size>0x279</size>
         <input_file_ref idref="fl-ce"/>
      </object_component>
      <object_component id="oc-a2">
         <name>.debug_info</name>
         <load_address>0x6418</load_address>
         <run_address>0x6418</run_address>
         <size>0x280</size>
         <input_file_ref idref="fl-ce"/>
      </object_component>
      <object_component id="oc-12c">
         <name>.debug_info</name>
         <load_address>0x6698</load_address>
         <run_address>0x6698</run_address>
         <size>0x18b</size>
         <input_file_ref idref="fl-ce"/>
      </object_component>
      <object_component id="oc-1a6">
         <name>.debug_info</name>
         <load_address>0x6823</load_address>
         <run_address>0x6823</run_address>
         <size>0x231</size>
         <input_file_ref idref="fl-cf"/>
      </object_component>
      <object_component id="oc-2cd">
         <name>.debug_info</name>
         <load_address>0x6a54</load_address>
         <run_address>0x6a54</run_address>
         <size>0x2ce</size>
         <input_file_ref idref="fl-cf"/>
      </object_component>
      <object_component id="oc-1ae">
         <name>.debug_info</name>
         <load_address>0x6d22</load_address>
         <run_address>0x6d22</run_address>
         <size>0x29a</size>
         <input_file_ref idref="fl-cf"/>
      </object_component>
      <object_component id="oc-1b6">
         <name>.debug_info</name>
         <load_address>0x6fbc</load_address>
         <run_address>0x6fbc</run_address>
         <size>0x252</size>
         <input_file_ref idref="fl-cf"/>
      </object_component>
      <object_component id="oc-1a0">
         <name>.debug_info</name>
         <load_address>0x720e</load_address>
         <run_address>0x720e</run_address>
         <size>0x24e</size>
         <input_file_ref idref="fl-cf"/>
      </object_component>
      <object_component id="oc-cc">
         <name>.debug_info</name>
         <load_address>0x745c</load_address>
         <run_address>0x745c</run_address>
         <size>0x2d5</size>
         <input_file_ref idref="fl-cf"/>
      </object_component>
      <object_component id="oc-2d5">
         <name>.debug_info</name>
         <load_address>0x7731</load_address>
         <run_address>0x7731</run_address>
         <size>0x27e</size>
         <input_file_ref idref="fl-cf"/>
      </object_component>
      <object_component id="oc-2c3">
         <name>.debug_info</name>
         <load_address>0x79af</load_address>
         <run_address>0x79af</run_address>
         <size>0x254</size>
         <input_file_ref idref="fl-cf"/>
      </object_component>
      <object_component id="oc-1bc">
         <name>.debug_info</name>
         <load_address>0x7c03</load_address>
         <run_address>0x7c03</run_address>
         <size>0x27e</size>
         <input_file_ref idref="fl-cf"/>
      </object_component>
      <object_component id="oc-2bb">
         <name>.debug_info</name>
         <load_address>0x7e81</load_address>
         <run_address>0x7e81</run_address>
         <size>0x20e</size>
         <input_file_ref idref="fl-d0"/>
      </object_component>
      <object_component id="oc-2b8">
         <name>.debug_info</name>
         <load_address>0x808f</load_address>
         <run_address>0x808f</run_address>
         <size>0x210</size>
         <input_file_ref idref="fl-d0"/>
      </object_component>
      <object_component id="oc-272">
         <name>.debug_info</name>
         <load_address>0x829f</load_address>
         <run_address>0x829f</run_address>
         <size>0x26a</size>
         <input_file_ref idref="fl-d0"/>
      </object_component>
      <object_component id="oc-266">
         <name>.debug_info</name>
         <load_address>0x8509</load_address>
         <run_address>0x8509</run_address>
         <size>0x2a1</size>
         <input_file_ref idref="fl-d0"/>
      </object_component>
      <object_component id="oc-1a8">
         <name>.debug_info</name>
         <load_address>0x87aa</load_address>
         <run_address>0x87aa</run_address>
         <size>0x268</size>
         <input_file_ref idref="fl-d0"/>
      </object_component>
      <object_component id="oc-26c">
         <name>.debug_info</name>
         <load_address>0x8a12</load_address>
         <run_address>0x8a12</run_address>
         <size>0x26a</size>
         <input_file_ref idref="fl-d0"/>
      </object_component>
      <object_component id="oc-131">
         <name>.debug_info</name>
         <load_address>0x8c7c</load_address>
         <run_address>0x8c7c</run_address>
         <size>0x298</size>
         <input_file_ref idref="fl-d1"/>
      </object_component>
      <object_component id="oc-19c">
         <name>.debug_info</name>
         <load_address>0x8f14</load_address>
         <run_address>0x8f14</run_address>
         <size>0x14d</size>
         <input_file_ref idref="fl-d1"/>
      </object_component>
      <object_component id="oc-b4">
         <name>.debug_info</name>
         <load_address>0x9061</load_address>
         <run_address>0x9061</run_address>
         <size>0x295</size>
         <input_file_ref idref="fl-d1"/>
      </object_component>
      <object_component id="oc-14e">
         <name>.debug_info</name>
         <load_address>0x92f6</load_address>
         <run_address>0x92f6</run_address>
         <size>0x283</size>
         <input_file_ref idref="fl-d1"/>
      </object_component>
      <object_component id="oc-9c">
         <name>.debug_info</name>
         <load_address>0x9579</load_address>
         <run_address>0x9579</run_address>
         <size>0x27d</size>
         <input_file_ref idref="fl-d1"/>
      </object_component>
      <object_component id="oc-72">
         <name>.debug_info</name>
         <load_address>0x97f6</load_address>
         <run_address>0x97f6</run_address>
         <size>0x2db</size>
         <input_file_ref idref="fl-d1"/>
      </object_component>
      <object_component id="oc-c6">
         <name>.debug_info</name>
         <load_address>0x9ad1</load_address>
         <run_address>0x9ad1</run_address>
         <size>0x2b5</size>
         <input_file_ref idref="fl-d1"/>
      </object_component>
      <object_component id="oc-260">
         <name>.debug_info</name>
         <load_address>0x9d86</load_address>
         <run_address>0x9d86</run_address>
         <size>0x5f</size>
         <input_file_ref idref="fl-d1"/>
      </object_component>
      <object_component id="oc-197">
         <name>.debug_info</name>
         <load_address>0x9de5</load_address>
         <run_address>0x9de5</run_address>
         <size>0x227</size>
         <input_file_ref idref="fl-d2"/>
      </object_component>
      <object_component id="oc-15a">
         <name>.debug_info</name>
         <load_address>0xa00c</load_address>
         <run_address>0xa00c</run_address>
         <size>0x247</size>
         <input_file_ref idref="fl-d2"/>
      </object_component>
      <object_component id="oc-290">
         <name>.debug_info</name>
         <load_address>0xa253</load_address>
         <run_address>0xa253</run_address>
         <size>0x249</size>
         <input_file_ref idref="fl-d2"/>
      </object_component>
      <object_component id="oc-154">
         <name>.debug_info</name>
         <load_address>0xa49c</load_address>
         <run_address>0xa49c</run_address>
         <size>0x326</size>
         <input_file_ref idref="fl-d2"/>
      </object_component>
      <object_component id="oc-ae">
         <name>.debug_info</name>
         <load_address>0xa7c2</load_address>
         <run_address>0xa7c2</run_address>
         <size>0x291</size>
         <input_file_ref idref="fl-d2"/>
      </object_component>
      <object_component id="oc-160">
         <name>.debug_info</name>
         <load_address>0xaa53</load_address>
         <run_address>0xaa53</run_address>
         <size>0x273</size>
         <input_file_ref idref="fl-d2"/>
      </object_component>
      <object_component id="oc-166">
         <name>.debug_info</name>
         <load_address>0xacc6</load_address>
         <run_address>0xacc6</run_address>
         <size>0x24d</size>
         <input_file_ref idref="fl-d2"/>
      </object_component>
      <object_component id="oc-1b4">
         <name>.debug_info</name>
         <load_address>0xaf13</load_address>
         <run_address>0xaf13</run_address>
         <size>0x44b</size>
         <input_file_ref idref="fl-d4"/>
      </object_component>
      <object_component id="oc-133">
         <name>.debug_info</name>
         <load_address>0xb35e</load_address>
         <run_address>0xb35e</run_address>
         <size>0x484</size>
         <input_file_ref idref="fl-d4"/>
      </object_component>
      <object_component id="oc-286">
         <name>.debug_info</name>
         <load_address>0xb7e2</load_address>
         <run_address>0xb7e2</run_address>
         <size>0x2f2</size>
         <input_file_ref idref="fl-d4"/>
      </object_component>
      <object_component id="oc-141">
         <name>.debug_info</name>
         <load_address>0xbad4</load_address>
         <run_address>0xbad4</run_address>
         <size>0x3a4</size>
         <input_file_ref idref="fl-d4"/>
      </object_component>
      <object_component id="oc-1c2">
         <name>.debug_info</name>
         <load_address>0xbe78</load_address>
         <run_address>0xbe78</run_address>
         <size>0x32c</size>
         <input_file_ref idref="fl-d4"/>
      </object_component>
      <object_component id="oc-1c8">
         <name>.debug_info</name>
         <load_address>0xc1a4</load_address>
         <run_address>0xc1a4</run_address>
         <size>0x2a1</size>
         <input_file_ref idref="fl-d4"/>
      </object_component>
      <object_component id="oc-1ce">
         <name>.debug_info</name>
         <load_address>0xc445</load_address>
         <run_address>0xc445</run_address>
         <size>0x2ba</size>
         <input_file_ref idref="fl-d4"/>
      </object_component>
      <object_component id="oc-1d4">
         <name>.debug_info</name>
         <load_address>0xc6ff</load_address>
         <run_address>0xc6ff</run_address>
         <size>0x2c7</size>
         <input_file_ref idref="fl-d4"/>
      </object_component>
      <object_component id="oc-1da">
         <name>.debug_info</name>
         <load_address>0xc9c6</load_address>
         <run_address>0xc9c6</run_address>
         <size>0x2c5</size>
         <input_file_ref idref="fl-d4"/>
      </object_component>
      <object_component id="oc-1e0">
         <name>.debug_info</name>
         <load_address>0xcc8b</load_address>
         <run_address>0xcc8b</run_address>
         <size>0x2bf</size>
         <input_file_ref idref="fl-d4"/>
      </object_component>
      <object_component id="oc-1e6">
         <name>.debug_info</name>
         <load_address>0xcf4a</load_address>
         <run_address>0xcf4a</run_address>
         <size>0x2bb</size>
         <input_file_ref idref="fl-d4"/>
      </object_component>
      <object_component id="oc-1ec">
         <name>.debug_info</name>
         <load_address>0xd205</load_address>
         <run_address>0xd205</run_address>
         <size>0x2ea</size>
         <input_file_ref idref="fl-d4"/>
      </object_component>
      <object_component id="oc-1f2">
         <name>.debug_info</name>
         <load_address>0xd4ef</load_address>
         <run_address>0xd4ef</run_address>
         <size>0x2e0</size>
         <input_file_ref idref="fl-d4"/>
      </object_component>
      <object_component id="oc-1f8">
         <name>.debug_info</name>
         <load_address>0xd7cf</load_address>
         <run_address>0xd7cf</run_address>
         <size>0x2c7</size>
         <input_file_ref idref="fl-d4"/>
      </object_component>
      <object_component id="oc-1fe">
         <name>.debug_info</name>
         <load_address>0xda96</load_address>
         <run_address>0xda96</run_address>
         <size>0x32d</size>
         <input_file_ref idref="fl-d4"/>
      </object_component>
      <object_component id="oc-d8">
         <name>.debug_info</name>
         <load_address>0xddc3</load_address>
         <run_address>0xddc3</run_address>
         <size>0x3f3</size>
         <input_file_ref idref="fl-d4"/>
      </object_component>
      <object_component id="oc-d2">
         <name>.debug_info</name>
         <load_address>0xe1b6</load_address>
         <run_address>0xe1b6</run_address>
         <size>0x350</size>
         <input_file_ref idref="fl-d4"/>
      </object_component>
      <object_component id="oc-27b">
         <name>.debug_info</name>
         <load_address>0xe506</load_address>
         <run_address>0xe506</run_address>
         <size>0x4e6</size>
         <input_file_ref idref="fl-d4"/>
      </object_component>
      <object_component id="oc-13f">
         <name>.debug_info</name>
         <load_address>0xe9ec</load_address>
         <run_address>0xe9ec</run_address>
         <size>0x374</size>
         <input_file_ref idref="fl-d5"/>
      </object_component>
      <object_component id="oc-149">
         <name>.debug_info</name>
         <load_address>0xed60</load_address>
         <run_address>0xed60</run_address>
         <size>0x19c</size>
         <input_file_ref idref="fl-d5"/>
      </object_component>
      <object_component id="oc-7e">
         <name>.debug_info</name>
         <load_address>0xeefc</load_address>
         <run_address>0xeefc</run_address>
         <size>0x34f</size>
         <input_file_ref idref="fl-d5"/>
      </object_component>
      <object_component id="oc-78">
         <name>.debug_info</name>
         <load_address>0xf24b</load_address>
         <run_address>0xf24b</run_address>
         <size>0x334</size>
         <input_file_ref idref="fl-d5"/>
      </object_component>
      <object_component id="oc-84">
         <name>.debug_info</name>
         <load_address>0xf57f</load_address>
         <run_address>0xf57f</run_address>
         <size>0x2f0</size>
         <input_file_ref idref="fl-d5"/>
      </object_component>
      <object_component id="oc-90">
         <name>.debug_info</name>
         <load_address>0xf86f</load_address>
         <run_address>0xf86f</run_address>
         <size>0x304</size>
         <input_file_ref idref="fl-d5"/>
      </object_component>
      <object_component id="oc-8a">
         <name>.debug_info</name>
         <load_address>0xfb73</load_address>
         <run_address>0xfb73</run_address>
         <size>0x312</size>
         <input_file_ref idref="fl-d5"/>
      </object_component>
      <object_component id="oc-139">
         <name>.debug_info</name>
         <load_address>0xfe85</load_address>
         <run_address>0xfe85</run_address>
         <size>0x2c0</size>
         <input_file_ref idref="fl-d5"/>
      </object_component>
      <object_component id="oc-280">
         <name>.debug_info</name>
         <load_address>0x10145</load_address>
         <run_address>0x10145</run_address>
         <size>0x158</size>
         <input_file_ref idref="fl-d5"/>
      </object_component>
      <object_component id="oc-367">
         <name>.debug_info</name>
         <load_address>0x1029d</load_address>
         <run_address>0x1029d</run_address>
         <size>0x9f</size>
      </object_component>
      <object_component id="oc-205">
         <name>.debug_line</name>
         <load_address>0x0</load_address>
         <run_address>0x0</run_address>
         <size>0x1eb</size>
         <input_file_ref idref="fl-1"/>
      </object_component>
      <object_component id="oc-2e">
         <name>.debug_line</name>
         <load_address>0x1eb</load_address>
         <run_address>0x1eb</run_address>
         <size>0x127</size>
         <input_file_ref idref="fl-1"/>
      </object_component>
      <object_component id="oc-209">
         <name>.debug_line</name>
         <load_address>0x312</load_address>
         <run_address>0x312</run_address>
         <size>0x6a</size>
         <input_file_ref idref="fl-1"/>
      </object_component>
      <object_component id="oc-eb">
         <name>.debug_line</name>
         <load_address>0x37c</load_address>
         <run_address>0x37c</run_address>
         <size>0x69</size>
         <input_file_ref idref="fl-1"/>
      </object_component>
      <object_component id="oc-f7">
         <name>.debug_line</name>
         <load_address>0x3e5</load_address>
         <run_address>0x3e5</run_address>
         <size>0x7a</size>
         <input_file_ref idref="fl-1"/>
      </object_component>
      <object_component id="oc-e6">
         <name>.debug_line</name>
         <load_address>0x45f</load_address>
         <run_address>0x45f</run_address>
         <size>0x20</size>
         <input_file_ref idref="fl-1"/>
      </object_component>
      <object_component id="oc-20e">
         <name>.debug_line</name>
         <load_address>0x47f</load_address>
         <run_address>0x47f</run_address>
         <size>0x7e</size>
         <input_file_ref idref="fl-1"/>
      </object_component>
      <object_component id="oc-f0">
         <name>.debug_line</name>
         <load_address>0x4fd</load_address>
         <run_address>0x4fd</run_address>
         <size>0x7a</size>
         <input_file_ref idref="fl-1"/>
      </object_component>
      <object_component id="oc-fc">
         <name>.debug_line</name>
         <load_address>0x577</load_address>
         <run_address>0x577</run_address>
         <size>0x7b</size>
         <input_file_ref idref="fl-1"/>
      </object_component>
      <object_component id="oc-181">
         <name>.debug_line</name>
         <load_address>0x5f2</load_address>
         <run_address>0x5f2</run_address>
         <size>0x76</size>
         <input_file_ref idref="fl-1"/>
      </object_component>
      <object_component id="oc-f3">
         <name>.debug_line</name>
         <load_address>0x668</load_address>
         <run_address>0x668</run_address>
         <size>0x41</size>
         <input_file_ref idref="fl-2"/>
      </object_component>
      <object_component id="oc-31">
         <name>.debug_line</name>
         <load_address>0x6a9</load_address>
         <run_address>0x6a9</run_address>
         <size>0x41</size>
         <input_file_ref idref="fl-2"/>
      </object_component>
      <object_component id="oc-28">
         <name>.debug_line</name>
         <load_address>0x6ea</load_address>
         <run_address>0x6ea</run_address>
         <size>0xa1</size>
         <input_file_ref idref="fl-2"/>
      </object_component>
      <object_component id="oc-3c">
         <name>.debug_line</name>
         <load_address>0x78b</load_address>
         <run_address>0x78b</run_address>
         <size>0x20</size>
         <input_file_ref idref="fl-2"/>
      </object_component>
      <object_component id="oc-2a9">
         <name>.debug_line</name>
         <load_address>0x7ab</load_address>
         <run_address>0x7ab</run_address>
         <size>0xae</size>
         <input_file_ref idref="fl-3"/>
      </object_component>
      <object_component id="oc-29c">
         <name>.debug_line</name>
         <load_address>0x859</load_address>
         <run_address>0x859</run_address>
         <size>0x32</size>
         <input_file_ref idref="fl-3"/>
      </object_component>
      <object_component id="oc-2a7">
         <name>.debug_line</name>
         <load_address>0x88b</load_address>
         <run_address>0x88b</run_address>
         <size>0x32</size>
         <input_file_ref idref="fl-3"/>
      </object_component>
      <object_component id="oc-29e">
         <name>.debug_line</name>
         <load_address>0x8bd</load_address>
         <run_address>0x8bd</run_address>
         <size>0x32</size>
         <input_file_ref idref="fl-3"/>
      </object_component>
      <object_component id="oc-29a">
         <name>.debug_line</name>
         <load_address>0x8ef</load_address>
         <run_address>0x8ef</run_address>
         <size>0x32</size>
         <input_file_ref idref="fl-3"/>
      </object_component>
      <object_component id="oc-99">
         <name>.debug_line</name>
         <load_address>0x921</load_address>
         <run_address>0x921</run_address>
         <size>0x283</size>
         <input_file_ref idref="fl-3"/>
      </object_component>
      <object_component id="oc-178">
         <name>.debug_line</name>
         <load_address>0xba4</load_address>
         <run_address>0xba4</run_address>
         <size>0x5b</size>
         <input_file_ref idref="fl-c0"/>
      </object_component>
      <object_component id="oc-21d">
         <name>.debug_line</name>
         <load_address>0xbff</load_address>
         <run_address>0xbff</run_address>
         <size>0x92</size>
         <input_file_ref idref="fl-c1"/>
      </object_component>
      <object_component id="oc-4e">
         <name>.debug_line</name>
         <load_address>0xc91</load_address>
         <run_address>0xc91</run_address>
         <size>0x56</size>
         <input_file_ref idref="fl-c1"/>
      </object_component>
      <object_component id="oc-110">
         <name>.debug_line</name>
         <load_address>0xce7</load_address>
         <run_address>0xce7</run_address>
         <size>0x34</size>
         <input_file_ref idref="fl-c1"/>
      </object_component>
      <object_component id="oc-21a">
         <name>.debug_line</name>
         <load_address>0xd1b</load_address>
         <run_address>0xd1b</run_address>
         <size>0x92</size>
         <input_file_ref idref="fl-c1"/>
      </object_component>
      <object_component id="oc-10b">
         <name>.debug_line</name>
         <load_address>0xdad</load_address>
         <run_address>0xdad</run_address>
         <size>0x20</size>
         <input_file_ref idref="fl-c2"/>
      </object_component>
      <object_component id="oc-1c">
         <name>.debug_line</name>
         <load_address>0xdcd</load_address>
         <run_address>0xdcd</run_address>
         <size>0x55</size>
         <input_file_ref idref="fl-c2"/>
      </object_component>
      <object_component id="oc-47">
         <name>.debug_line</name>
         <load_address>0xe22</load_address>
         <run_address>0xe22</run_address>
         <size>0x3a</size>
         <input_file_ref idref="fl-c2"/>
      </object_component>
      <object_component id="oc-108">
         <name>.debug_line</name>
         <load_address>0xe5c</load_address>
         <run_address>0xe5c</run_address>
         <size>0x92</size>
         <input_file_ref idref="fl-c2"/>
      </object_component>
      <object_component id="oc-216">
         <name>.debug_line</name>
         <load_address>0xeee</load_address>
         <run_address>0xeee</run_address>
         <size>0x20</size>
         <input_file_ref idref="fl-c3"/>
      </object_component>
      <object_component id="oc-16">
         <name>.debug_line</name>
         <load_address>0xf0e</load_address>
         <run_address>0xf0e</run_address>
         <size>0xa9</size>
         <input_file_ref idref="fl-c3"/>
      </object_component>
      <object_component id="oc-37">
         <name>.debug_line</name>
         <load_address>0xfb7</load_address>
         <run_address>0xfb7</run_address>
         <size>0x3a</size>
         <input_file_ref idref="fl-c3"/>
      </object_component>
      <object_component id="oc-213">
         <name>.debug_line</name>
         <load_address>0xff1</load_address>
         <run_address>0xff1</run_address>
         <size>0x9a</size>
         <input_file_ref idref="fl-c3"/>
      </object_component>
      <object_component id="oc-101">
         <name>.debug_line</name>
         <load_address>0x108b</load_address>
         <run_address>0x108b</run_address>
         <size>0x96</size>
         <input_file_ref idref="fl-c3"/>
      </object_component>
      <object_component id="oc-6f">
         <name>.debug_line</name>
         <load_address>0x1121</load_address>
         <run_address>0x1121</run_address>
         <size>0x33</size>
         <input_file_ref idref="fl-c4"/>
      </object_component>
      <object_component id="oc-60">
         <name>.debug_line</name>
         <load_address>0x1154</load_address>
         <run_address>0x1154</run_address>
         <size>0x45</size>
         <input_file_ref idref="fl-c4"/>
      </object_component>
      <object_component id="oc-2a3">
         <name>.debug_line</name>
         <load_address>0x1199</load_address>
         <run_address>0x1199</run_address>
         <size>0x37</size>
         <input_file_ref idref="fl-c5"/>
      </object_component>
      <object_component id="oc-42">
         <name>.debug_line</name>
         <load_address>0x11d0</load_address>
         <run_address>0x11d0</run_address>
         <size>0x88</size>
         <input_file_ref idref="fl-c7"/>
      </object_component>
      <object_component id="oc-31a">
         <name>.debug_line</name>
         <load_address>0x1258</load_address>
         <run_address>0x1258</run_address>
         <size>0xbf</size>
         <input_file_ref idref="fl-c8"/>
      </object_component>
      <object_component id="oc-230">
         <name>.debug_line</name>
         <load_address>0x1317</load_address>
         <run_address>0x1317</run_address>
         <size>0x6f</size>
         <input_file_ref idref="fl-c8"/>
      </object_component>
      <object_component id="oc-31e">
         <name>.debug_line</name>
         <load_address>0x1386</load_address>
         <run_address>0x1386</run_address>
         <size>0x2e</size>
         <input_file_ref idref="fl-c8"/>
      </object_component>
      <object_component id="oc-332">
         <name>.debug_line</name>
         <load_address>0x13b4</load_address>
         <run_address>0x13b4</run_address>
         <size>0x9a</size>
         <input_file_ref idref="fl-c8"/>
      </object_component>
      <object_component id="oc-323">
         <name>.debug_line</name>
         <load_address>0x144e</load_address>
         <run_address>0x144e</run_address>
         <size>0x97</size>
         <input_file_ref idref="fl-c8"/>
      </object_component>
      <object_component id="oc-328">
         <name>.debug_line</name>
         <load_address>0x14e5</load_address>
         <run_address>0x14e5</run_address>
         <size>0x93</size>
         <input_file_ref idref="fl-c8"/>
      </object_component>
      <object_component id="oc-11d">
         <name>.debug_line</name>
         <load_address>0x1578</load_address>
         <run_address>0x1578</run_address>
         <size>0x40</size>
         <input_file_ref idref="fl-c9"/>
      </object_component>
      <object_component id="oc-224">
         <name>.debug_line</name>
         <load_address>0x15b8</load_address>
         <run_address>0x15b8</run_address>
         <size>0x3c</size>
         <input_file_ref idref="fl-cb"/>
      </object_component>
      <object_component id="oc-2ad">
         <name>.debug_line</name>
         <load_address>0x15f4</load_address>
         <run_address>0x15f4</run_address>
         <size>0x82</size>
         <input_file_ref idref="fl-ce"/>
      </object_component>
      <object_component id="oc-2ab">
         <name>.debug_line</name>
         <load_address>0x1676</load_address>
         <run_address>0x1676</run_address>
         <size>0x7d</size>
         <input_file_ref idref="fl-ce"/>
      </object_component>
      <object_component id="oc-18d">
         <name>.debug_line</name>
         <load_address>0x16f3</load_address>
         <run_address>0x16f3</run_address>
         <size>0x95</size>
         <input_file_ref idref="fl-ce"/>
      </object_component>
      <object_component id="oc-193">
         <name>.debug_line</name>
         <load_address>0x1788</load_address>
         <run_address>0x1788</run_address>
         <size>0xd1</size>
         <input_file_ref idref="fl-ce"/>
      </object_component>
      <object_component id="oc-ab">
         <name>.debug_line</name>
         <load_address>0x1859</load_address>
         <run_address>0x1859</run_address>
         <size>0x93</size>
         <input_file_ref idref="fl-ce"/>
      </object_component>
      <object_component id="oc-bd">
         <name>.debug_line</name>
         <load_address>0x18ec</load_address>
         <run_address>0x18ec</run_address>
         <size>0x93</size>
         <input_file_ref idref="fl-ce"/>
      </object_component>
      <object_component id="oc-c3">
         <name>.debug_line</name>
         <load_address>0x197f</load_address>
         <run_address>0x197f</run_address>
         <size>0x93</size>
         <input_file_ref idref="fl-ce"/>
      </object_component>
      <object_component id="oc-a5">
         <name>.debug_line</name>
         <load_address>0x1a12</load_address>
         <run_address>0x1a12</run_address>
         <size>0xa7</size>
         <input_file_ref idref="fl-ce"/>
      </object_component>
      <object_component id="oc-12f">
         <name>.debug_line</name>
         <load_address>0x1ab9</load_address>
         <run_address>0x1ab9</run_address>
         <size>0x69</size>
         <input_file_ref idref="fl-ce"/>
      </object_component>
      <object_component id="oc-2b6">
         <name>.debug_line</name>
         <load_address>0x1b22</load_address>
         <run_address>0x1b22</run_address>
         <size>0x82</size>
         <input_file_ref idref="fl-cf"/>
      </object_component>
      <object_component id="oc-2d0">
         <name>.debug_line</name>
         <load_address>0x1ba4</load_address>
         <run_address>0x1ba4</run_address>
         <size>0x91</size>
         <input_file_ref idref="fl-cf"/>
      </object_component>
      <object_component id="oc-1b1">
         <name>.debug_line</name>
         <load_address>0x1c35</load_address>
         <run_address>0x1c35</run_address>
         <size>0x91</size>
         <input_file_ref idref="fl-cf"/>
      </object_component>
      <object_component id="oc-1b9">
         <name>.debug_line</name>
         <load_address>0x1cc6</load_address>
         <run_address>0x1cc6</run_address>
         <size>0x92</size>
         <input_file_ref idref="fl-cf"/>
      </object_component>
      <object_component id="oc-1a3">
         <name>.debug_line</name>
         <load_address>0x1d58</load_address>
         <run_address>0x1d58</run_address>
         <size>0x91</size>
         <input_file_ref idref="fl-cf"/>
      </object_component>
      <object_component id="oc-cf">
         <name>.debug_line</name>
         <load_address>0x1de9</load_address>
         <run_address>0x1de9</run_address>
         <size>0xa5</size>
         <input_file_ref idref="fl-cf"/>
      </object_component>
      <object_component id="oc-2d8">
         <name>.debug_line</name>
         <load_address>0x1e8e</load_address>
         <run_address>0x1e8e</run_address>
         <size>0x91</size>
         <input_file_ref idref="fl-cf"/>
      </object_component>
      <object_component id="oc-2c6">
         <name>.debug_line</name>
         <load_address>0x1f1f</load_address>
         <run_address>0x1f1f</run_address>
         <size>0x91</size>
         <input_file_ref idref="fl-cf"/>
      </object_component>
      <object_component id="oc-1bf">
         <name>.debug_line</name>
         <load_address>0x1fb0</load_address>
         <run_address>0x1fb0</run_address>
         <size>0x91</size>
         <input_file_ref idref="fl-cf"/>
      </object_component>
      <object_component id="oc-307">
         <name>.debug_line</name>
         <load_address>0x2041</load_address>
         <run_address>0x2041</run_address>
         <size>0x7c</size>
         <input_file_ref idref="fl-d0"/>
      </object_component>
      <object_component id="oc-305">
         <name>.debug_line</name>
         <load_address>0x20bd</load_address>
         <run_address>0x20bd</run_address>
         <size>0x82</size>
         <input_file_ref idref="fl-d0"/>
      </object_component>
      <object_component id="oc-275">
         <name>.debug_line</name>
         <load_address>0x213f</load_address>
         <run_address>0x213f</run_address>
         <size>0x97</size>
         <input_file_ref idref="fl-d0"/>
      </object_component>
      <object_component id="oc-269">
         <name>.debug_line</name>
         <load_address>0x21d6</load_address>
         <run_address>0x21d6</run_address>
         <size>0xb8</size>
         <input_file_ref idref="fl-d0"/>
      </object_component>
      <object_component id="oc-1ab">
         <name>.debug_line</name>
         <load_address>0x228e</load_address>
         <run_address>0x228e</run_address>
         <size>0xc2</size>
         <input_file_ref idref="fl-d0"/>
      </object_component>
      <object_component id="oc-26f">
         <name>.debug_line</name>
         <load_address>0x2350</load_address>
         <run_address>0x2350</run_address>
         <size>0xc2</size>
         <input_file_ref idref="fl-d0"/>
      </object_component>
      <object_component id="oc-25f">
         <name>.debug_line</name>
         <load_address>0x2412</load_address>
         <run_address>0x2412</run_address>
         <size>0x13d</size>
         <input_file_ref idref="fl-d1"/>
      </object_component>
      <object_component id="oc-2b3">
         <name>.debug_line</name>
         <load_address>0x254f</load_address>
         <run_address>0x254f</run_address>
         <size>0x7f</size>
         <input_file_ref idref="fl-d1"/>
      </object_component>
      <object_component id="oc-b7">
         <name>.debug_line</name>
         <load_address>0x25ce</load_address>
         <run_address>0x25ce</run_address>
         <size>0xa7</size>
         <input_file_ref idref="fl-d1"/>
      </object_component>
      <object_component id="oc-151">
         <name>.debug_line</name>
         <load_address>0x2675</load_address>
         <run_address>0x2675</run_address>
         <size>0x94</size>
         <input_file_ref idref="fl-d1"/>
      </object_component>
      <object_component id="oc-9f">
         <name>.debug_line</name>
         <load_address>0x2709</load_address>
         <run_address>0x2709</run_address>
         <size>0x94</size>
         <input_file_ref idref="fl-d1"/>
      </object_component>
      <object_component id="oc-75">
         <name>.debug_line</name>
         <load_address>0x279d</load_address>
         <run_address>0x279d</run_address>
         <size>0xee</size>
         <input_file_ref idref="fl-d1"/>
      </object_component>
      <object_component id="oc-c9">
         <name>.debug_line</name>
         <load_address>0x288b</load_address>
         <run_address>0x288b</run_address>
         <size>0x11a</size>
         <input_file_ref idref="fl-d1"/>
      </object_component>
      <object_component id="oc-263">
         <name>.debug_line</name>
         <load_address>0x29a5</load_address>
         <run_address>0x29a5</run_address>
         <size>0x7f</size>
         <input_file_ref idref="fl-d1"/>
      </object_component>
      <object_component id="oc-2b1">
         <name>.debug_line</name>
         <load_address>0x2a24</load_address>
         <run_address>0x2a24</run_address>
         <size>0x82</size>
         <input_file_ref idref="fl-d2"/>
      </object_component>
      <object_component id="oc-15d">
         <name>.debug_line</name>
         <load_address>0x2aa6</load_address>
         <run_address>0x2aa6</run_address>
         <size>0x93</size>
         <input_file_ref idref="fl-d2"/>
      </object_component>
      <object_component id="oc-293">
         <name>.debug_line</name>
         <load_address>0x2b39</load_address>
         <run_address>0x2b39</run_address>
         <size>0x96</size>
         <input_file_ref idref="fl-d2"/>
      </object_component>
      <object_component id="oc-157">
         <name>.debug_line</name>
         <load_address>0x2bcf</load_address>
         <run_address>0x2bcf</run_address>
         <size>0xb3</size>
         <input_file_ref idref="fl-d2"/>
      </object_component>
      <object_component id="oc-b1">
         <name>.debug_line</name>
         <load_address>0x2c82</load_address>
         <run_address>0x2c82</run_address>
         <size>0x92</size>
         <input_file_ref idref="fl-d2"/>
      </object_component>
      <object_component id="oc-163">
         <name>.debug_line</name>
         <load_address>0x2d14</load_address>
         <run_address>0x2d14</run_address>
         <size>0x93</size>
         <input_file_ref idref="fl-d2"/>
      </object_component>
      <object_component id="oc-169">
         <name>.debug_line</name>
         <load_address>0x2da7</load_address>
         <run_address>0x2da7</run_address>
         <size>0x93</size>
         <input_file_ref idref="fl-d2"/>
      </object_component>
      <object_component id="oc-2be">
         <name>.debug_line</name>
         <load_address>0x2e3a</load_address>
         <run_address>0x2e3a</run_address>
         <size>0xde</size>
         <input_file_ref idref="fl-d4"/>
      </object_component>
      <object_component id="oc-136">
         <name>.debug_line</name>
         <load_address>0x2f18</load_address>
         <run_address>0x2f18</run_address>
         <size>0xdb</size>
         <input_file_ref idref="fl-d4"/>
      </object_component>
      <object_component id="oc-289">
         <name>.debug_line</name>
         <load_address>0x2ff3</load_address>
         <run_address>0x2ff3</run_address>
         <size>0x124</size>
         <input_file_ref idref="fl-d4"/>
      </object_component>
      <object_component id="oc-144">
         <name>.debug_line</name>
         <load_address>0x3117</load_address>
         <run_address>0x3117</run_address>
         <size>0x13f</size>
         <input_file_ref idref="fl-d4"/>
      </object_component>
      <object_component id="oc-1c5">
         <name>.debug_line</name>
         <load_address>0x3256</load_address>
         <run_address>0x3256</run_address>
         <size>0xad</size>
         <input_file_ref idref="fl-d4"/>
      </object_component>
      <object_component id="oc-1cb">
         <name>.debug_line</name>
         <load_address>0x3303</load_address>
         <run_address>0x3303</run_address>
         <size>0xa3</size>
         <input_file_ref idref="fl-d4"/>
      </object_component>
      <object_component id="oc-1d1">
         <name>.debug_line</name>
         <load_address>0x33a6</load_address>
         <run_address>0x33a6</run_address>
         <size>0xb1</size>
         <input_file_ref idref="fl-d4"/>
[...]
            <object_component_ref idref="oc-200"/>
            <object_component_ref idref="oc-da"/>
            <object_component_ref idref="oc-d4"/>
            <object_component_ref idref="oc-14a"/>
            <object_component_ref idref="oc-80"/>
            <object_component_ref idref="oc-7a"/>
            <object_component_ref idref="oc-86"/>
            <object_component_ref idref="oc-92"/>
            <object_component_ref idref="oc-8c"/>
            <object_component_ref idref="oc-13b"/>
         </contents>
      </logical_group>
      <logical_group id="lg-358" display="never" color="cyan">
         <name>.debug_pubtypes</name>
         <load_address>0x0</load_address>
         <run_address>0x0</run_address>
         <size>0xf77</size>
         <contents>
            <object_component_ref idref="oc-207"/>
            <object_component_ref idref="oc-e9"/>
            <object_component_ref idref="oc-f5"/>
            <object_component_ref idref="oc-e4"/>
            <object_component_ref idref="oc-20c"/>
            <object_component_ref idref="oc-ee"/>
            <object_component_ref idref="oc-fa"/>
            <object_component_ref idref="oc-17f"/>
            <object_component_ref idref="oc-3a"/>
            <object_component_ref idref="oc-10e"/>
            <object_component_ref idref="oc-218"/>
            <object_component_ref idref="oc-45"/>
            <object_component_ref idref="oc-106"/>
            <object_component_ref idref="oc-35"/>
            <object_component_ref idref="oc-211"/>
            <object_component_ref idref="oc-ff"/>
            <object_component_ref idref="oc-31c"/>
            <object_component_ref idref="oc-330"/>
            <object_component_ref idref="oc-321"/>
            <object_component_ref idref="oc-326"/>
            <object_component_ref idref="oc-12d"/>
            <object_component_ref idref="oc-261"/>
            <object_component_ref idref="oc-27c"/>
            <object_component_ref idref="oc-281"/>
         </contents>
      </logical_group>
      <load_segment id="lg-371" display="no" color="cyan">
         <name>SEGMENT_0</name>
         <load_address>0x0</load_address>
         <run_address>0x0</run_address>
         <size>0x1d40</size>
         <flags>0x5</flags>
         <contents>
            <logical_group_ref idref="lg-3"/>
            <logical_group_ref idref="lg-4"/>
            <logical_group_ref idref="lg-5"/>
            <logical_group_ref idref="lg-6"/>
         </contents>
      </load_segment>
      <load_segment id="lg-372" display="no" color="cyan">
         <name>SEGMENT_1</name>
         <run_address>0x20000000</run_address>
         <size>0x32d</size>
         <flags>0x6</flags>
         <contents>
            <logical_group_ref idref="lg-d"/>
            <logical_group_ref idref="lg-b"/>
            <logical_group_ref idref="lg-a"/>
         </contents>
      </load_segment>
   </logical_group_list>
   <placement_map>
      <memory_area display="yes" color="green">
         <name>FLASH</name>
         <page_id>0x0</page_id>
         <origin>0x0</origin>
         <length>0x40000</length>
         <used_space>0x1d3e</used_space>
         <unused_space>0x3e2c2</unused_space>
         <attributes>RX</attributes>
         <usage_details>
            <allocated_space>
               <start_address>0x0</start_address>
               <size>0x26c</size>
               <logical_group_ref idref="lg-3"/>
            </allocated_space>
            <allocated_space>
               <start_address>0x26c</start_address>
               <size>0x18e6</size>
               <logical_group_ref idref="lg-4"/>
            </allocated_space>
            <available_space>
               <start_address>0x1b52</start_address>
               <size>0x2</size>
            </available_space>
            <allocated_space>
               <start_address>0x1b54</start_address>
               <size>0x1bc</size>
               <logical_group_ref idref="lg-5"/>
            </allocated_space>
            <allocated_space>
               <start_address>0x1d10</start_address>
               <size>0x30</size>
               <logical_group_ref idref="lg-6"/>
            </allocated_space>
            <available_space>
               <start_address>0x1d40</start_address>
               <size>0x3e2c0</size>
            </available_space>
         </usage_details>
      </memory_area>
      <memory_area display="yes" color="green">
         <name>SRAM</name>
         <page_id>0x0</page_id>
         <origin>0x20000000</origin>
         <length>0x8000</length>
         <used_space>0x32a</used_space>
         <unused_space>0x7cd6</unused_space>
         <attributes>RWX</attributes>
         <usage_details>
            <allocated_space>
               <start_address>0x20000000</start_address>
               <size>0x200</size>
               <logical_group_ref idref="lg-d"/>
            </allocated_space>
            <allocated_space>
               <start_address>0x20000200</start_address>
               <size>0x125</size>
               <logical_group_ref idref="lg-b"/>
            </allocated_space>
            <available_space>
               <start_address>0x20000325</start_address>
               <size>0x3</size>
            </available_space>
            <allocated_space>
               <start_address>0x20000328</start_address>
               <size>0x5</size>
               <logical_group_ref idref="lg-a"/>
            </allocated_space>
            <available_space>
               <start_address>0x2000032d</start_address>
               <size>0x7cd3</size>
            </available_space>
         </usage_details>
      </memory_area>
   </placement_map>
   <cptbl_list>
      <cptbl>
         <name>__TI_cinit_table</name>
         <cprec>
            <name>.bss</name>
            <load_address>0x1d20</load_address>
            <load_size>0x8</load_size>
            <run_address>0x20000200</run_address>
            <run_size>0x125</run_size>
            <compression>zero_init</compression>
         </cprec>
         <cprec>
            <name>.data</name>
            <load_address>0x1d28</load_address>
            <load_size>0x7</load_size>
            <run_address>0x20000328</run_address>
            <run_size>0x5</run_size>
            <compression>lzss</compression>
         </cprec>
      </cptbl>
   </cptbl_list>
   <handler_table>
      <handler_table_name>__TI_handler_table</handler_table_name>
      <handler>
         <index>0x0</index>
         <name>__TI_decompress_lzss</name>
      </handler>
      <handler>
         <index>0x1</index>
         <name>__TI_decompress_none</name>
      </handler>
      <handler>
         <index>0x2</index>
         <name>__TI_zero_init</name>
      </handler>
   </handler_table>
   <symbol_table>
      <symbol id="sm-1">
         <name>__STACK_TOP</name>
         <value>0x20000200</value>
      </symbol>
      <symbol id="sm-2">
         <name>__TI_CINIT_Base</name>
         <value>0x1d30</value>
      </symbol>
      <symbol id="sm-3">
         <name>__TI_CINIT_Limit</name>
         <value>0x1d40</value>
      </symbol>
      <symbol id="sm-4">
         <name>__TI_Handler_Table_Base</name>
         <value>0x1d10</value>
      </symbol>
      <symbol id="sm-5">
         <name>__TI_Handler_Table_Limit</name>
         <value>0x1d1c</value>
      </symbol>
      <symbol id="sm-6">
         <name>binit</name>
         <value>0xffffffff</value>
      </symbol>
      <symbol id="sm-7">
         <name>__binit__</name>
         <value>0xffffffff</value>
      </symbol>
      <symbol id="sm-8">
         <name>__STACK_SIZE</name>
         <value>0x200</value>
      </symbol>
      <symbol id="sm-9">
         <name>__STACK_END</name>
         <value>0x20000200</value>
      </symbol>
      <symbol id="sm-a">
         <name>__c_args__</name>
         <value>0xffffffff</value>
      </symbol>
      <symbol id="sm-b">
         <name>__TI_pprof_out_hndl</name>
         <value>0xffffffff</value>
      </symbol>
      <symbol id="sm-c">
         <name>__TI_prof_data_start</name>
         <value>0xffffffff</value>
      </symbol>
      <symbol id="sm-d">
         <name>__TI_prof_data_size</name>
         <value>0xffffffff</value>
      </symbol>
      <symbol id="sm-7a">
         <name>g_bMPU6050Done</name>
         <value>0x20000324</value>
      </symbol>
      <symbol id="sm-7b">
         <name>g_sI2CMSimpleInst</name>
         <value>0x20000200</value>
      </symbol>
      <symbol id="sm-7c">
         <name>DelayInMs</name>
         <value>0x959</value>
         <object_component_ref idref="oc-2a"/>
      </symbol>
      <symbol id="sm-7d">
         <name>MPU6050Callback</name>
         <value>0x8e1</value>
         <object_component_ref idref="oc-2a"/>
      </symbol>
      <symbol id="sm-7e">
         <name>main</name>
         <value>0x709</value>
         <object_component_ref idref="oc-2a"/>
      </symbol>
      <symbol id="sm-7f">
         <name>InitI2C0</name>
         <value>0x8f3</value>
         <object_component_ref idref="oc-2a"/>
      </symbol>
      <symbol id="sm-80">
         <name>ConfigureUART</name>
         <value>0x8a5</value>
         <object_component_ref idref="oc-2a"/>
      </symbol>
      <symbol id="sm-81">
         <name>I2CMSimpleIntHandler</name>
         <value>0x94f</value>
         <object_component_ref idref="oc-2a"/>
      </symbol>
      <symbol id="sm-a2">
         <name>ResetISR</name>
         <value>0x1af1</value>
         <object_component_ref idref="oc-24"/>
      </symbol>
      <symbol id="sm-a3">
         <name>g_pfnVectors</name>
         <value>0x0</value>
         <object_component_ref idref="oc-f"/>
      </symbol>
      <symbol id="sm-112">
         <name>UARTgetc</name>
         <value>0x3b3</value>
         <object_component_ref idref="oc-95"/>
      </symbol>
      <symbol id="sm-113">
         <name>UARTgets</name>
         <value>0x2f9</value>
         <object_component_ref idref="oc-95"/>
      </symbol>
      <symbol id="sm-114">
         <name>UARTStdioConfig</name>
         <value>0x26d</value>
         <object_component_ref idref="oc-95"/>
      </symbol>
      <symbol id="sm-115">
         <name>UARTwrite</name>
         <value>0x2b3</value>
         <object_component_ref idref="oc-95"/>
      </symbol>
      <symbol id="sm-116">
         <name>UARTprintf</name>
         <value>0x6d3</value>
         <object_component_ref idref="oc-95"/>
      </symbol>
      <symbol id="sm-117">
         <name>UARTvprintf</name>
         <value>0x3d9</value>
         <object_component_ref idref="oc-95"/>
      </symbol>
      <symbol id="sm-126">
         <name>__aeabi_uidivmod</name>
         <value>0x186f</value>
         <object_component_ref idref="oc-174"/>
      </symbol>
      <symbol id="sm-127">
         <name>__aeabi_uidiv</name>
         <value>0x186f</value>
         <object_component_ref idref="oc-174"/>
      </symbol>
      <symbol id="sm-140">
         <name>__TI_zero_init_nomemset</name>
         <value>0x1a55</value>
         <object_component_ref idref="oc-4a"/>
      </symbol>
      <symbol id="sm-157">
         <name>__TI_decompress_none</name>
         <value>0x1ad5</value>
         <object_component_ref idref="oc-18"/>
      </symbol>
      <symbol id="sm-17a">
         <name>__TI_decompress_lzss</name>
         <value>0x130d</value>
         <object_component_ref idref="oc-12"/>
      </symbol>
      <symbol id="sm-18d">
         <name>__stack</name>
         <value>0x20000000</value>
         <object_component_ref idref="oc-21"/>
      </symbol>
      <symbol id="sm-18e">
         <name>_c_int00_noargs</name>
         <value>0x198d</value>
         <object_component_ref idref="oc-5c"/>
      </symbol>
      <symbol id="sm-198">
         <name>__aeabi_idiv0</name>
         <value>0xb3f</value>
         <object_component_ref idref="oc-29f"/>
      </symbol>
      <symbol id="sm-199">
         <name>__aeabi_ldiv0</name>
         <value>0xb3f</value>
         <object_component_ref idref="oc-29f"/>
      </symbol>
      <symbol id="sm-1b5">
         <name>memcpy</name>
         <value>0xf29</value>
         <object_component_ref idref="oc-3e"/>
      </symbol>
      <symbol id="sm-1b6">
         <name>__aeabi_memcpy</name>
         <value>0xf29</value>
         <object_component_ref idref="oc-3e"/>
      </symbol>
      <symbol id="sm-1b7">
         <name>__aeabi_memcpy8</name>
         <value>0xf29</value>
         <object_component_ref idref="oc-3e"/>
      </symbol>
      <symbol id="sm-1b8">
         <name>__aeabi_memcpy4</name>
         <value>0xf29</value>
         <object_component_ref idref="oc-3e"/>
      </symbol>
      <symbol id="sm-1e0">
         <name>__TI_auto_init_nobinit_nopinit</name>
         <value>0x17e9</value>
         <object_component_ref idref="oc-22c"/>
      </symbol>
      <symbol id="sm-1ea">
         <name>_system_pre_init</name>
         <value>0x1b4b</value>
         <object_component_ref idref="oc-119"/>
      </symbol>
      <symbol id="sm-1f6">
         <name>C$$EXIT</name>
         <value>0x1b4f</value>
         <object_component_ref idref="oc-220"/>
      </symbol>
      <symbol id="sm-1f7">
         <name>abort</name>
         <value>0x1b4f</value>
         <object_component_ref idref="oc-220"/>
      </symbol>
      <symbol id="sm-240">
         <name>GPIOPinConfigure</name>
         <value>0x16cd</value>
         <object_component_ref idref="oc-a1"/>
      </symbol>
      <symbol id="sm-241">
         <name>GPIOPinTypeI2CSCL</name>
         <value>0x1ab1</value>
         <object_component_ref idref="oc-b9"/>
      </symbol>
      <symbol id="sm-242">
         <name>GPIOPinTypeI2C</name>
         <value>0x1a9f</value>
         <object_component_ref idref="oc-bf"/>
      </symbol>
      <symbol id="sm-243">
         <name>GPIOPinTypeUART</name>
         <value>0x1ac3</value>
         <object_component_ref idref="oc-a7"/>
      </symbol>
      <symbol id="sm-244">
         <name>GPIODirModeSet</name>
         <value>0x19c1</value>
         <object_component_ref idref="oc-189"/>
      </symbol>
      <symbol id="sm-245">
         <name>GPIOPadConfigSet</name>
         <value>0xa0d</value>
         <object_component_ref idref="oc-18f"/>
      </symbol>
      <symbol id="sm-28e">
         <name>I2CMasterDataPut</name>
         <value>0x1b47</value>
         <object_component_ref idref="oc-2d4"/>
      </symbol>
      <symbol id="sm-28f">
         <name>I2CMasterInitExpClk</name>
         <value>0x15e9</value>
         <object_component_ref idref="oc-cb"/>
      </symbol>
      <symbol id="sm-290">
         <name>I2CMasterSlaveAddrSet</name>
         <value>0x1b2b</value>
         <object_component_ref idref="oc-2cc"/>
      </symbol>
      <symbol id="sm-291">
         <name>I2CMasterDataGet</name>
         <value>0x1b43</value>
         <object_component_ref idref="oc-2c2"/>
      </symbol>
      <symbol id="sm-292">
         <name>I2CMasterIntEnableEx</name>
         <value>0x1b23</value>
         <object_component_ref idref="oc-1ad"/>
      </symbol>
      <symbol id="sm-293">
         <name>I2CMasterControl</name>
         <value>0x1b3f</value>
         <object_component_ref idref="oc-1bb"/>
      </symbol>
      <symbol id="sm-294">
         <name>I2CMasterEnable</name>
         <value>0x1afd</value>
         <object_component_ref idref="oc-19f"/>
      </symbol>
      <symbol id="sm-295">
         <name>I2CMasterIntClear</name>
         <value>0x1b1b</value>
         <object_component_ref idref="oc-1b5"/>
      </symbol>
      <symbol id="sm-2ea">
         <name>IntIsEnabled</name>
         <value>0x1375</value>
         <object_component_ref idref="oc-265"/>
      </symbol>
      <symbol id="sm-2eb">
         <name>IntEnable</name>
         <value>0x12a5</value>
         <object_component_ref idref="oc-1a7"/>
      </symbol>
      <symbol id="sm-2ec">
         <name>IntTrigger</name>
         <value>0x1ae5</value>
         <object_component_ref idref="oc-271"/>
      </symbol>
      <symbol id="sm-2ed">
         <name>IntDisable</name>
         <value>0x123d</value>
         <object_component_ref idref="oc-26b"/>
      </symbol>
      <symbol id="sm-356">
         <name>SysCtlPeripheralPresent</name>
         <value>0x18ed</value>
         <object_component_ref idref="oc-14d"/>
      </symbol>
      <symbol id="sm-357">
         <name>SysCtlClockSet</name>
         <value>0xc51</value>
         <object_component_ref idref="oc-71"/>
      </symbol>
      <symbol id="sm-358">
         <name>SysCtlDelay</name>
         <value>0x1b33</value>
         <object_component_ref idref="oc-dd"/>
      </symbol>
      <symbol id="sm-359">
         <name>SysCtlPeripheralEnable</name>
         <value>0x1959</value>
         <object_component_ref idref="oc-9b"/>
      </symbol>
      <symbol id="sm-35a">
         <name>SysCtlClockGet</name>
         <value>0xb41</value>
         <object_component_ref idref="oc-c5"/>
      </symbol>
      <symbol id="sm-35b">
         <name>SysCtlPeripheralReset</name>
         <value>0x1599</value>
         <object_component_ref idref="oc-b3"/>
      </symbol>
      <symbol id="sm-396">
         <name>UARTConfigSetExpClk</name>
         <value>0x175d</value>
         <object_component_ref idref="oc-153"/>
      </symbol>
      <symbol id="sm-397">
         <name>UARTDisable</name>
         <value>0x1a35</value>
         <object_component_ref idref="oc-28f"/>
      </symbol>
      <symbol id="sm-398">
         <name>UARTClockSourceSet</name>
         <value>0x1b39</value>
         <object_component_ref idref="oc-ad"/>
      </symbol>
      <symbol id="sm-399">
         <name>UARTCharPut</name>
         <value>0x1b11</value>
         <object_component_ref idref="oc-15f"/>
      </symbol>
      <symbol id="sm-39a">
         <name>UARTEnable</name>
         <value>0x1a8b</value>
         <object_component_ref idref="oc-159"/>
      </symbol>
      <symbol id="sm-39b">
         <name>UARTCharGet</name>
         <value>0x1b07</value>
         <object_component_ref idref="oc-165"/>
      </symbol>
      <symbol id="sm-472">
         <name>I2CMCommand</name>
         <value>0x105d</value>
         <object_component_ref idref="oc-132"/>
      </symbol>
      <symbol id="sm-473">
         <name>I2CMInit</name>
         <value>0x1925</value>
         <object_component_ref idref="oc-d1"/>
      </symbol>
      <symbol id="sm-474">
         <name>I2CMReadModifyWrite8</name>
         <value>0x10e5</value>
         <object_component_ref idref="oc-140"/>
      </symbol>
      <symbol id="sm-475">
         <name>I2CMIntHandler</name>
         <value>0xd45</value>
         <object_component_ref idref="oc-d7"/>
      </symbol>
      <symbol id="sm-4d8">
         <name>MPU6050DataGyroGetFloat</name>
         <value>0x11cd</value>
         <object_component_ref idref="oc-8f"/>
      </symbol>
      <symbol id="sm-4d9">
         <name>MPU6050DataAccelGetFloat</name>
         <value>0x115d</value>
         <object_component_ref idref="oc-89"/>
      </symbol>
      <symbol id="sm-4da">
         <name>MPU6050DataRead</name>
         <value>0x14f5</value>
         <object_component_ref idref="oc-83"/>
      </symbol>
      <symbol id="sm-4db">
         <name>MPU6050Init</name>
         <value>0x1499</value>
         <object_component_ref idref="oc-77"/>
      </symbol>
      <symbol id="sm-4dc">
         <name>MPU6050ReadModifyWrite</name>
         <value>0x1635</value>
         <object_component_ref idref="oc-7d"/>
      </symbol>
      <symbol id="sm-4dd">
         <name>__TI_static_base__</name>
         <value>0x0</value>
      </symbol>
      <symbol id="sm-4e0">
         <name>__mpu_init</name>
         <value>0x0</value>
      </symbol>
      <symbol id="sm-4e1">
         <name>_system_post_cinit</name>
         <value>0x0</value>
      </symbol>
   </symbol_table>
   <title>Link successful</title>
</link_info>
