******************************************************************************
                  TI ARM Linker Unix v18.12.2                  
******************************************************************************
>> Linked Sun Oct 27 12:37:13 2019

OUTPUT FILE NAME:   <Midterm.out>
ENTRY POINT SYMBOL: "_c_int00_noargs"  address: 0000198d


MEMORY CONFIGURATION

         name            origin    length      used     unused   attr    fill
----------------------  --------  ---------  --------  --------  ----  --------
  FLASH                 00000000   00040000  00001d3e  0003e2c2  R  X
  SRAM                  20000000   00008000  0000032a  00007cd6  RW X


SEGMENT ALLOCATION MAP

run origin  load origin   length   init length attrs members
----------  ----------- ---------- ----------- ----- -------
00000000    00000000    00001d40   00001d40    r-x
  00000000    00000000    0000026c   0000026c    r-- .intvecs
  0000026c    0000026c    000018e6   000018e6    r-x .text
  00001b54    00001b54    000001bc   000001bc    r-- .const
  00001d10    00001d10    00000030   00000030    r-- .cinit
20000000    20000000    0000032d   00000000    rw-
  20000000    20000000    00000200   00000000    rw- .stack
  20000200    20000200    00000125   00000000    rw- .bss
  20000328    20000328    00000005   00000000    rw- .data


SECTION ALLOCATION MAP

 output                                  attributes/
section   page    origin      length       input sections
--------  ----  ----------  ----------   ----------------
.intvecs   0    00000000    0000026c     
                  00000000    0000026c     tm4c123gh6pm_startup_ccs.obj (.intvecs)

.text      0    0000026c    000018e6     
                  0000026c    0000049c     uartstdio.obj (.text)
                  00000708    00000304     main.obj (.text)
                  00000a0c    00000132     driverlib.lib : gpio.obj (.text:GPIOPadConfigSet)
                  00000b3e    00000002     rtsv7M4_T_le_v4SPD16_eabi.lib : div0.asm.obj (.text)
                  00000b40    00000110     driverlib.lib : sysctl.obj (.text:SysCtlClockGet)
                  00000c50    000000f4                   : sysctl.obj (.text:SysCtlClockSet)
                  00000d44    000000f2     sensorlib.lib : i2cm_drv.obj (.text:I2CMIntHandler)
                  00000e36    00000002     --HOLE-- [fill = 0]
                  00000e38    000000f0                   : mpu6050.obj (.text:MPU6050Callback)
                  00000f28    0000009c     rtsv7M4_T_le_v4SPD16_eabi.lib : memcpy_t2.asm.obj (.text)
                  00000fc4    00000098     sensorlib.lib : i2cm_drv.obj (.text:I2CMStateIdle)
                  0000105c    00000088                   : i2cm_drv.obj (.text:I2CMCommand)
                  000010e4    00000078                   : i2cm_drv.obj (.text:I2CMReadModifyWrite8)
                  0000115c    00000070                   : mpu6050.obj (.text:MPU6050DataAccelGetFloat)
                  000011cc    00000070                   : mpu6050.obj (.text:MPU6050DataGyroGetFloat)
                  0000123c    00000068     driverlib.lib : interrupt.obj (.text:IntDisable)
                  000012a4    00000068                   : interrupt.obj (.text:IntEnable)
                  0000130c    00000068     rtsv7M4_T_le_v4SPD16_eabi.lib : copy_decompress_lzss.c.obj (.text:decompress:lzss:__TI_decompress_lzss)
                  00001374    00000064     driverlib.lib : interrupt.obj (.text:IntIsEnabled)
                  000013d8    00000060     sensorlib.lib : i2cm_drv.obj (.text:I2CMReadModifyWrite8Callback)
                  00001438    0000005e                   : i2cm_drv.obj (.text:I2CMStateWritePause)
                  00001496    00000002     --HOLE-- [fill = 0]
                  00001498    0000005c                   : mpu6050.obj (.text:MPU6050Init)
                  000014f4    00000054                   : mpu6050.obj (.text:MPU6050DataRead)
                  00001548    00000050                   : i2cm_drv.obj (.text:I2CMStateWriteFinal)
                  00001598    00000050     driverlib.lib : sysctl.obj (.text:SysCtlPeripheralReset)
                  000015e8    0000004c                   : i2c.obj (.text:I2CMasterInitExpClk)
                  00001634    0000004c     sensorlib.lib : mpu6050.obj (.text:MPU6050ReadModifyWrite)
                  00001680    0000004a                   : i2cm_drv.obj (.text:I2CMStateReadNext)
                  000016ca    00000002     --HOLE-- [fill = 0]
                  000016cc    00000048     driverlib.lib : gpio.obj (.text:GPIOPinConfigure)
                  00001714    00000048     sensorlib.lib : i2cm_drv.obj (.text:I2CMStateWriteNext)
                  0000175c    00000046     driverlib.lib : uart.obj (.text:UARTConfigSetExpClk)
                  000017a2    00000044     sensorlib.lib : i2cm_drv.obj (.text:I2CMStateCallback)
                  000017e6    00000002     --HOLE-- [fill = 0]
                  000017e8    00000044     rtsv7M4_T_le_v4SPD16_eabi.lib : autoinit.c.obj (.text:__TI_auto_init_nobinit_nopinit:__TI_auto_init_nobinit_nopinit)
                  0000182c    00000042     sensorlib.lib : i2cm_drv.obj (.text:I2CMStateReadFinal)
                  0000186e    00000040     rtsv7M4_T_le_v4SPD16_eabi.lib : u_divt2.asm.obj (.text)
                  000018ae    0000003e     sensorlib.lib : i2cm_drv.obj (.text:I2CMStateReadPause)
                  000018ec    00000038     driverlib.lib : sysctl.obj (.text:SysCtlPeripheralPresent)
                  00001924    00000034     sensorlib.lib : i2cm_drv.obj (.text:I2CMInit)
                  00001958    00000034     driverlib.lib : sysctl.obj (.text:SysCtlPeripheralEnable)
                  0000198c    00000034     rtsv7M4_T_le_v4SPD16_eabi.lib : boot_cortex_m.c.obj (.text:_c_int00_noargs:_c_int00_noargs)
                  000019c0    0000002a     driverlib.lib : gpio.obj (.text:GPIODirModeSet)
                  000019ea    0000002a     sensorlib.lib : i2cm_drv.obj (.text:I2CMStateReadFirst)
                  00001a14    00000020                   : i2cm_drv.obj (.text:I2CMStateReadOne)
                  00001a34    00000020     driverlib.lib : uart.obj (.text:UARTDisable)
                  00001a54    0000001c     rtsv7M4_T_le_v4SPD16_eabi.lib : copy_zero_init.c.obj (.text:decompress:ZI:__TI_zero_init_nomemset:__TI_zero_init_nomemset)
                  00001a70    0000001a     sensorlib.lib : i2cm_drv.obj (.text:I2CMStateReadWait)
                  00001a8a    00000014     driverlib.lib : uart.obj (.text:UARTEnable)
                  00001a9e    00000012                   : gpio.obj (.text:GPIOPinTypeI2C)
                  00001ab0    00000012                   : gpio.obj (.text:GPIOPinTypeI2CSCL)
                  00001ac2    00000012                   : gpio.obj (.text:GPIOPinTypeUART)
                  00001ad4    0000000e     rtsv7M4_T_le_v4SPD16_eabi.lib : copy_decompress_none.c.obj (.text:decompress:none:__TI_decompress_none)
                  00001ae2    00000002     --HOLE-- [fill = 0]
                  00001ae4    0000000c     driverlib.lib : interrupt.obj (.text:IntTrigger)
                  00001af0    0000000c     tm4c123gh6pm_startup_ccs.obj (.text)
                  00001afc    0000000a     driverlib.lib : i2c.obj (.text:I2CMasterEnable)
                  00001b06    0000000a                   : uart.obj (.text:UARTCharGet)
                  00001b10    0000000a                   : uart.obj (.text:UARTCharPut)
                  00001b1a    00000008                   : i2c.obj (.text:I2CMasterIntClear)
                  00001b22    00000008                   : i2c.obj (.text:I2CMasterIntEnableEx)
                  00001b2a    00000008                   : i2c.obj (.text:I2CMasterSlaveAddrSet)
                  00001b32    00000006                   : sysctl.obj (.text:SysCtlDelay)
                  00001b38    00000006                   : uart.obj (.text:UARTClockSourceSet)
                  00001b3e    00000004                   : i2c.obj (.text:I2CMasterControl)
                  00001b42    00000004                   : i2c.obj (.text:I2CMasterDataGet)
                  00001b46    00000004                   : i2c.obj (.text:I2CMasterDataPut)
                  00001b4a    00000004     rtsv7M4_T_le_v4SPD16_eabi.lib : pre_init.c.obj (.text:_system_pre_init)
                  00001b4e    00000004                                   : exit.c.obj (.text:abort:abort)

.const     0    00001b54    000001bc     
                  00001b54    00000090     driverlib.lib : gpio.obj (.const:g_pui32GPIOBaseAddrs)
                  00001be4    00000070                   : interrupt.obj (.const)
                  00001c54    0000006c                   : sysctl.obj (.const:g_pui32Xtals)
                  00001cc0    00000020     sensorlib.lib : mpu6050.obj (.const)
                  00001ce0    00000012     uartstdio.obj (.const:.string)
                  00001cf2    00000002     --HOLE-- [fill = 0]
                  00001cf4    0000000c     uartstdio.obj (.const:g_ui32UARTBase)
                  00001d00    0000000c     uartstdio.obj (.const:g_ui32UARTPeriph)
                  00001d0c    00000004     uartstdio.obj (.const)

.cinit     0    00001d10    00000030     
                  00001d10    0000000c     (__TI_handler_table)
                  00001d1c    00000004     --HOLE-- [fill = 0]
                  00001d20    00000008     (.cinit..bss.load) [load image, compression = zero_init]
                  00001d28    00000007     (.cinit..data.load) [load image, compression = lzss]
                  00001d2f    00000001     --HOLE-- [fill = 0]
                  00001d30    00000010     (__TI_cinit_table)

.init_array 
*          0    00000000    00000000     UNINITIALIZED

.bss       0    20000200    00000125     UNINITIALIZED
                  20000200    00000124     (.common:g_sI2CMSimpleInst)
                  20000324    00000001     (.common:g_bMPU6050Done)

.data      0    20000328    00000005     UNINITIALIZED
                  20000328    00000005     uartstdio.obj (.data)

.stack     0    20000000    00000200     UNINITIALIZED
                  20000000    00000004     rtsv7M4_T_le_v4SPD16_eabi.lib : boot_cortex_m.c.obj (.stack)
                  20000004    000001fc     --HOLE--

MODULE SUMMARY

       Module                         code   ro data   rw data
       ------                         ----   -------   -------
    ./
       uartstdio.obj                  1180   46        5      
       main.obj                       772    0         293    
       tm4c123gh6pm_startup_ccs.obj   12     620       0      
    +--+------------------------------+------+---------+---------+
       Total:                         1964   666       298    
                                                              
    /Applications/ti/ccs910/ccs/tools/compiler/ti-cgt-arm_18.12.2.LTS/lib/rtsv7M4_T_le_v4SPD16_eabi.lib
       memcpy_t2.asm.obj              156    0         0      
       copy_decompress_lzss.c.obj     104    0         0      
       autoinit.c.obj                 68     0         0      
       u_divt2.asm.obj                64     0         0      
       boot_cortex_m.c.obj            52     0         0      
       copy_zero_init.c.obj           28     0         0      
       copy_decompress_none.c.obj     14     0         0      
       exit.c.obj                     4      0         0      
       pre_init.c.obj                 4      0         0      
       div0.asm.obj                   2      0         0      
    +--+------------------------------+------+---------+---------+
       Total:                         496    0         0      
                                                              
    /Users/stevenchews/ti/tivaware_c_series_2_1_4_178/driverlib/ccs/Debug/driverlib.lib
       sysctl.obj                     710    108       0      
       gpio.obj                       474    144       0      
       interrupt.obj                  320    112       0      
       uart.obj                       148    0         0      
       i2c.obj                        122    0         0      
    +--+------------------------------+------+---------+---------+
       Total:                         1774   364       0      
                                                              
    /Users/stevenchews/ti/tivaware_c_series_2_1_4_178/sensorlib/ccs/Debug/sensorlib.lib
       i2cm_drv.obj                   1414   0         0      
       mpu6050.obj                    716    32        0      
    +--+------------------------------+------+---------+---------+
       Total:                         2130   32        0      
                                                              
       Stack:                         0      0         512    
       Linker Generated:              0      43        0      
    +--+------------------------------+------+---------+---------+
       Grand Total:                   6364   1105      810    


LINKER GENERATED COPY TABLES

__TI_cinit_table @ 00001d30 records: 2, size/record: 8, table size: 16
	.bss: load addr=00001d20, load size=00000008 bytes, run addr=20000200, run size=00000125 bytes, compression=zero_init
	.data: load addr=00001d28, load size=00000007 bytes, run addr=20000328, run size=00000005 bytes, compression=lzss


LINKER GENERATED HANDLER TABLE

__TI_handler_table @ 00001d10 records: 3, size/record: 4, table size: 12
	index: 0, handler: __TI_decompress_lzss
	index: 1, handler: __TI_decompress_none
	index: 2, handler: __TI_zero_init


GLOBAL SYMBOLS: SORTED ALPHABETICALLY BY Name 

address   name                          
-------   ----                          
00001b4f  C$$EXIT                       
000008a5  ConfigureUART                 
00000959  DelayInMs                     
000019c1  GPIODirModeSet                
00000a0d  GPIOPadConfigSet              
000016cd  GPIOPinConfigure              
00001a9f  GPIOPinTypeI2C                
00001ab1  GPIOPinTypeI2CSCL             
00001ac3  GPIOPinTypeUART               
0000105d  I2CMCommand                   
00001925  I2CMInit                      
00000d45  I2CMIntHandler                
000010e5  I2CMReadModifyWrite8          
0000094f  I2CMSimpleIntHandler          
00001b3f  I2CMasterControl              
00001b43  I2CMasterDataGet              
00001b47  I2CMasterDataPut              
00001afd  I2CMasterEnable               
000015e9  I2CMasterInitExpClk           
00001b1b  I2CMasterIntClear             
00001b23  I2CMasterIntEnableEx          
00001b2b  I2CMasterSlaveAddrSet         
000008f3  InitI2C0                      
0000123d  IntDisable                    
000012a5  IntEnable                     
00001375  IntIsEnabled                  
00001ae5  IntTrigger                    
000008e1  MPU6050Callback               
0000115d  MPU6050DataAccelGetFloat      
000011cd  MPU6050DataGyroGetFloat       
000014f5  MPU6050DataRead               
00001499  MPU6050Init                   
00001635  MPU6050ReadModifyWrite        
00001af1  ResetISR                      
00000b41  SysCtlClockGet                
00000c51  SysCtlClockSet                
00001b33  SysCtlDelay                   
00001959  SysCtlPeripheralEnable        
000018ed  SysCtlPeripheralPresent       
00001599  SysCtlPeripheralReset         
00001b07  UARTCharGet                   
00001b11  UARTCharPut                   
00001b39  UARTClockSourceSet            
0000175d  UARTConfigSetExpClk           
00001a35  UARTDisable                   
00001a8b  UARTEnable                    
0000026d  UARTStdioConfig               
000003b3  UARTgetc                      
000002f9  UARTgets                      
000006d3  UARTprintf                    
000003d9  UARTvprintf                   
000002b3  UARTwrite                     
20000200  __STACK_END                   
00000200  __STACK_SIZE                  
20000200  __STACK_TOP                   
00001d30  __TI_CINIT_Base               
00001d40  __TI_CINIT_Limit              
00001d10  __TI_Handler_Table_Base       
00001d1c  __TI_Handler_Table_Limit      
000017e9  __TI_auto_init_nobinit_nopinit
0000130d  __TI_decompress_lzss          
00001ad5  __TI_decompress_none          
ffffffff  __TI_pprof_out_hndl           
ffffffff  __TI_prof_data_size           
ffffffff  __TI_prof_data_start          
00000000  __TI_static_base__            
00001a55  __TI_zero_init_nomemset       
00000b3f  __aeabi_idiv0                 
00000b3f  __aeabi_ldiv0                 
00000f29  __aeabi_memcpy                
00000f29  __aeabi_memcpy4               
00000f29  __aeabi_memcpy8               
0000186f  __aeabi_uidiv                 
0000186f  __aeabi_uidivmod              
ffffffff  __binit__                     
ffffffff  __c_args__                    
UNDEFED   __mpu_init                    
20000000  __stack                       
0000198d  _c_int00_noargs               
UNDEFED   _system_post_cinit            
00001b4b  _system_pre_init              
00001b4f  abort                         
ffffffff  binit                         
20000324  g_bMPU6050Done                
00000000  g_pfnVectors                  
20000200  g_sI2CMSimpleInst             
00000709  main                          
00000f29  memcpy                        


GLOBAL SYMBOLS: SORTED BY Symbol Address 

address   name                          
-------   ----                          
00000000  __TI_static_base__            
00000000  g_pfnVectors                  
00000200  __STACK_SIZE                  
0000026d  UARTStdioConfig               
000002b3  UARTwrite                     
000002f9  UARTgets                      
000003b3  UARTgetc                      
000003d9  UARTvprintf                   
000006d3  UARTprintf                    
00000709  main                          
000008a5  ConfigureUART                 
000008e1  MPU6050Callback               
000008f3  InitI2C0                      
0000094f  I2CMSimpleIntHandler          
00000959  DelayInMs                     
00000a0d  GPIOPadConfigSet              
00000b3f  __aeabi_idiv0                 
00000b3f  __aeabi_ldiv0                 
00000b41  SysCtlClockGet                
00000c51  SysCtlClockSet                
00000d45  I2CMIntHandler                
00000f29  __aeabi_memcpy                
00000f29  __aeabi_memcpy4               
00000f29  __aeabi_memcpy8               
00000f29  memcpy                        
0000105d  I2CMCommand                   
000010e5  I2CMReadModifyWrite8          
0000115d  MPU6050DataAccelGetFloat      
000011cd  MPU6050DataGyroGetFloat       
0000123d  IntDisable                    
000012a5  IntEnable                     
0000130d  __TI_decompress_lzss          
00001375  IntIsEnabled                  
00001499  MPU6050Init                   
000014f5  MPU6050DataRead               
00001599  SysCtlPeripheralReset         
000015e9  I2CMasterInitExpClk           
00001635  MPU6050ReadModifyWrite        
000016cd  GPIOPinConfigure              
0000175d  UARTConfigSetExpClk           
000017e9  __TI_auto_init_nobinit_nopinit
0000186f  __aeabi_uidiv                 
0000186f  __aeabi_uidivmod              
000018ed  SysCtlPeripheralPresent       
00001925  I2CMInit                      
00001959  SysCtlPeripheralEnable        
0000198d  _c_int00_noargs               
000019c1  GPIODirModeSet                
00001a35  UARTDisable                   
00001a55  __TI_zero_init_nomemset       
00001a8b  UARTEnable                    
00001a9f  GPIOPinTypeI2C                
00001ab1  GPIOPinTypeI2CSCL             
00001ac3  GPIOPinTypeUART               
00001ad5  __TI_decompress_none          
00001ae5  IntTrigger                    
00001af1  ResetISR                      
00001afd  I2CMasterEnable               
00001b07  UARTCharGet                   
00001b11  UARTCharPut                   
00001b1b  I2CMasterIntClear             
00001b23  I2CMasterIntEnableEx          
00001b2b  I2CMasterSlaveAddrSet         
00001b33  SysCtlDelay                   
00001b39  UARTClockSourceSet            
00001b3f  I2CMasterControl              
00001b43  I2CMasterDataGet              
00001b47  I2CMasterDataPut              
00001b4b  _system_pre_init              
00001b4f  C$$EXIT                       
00001b4f  abort                         
00001d10  __TI_Handler_Table_Base       
00001d1c  __TI_Handler_Table_Limit      
00001d30  __TI_CINIT_Base               
00001d40  __TI_CINIT_Limit              
20000000  __stack                       
20000200  __STACK_END                   
20000200  __STACK_TOP                   
20000200  g_sI2CMSimpleInst             
20000324  g_bMPU6050Done                
ffffffff  __TI_pprof_out_hndl           
ffffffff  __TI_prof_data_size           
ffffffff  __TI_prof_data_start          
ffffffff  __binit__                     
ffffffff  __c_args__                    
ffffffff  binit                         
UNDEFED   __mpu_init                    
UNDEFED   _system_post_cinit            

[88 symbols]
