******************************************************************************
                  TI ARM Linker PC v16.9.3                     
******************************************************************************
>> Linked Mon Nov 05 18:47:39 2018

OUTPUT FILE NAME:   <blink_TM4C_RTOS.out>
ENTRY POINT SYMBOL: "_c_int00"  address: 000045e1


MEMORY CONFIGURATION

         name            origin    length      used     unused   attr    fill
----------------------  --------  ---------  --------  --------  ----  --------
  FLASH                 00000000   00040000  00008161  00037e9f  R  X
  SRAM                  20000000   00008000  00002594  00005a6c  RW X


SEGMENT ALLOCATION MAP

run origin  load origin   length   init length attrs members
----------  ----------- ---------- ----------- ----- -------
00000000    00000000    00008168   00008168    r-x
  00000000    00000000    0000003c   0000003c    r-- .resetVecs
  00000040    00000040    00005c3a   00005c3a    r-x .text
  00005c7c    00005c7c    00002293   00002293    r-- .const
  00007f10    00007f10    00000258   00000258    r-- .cinit
20000000    20000000    00000360   00000000    rw-
  20000000    20000000    00000360   00000000    rw- .vecs
20000380    20000380    00002234   00000000    rw-
  20000380    20000380    000018b0   00000000    rw- .bss
  20001c30    20001c30    00000584   00000000    rw- .data
  200021b4    200021b4    00000400   00000000    rw- .stack


SECTION ALLOCATION MAP

 output                                  attributes/
section   page    origin      length       input sections
--------  ----  ----------  ----------   ----------------
.text      0    00000040    00005c3a     
                  00000040    00000430     sysbios.aem4f : BIOS.obj (.text:ti_sysbios_family_arm_m3_Hwi_excDumpRegs__I)
                  00000470    0000034c     ti.targets.arm.rtsarm.aem4f : System.oem4f (.text:xdc_runtime_System_doPrint__I)
                  000007bc    00000324     rtsv7M4_T_le_v4SPD16_eabi.lib : trgdrv.obj (.text)
                  00000ae0    000002ec     sysbios.aem4f : BIOS.obj (.text:ti_sysbios_knl_Semaphore_pend__E)
                  00000dcc    00000004     empty_pem4f.oem4f (.text:malloc)
                  00000dd0    000001fc     sysbios.aem4f : BIOS.obj (.text:ti_sysbios_family_arm_m3_Hwi_excHandlerMax__I)
                  00000fcc    00000004     empty_pem4f.oem4f (.text:ti_sysbios_BIOS_RtsGateProxy_enter__E)
                  00000fd0    0000017c     sysbios.aem4f : BIOS.obj (.text:ti_sysbios_family_arm_lm4_TimestampProvider_get64__E)
                  0000114c    00000004     empty_pem4f.oem4f (.text:ti_sysbios_BIOS_RtsGateProxy_leave__E)
                  00001150    00000174     sysbios.aem4f : BIOS.obj (.text:ti_sysbios_family_arm_m3_Hwi_excBusFault__I)
                  000012c4    00000004                   : BIOS.obj (.text:ti_sysbios_family_arm_lm4_Timer_masterEnable__I)
                  000012c8    00000164                   : BIOS.obj (.text:ti_sysbios_family_arm_m3_Hwi_excUsageFault__I)
                  0000142c    00000004     empty_pem4f.oem4f (.text:ti_sysbios_family_arm_m3_TaskSupport_Module__startupDone__S)
                  00001430    00000148     sysbios.aem4f : BIOS.obj (.text:ti_sysbios_family_arm_m3_Hwi_excMemFault__I)
                  00001578    00000144                   : BIOS.obj (.text:ti_sysbios_family_arm_m3_Hwi_dispatchC__I)
                  000016bc    00000144     ti.targets.arm.rtsarm.aem4f : HeapStd.oem4f (.text:xdc_runtime_HeapStd_alloc__E)
                  00001800    00000140     sysbios.aem4f : BIOS.obj (.text:ti_sysbios_knl_Semaphore_post__E)
                  00001940    0000013c                   : BIOS.obj (.text:ti_sysbios_knl_Clock_workFunc__E)
                  00001a7c    00000138     empty_pem4f.oem4f (.text:ti_uia_loggers_LoggerStopMode_writeMemoryRange__E)
                  00001bb4    00000130     driverlib.lib : gpio.obj (.text:GPIOPadConfigSet)
                  00001ce4    00000004     empty_pem4f.oem4f (.text:ti_sysbios_knl_Clock_TimerProxy_getMaxTicks__E)
                  00001ce8    00000120     sysbios.aem4f : BIOS.obj (.text:ti_sysbios_family_arm_lm4_Timer_start__E)
                  00001e08    0000011c                   : BIOS.obj (.text:ti_sysbios_knl_Swi_run__I)
                  00001f24    00000118     ti.targets.arm.rtsarm.aem4f : Error.oem4f (.text:xdc_runtime_Error_policyDefault__E)
                  0000203c    0000010c     empty_pem4f.oem4f (.text:ti_uia_loggers_LoggerStopMode_write8__E)
                  00002148    00000100     Boot.aem4f : Boot_sysctl.oem4f (.text:ti_catalog_arm_cortexm4_tiva_ce_Boot_sysCtlClockSetI__I)
                  00002248    00000100     ti.targets.arm.rtsarm.aem4f : Core-mem.oem4f (.text:xdc_runtime_Core_createObject__I)
                  00002348    000000f8                                 : Startup.oem4f (.text:xdc_runtime_Startup_startMods__I)
                  00002440    000000f8     empty_pem4f.oem4f (.text:xdc_runtime_System_printfExtend__I)
                  00002538    000000f4     sysbios.aem4f : m3_Hwi_asm.obj (.text:ti_sysbios_family_arm_m3_Hwi_dispatch__I)
                  0000262c    000000f4     empty_pem4f.oem4f (.text:ti_uia_loggers_LoggerStopMode_write4__E)
                  00002720    000000f0     driverlib.lib : sysctl.obj (.text:SysCtlClockSet)
                  00002810    000000e8     empty_pem4f.oem4f (.text:ti_uia_loggers_LoggerStopMode_write1__E)
                  000028f8    000000e8     empty_pem4f.oem4f (.text:ti_uia_loggers_LoggerStopMode_write2__E)
                  000029e0    000000d8     sysbios.aem4f : BIOS.obj (.text:ti_sysbios_family_arm_lm4_TimestampProvider_get32__E)
                  00002ab8    000000d8     empty_pem4f.oem4f (.text:ti_uia_loggers_LoggerStopMode_write0__E)
                  00002b90    000000d4     main.obj (.text:ledToggle)
                  00002c64    00000004     empty_pem4f.oem4f (.text:ti_sysbios_knl_Clock_TimerProxy_getPeriod__E)
                  00002c68    000000cc     sysbios.aem4f : BIOS.obj (.text:ti_sysbios_knl_Task_schedule__I)
                  00002d34    000000cc     ti.targets.arm.rtsarm.aem4f : Core-smem.oem4f (.text:xdc_runtime_Core_constructObject__I)
                  00002e00    000000cc                                 : HeapStd.oem4f (.text:xdc_runtime_HeapStd_Instance_init__E)
                  00002ecc    00000004     empty_pem4f.oem4f (.text:ti_sysbios_knl_Queue_destruct)
                  00002ed0    000000bc     sysbios.aem4f : BIOS.obj (.text:ti_sysbios_family_arm_m3_Hwi_excDebugMon__I)
                  00002f8c    00000004     empty_pem4f.oem4f (.text:ti_sysbios_knl_Semaphore_destruct)
                  00002f90    000000bc     sysbios.aem4f : BIOS.obj (.text:ti_sysbios_family_arm_m3_Hwi_excHardFault__I)
                  0000304c    00000004     ti.uia.loggers.aem4f : LoggerStopMode.oem4f (.text:ti_uia_loggers_LoggerStopMode_getContents__E)
                  00003050    000000bc     sysbios.aem4f : BIOS.obj (.text:ti_sysbios_knl_Task_startCore__E)
                  0000310c    00000004     empty_pem4f.oem4f (.text:ti_uia_loggers_LoggerStopMode_getFilterLevel__E)
                  00003110    000000bc     sysbios.aem4f : BIOS.obj (.text:ti_sysbios_utils_Load_updateLoads__E)
                  000031cc    00000004     ti.uia.loggers.aem4f : LoggerStopMode.oem4f (.text:ti_uia_loggers_LoggerStopMode_getInstanceId__E)
                  000031d0    000000b4     sysbios.aem4f : BIOS.obj (.text:ti_sysbios_gates_GateMutex_enter__E)
                  00003284    00000004     ti.uia.loggers.aem4f : LoggerStopMode.oem4f (.text:ti_uia_loggers_LoggerStopMode_getMaxLength__E)
                  00003288    000000b4     sysbios.aem4f : BIOS.obj (.text:ti_sysbios_knl_Task_checkStacks__E)
                  0000333c    00000004     ti.uia.loggers.aem4f : LoggerStopMode.oem4f (.text:ti_uia_loggers_LoggerStopMode_getPriority__E)
                  00003340    000000b0     sysbios.aem4f : BIOS.obj (.text:ti_sysbios_utils_Load_idleFxn__E)
                  000033f0    000000ac                   : BIOS.obj (.text:ti_sysbios_family_arm_lm4_Timer_enableTiva__I)
                  0000349c    00000004     ti.uia.loggers.aem4f : LoggerStopMode.oem4f (.text:ti_uia_loggers_LoggerStopMode_getTransferType__E)
                  000034a0    000000ac     sysbios.aem4f : BIOS.obj (.text:ti_sysbios_knl_Swi_post__E)
                  0000354c    00000004     ti.targets.arm.rtsarm.aem4f : Error.oem4f (.text:xdc_runtime_Error_getSite__E)
                  00003550    000000a8     sysbios.aem4f : BIOS.obj (.text:ti_sysbios_family_arm_lm4_Timer_enableTimers__I)
                  000035f8    000000a8                   : BIOS.obj (.text:ti_sysbios_knl_Task_blockI__E)
                  000036a0    000000a8     ti.targets.arm.rtsarm.aem4f : HeapStd.oem4f (.text:xdc_runtime_HeapStd_free__E)
                  00003748    000000a0     auto_init.aem4f : auto_init.oem4f (.text)
                  000037e8    000000a0     ti.targets.arm.rtsarm.aem4f : Text.oem4f (.text:xdc_runtime_Text_putMod__E)
                  00003888    0000009c     rtsv7M4_T_le_v4SPD16_eabi.lib : memcpy_t2.obj (.text)
                  00003924    00000004     ti.targets.arm.rtsarm.aem4f : HeapStd.oem4f (.text:xdc_runtime_HeapStd_isBlocking__E)
                  00003928    0000009c     sysbios.aem4f : BIOS.obj (.text:ti_sysbios_knl_Semaphore_Instance_init__E)
                  000039c4    00000004     empty_pem4f.oem4f (.text:xdc_runtime_System_Module_GateProxy_enter__E)
                  000039c8    0000009c     sysbios.aem4f : BIOS.obj (.text:ti_sysbios_knl_Task_postInit__I)
                  00003a64    0000009a     ti.targets.arm.rtsarm.aem4f : Text.oem4f (.text:xdc_runtime_Text_putSite__E)
                  00003afe    00000002     empty_pem4f.oem4f (.text:free)
                  00003b00    00000098     Boot.aem4f : Boot.oem4f (.text:ti_catalog_arm_cortexm4_tiva_ce_Boot_sysCtlClockSet__E)
                  00003b98    00000094     sysbios.aem4f : BIOS.obj (.text:ti_sysbios_family_arm_m3_Hwi_initNVIC__E)
                  00003c2c    00000004     empty_pem4f.oem4f (.text:xdc_runtime_System_Module_GateProxy_leave__E)
                  00003c30    00000094     sysbios.aem4f : BIOS.obj (.text:ti_sysbios_knl_Task_exit__E)
                  00003cc4    00000004     ti.targets.arm.rtsarm.aem4f : System.oem4f (.text:xdc_runtime_System_aprintf_va__F)
                  00003cc8    00000090     sysbios.aem4f : BIOS.obj (.text:ti_sysbios_knl_Task_unblockI__E)
                  00003d58    00000090     ti.uia.loggers.aem4f : LoggerStopMode.oem4f (.text:ti_uia_loggers_LoggerStopMode_initQueueDescriptor__E)
                  00003de8    0000008c     sysbios.aem4f : m3_TaskSupport_asm.obj (.text:ti_sysbios_family_arm_m3_TaskSupport_buildTaskStack)
                  00003e74    00000004     ti.targets.arm.rtsarm.aem4f : System.oem4f (.text:xdc_runtime_System_printf_va__F)
                  00003e78    00000084     sysbios.aem4f : BIOS.obj (.text:ti_sysbios_family_arm_m3_Hwi_postInit__I)
                  00003efc    0000007a     rtsv7M4_T_le_v4SPD16_eabi.lib : memset_t2.obj (.text)
                  00003f76    00000002                                   : i_div0.obj (.text)
                  00003f78    00000074     ti.uia.runtime.aem4f : QueueDescriptor.oem4f (.text:ti_uia_runtime_QueueDescriptor_addToList__E)
                  00003fec    0000006d     ti.targets.arm.rtsarm.aem4f : System.oem4f (.text:xdc_runtime_System_formatNum__I)
                  00004059    00000001     --HOLE-- [fill = 0]
                  0000405a    00000006     driverlib.lib : gpio.obj (.text:GPIOPinRead)
                  00004060    0000006c     sysbios.aem4f : BIOS.obj (.text:ti_sysbios_knl_Swi_restoreHwi__E)
                  000040cc    0000006c     ti.targets.arm.rtsarm.aem4f : Error.oem4f (.text:xdc_runtime_Error_print__E)
                  00004138    0000006c                                 : Memory.oem4f (.text:xdc_runtime_Memory_alloc__E)
                  000041a4    00000068     rtsv7M4_T_le_v4SPD16_eabi.lib : copy_decompress_lzss.obj (.text:decompress:lzss)
                  0000420c    00000068                                   : trgmsg.obj (.text)
                  00004274    00000066     ti.uia.loggers.aem4f : LoggerStopMode.oem4f (.text:ti_uia_loggers_LoggerStopMode_flush__E)
                  000042da    00000066     ti.targets.arm.rtsarm.aem4f : Core-mem.oem4f (.text:xdc_runtime_Core_deleteObject__I)
                  00004340    00000064     sysbios.aem4f : BIOS.obj (.text:ti_sysbios_family_arm_lm4_Timer_Module_startup__E)
                  000043a4    00000002     empty_pem4f.oem4f (.text:ti_sysbios_BIOS_nullFunc__I)
                  000043a6    00000002     empty_pem4f.oem4f (.text:ti_uia_loggers_LoggerStopMode_setFilterLevel__E)
                  000043a8    00000060     sysbios.aem4f : BIOS.obj (.text:ti_sysbios_family_arm_lm4_Timer_isrStub__E)
                  00004408    00000060                   : BIOS.obj (.text:ti_sysbios_knl_Clock_logTick__E)
                  00004468    00000060                   : BIOS.obj (.text:ti_sysbios_utils_Load_logCPULoad__I)
                  000044c8    0000005c                   : BIOS.obj (.text:ti_sysbios_knl_Swi_schedule__I)
                  00004524    00000002     ti.uia.loggers.aem4f : LoggerStopMode.oem4f (.text:ti_uia_loggers_LoggerStopMode_setPriority__E)
                  00004526    00000002     empty_pem4f.oem4f (.text:xdc_runtime_Startup_reset__I)
                  00004528    0000005c     sysbios.aem4f : BIOS.obj (.text:ti_sysbios_knl_Task_Module_startup__E)
                  00004584    0000005b     ti.targets.arm.rtsarm.aem4f : Text.oem4f (.text:xdc_runtime_Text_putLab__E)
                  000045df    00000001     --HOLE-- [fill = 0]
                  000045e0    00000058     boot.aem4f : boot.oem4f (.text)
                  00004638    00000058     sysbios.aem4f : m3_Hwi_asm_switch.obj (.text:ti_sysbios_family_arm_m3_Hwi_initStacks__E)
                  00004690    00000058     empty_pem4f.oem4f (.text:xdc_runtime_HeapStd_Object__create__S)
                  000046e8    00000054     rtsv7M4_T_le_v4SPD16_eabi.lib : exit.obj (.text)
                  0000473c    00000054     ti.targets.arm.rtsarm.aem4f : Assert.oem4f (.text:xdc_runtime_Assert_raise__I)
                  00004790    00000050     sysbios.aem4f : BIOS.obj (.text:ti_sysbios_family_arm_m3_Hwi_Module_startup__E)
                  000047e0    00000050     ti.targets.arm.rtsarm.aem4f : Startup.oem4f (.text:xdc_runtime_Startup_exec__E)
                  00004830    00000050                                 : Text.oem4f (.text:xdc_runtime_Text_visitRope2__I)
                  00004880    0000004c     rtsv7M4_T_le_v4SPD16_eabi.lib : cpy_tbl.obj (.text)
                  000048cc    00000004     --HOLE-- [fill = 0]
                  000048d0    0000004c     sysbios.aem4f : BIOS.obj (.text:ti_sysbios_knl_Swi_runLoop__I)
                  0000491c    00000004     --HOLE-- [fill = 0]
                  00004920    0000004c                   : BIOS.obj (.text:ti_sysbios_knl_Task_allBlockedFunction__I)
                  0000496c    0000004c     ti.uia.loggers.aem4f : LoggerStopMode.oem4f (.text:ti_uia_loggers_LoggerStopMode_Module_startup__E)
                  000049b8    00000048     sysbios.aem4f : BIOS.obj (.text:ti_sysbios_family_arm_m3_Hwi_disableInterrupt__E)
                  00004a00    00000048                   : BIOS.obj (.text:ti_sysbios_family_arm_m3_Hwi_enableInterrupt__E)
                  00004a48    00000048                   : BIOS.obj (.text:ti_sysbios_family_arm_m3_Hwi_excReserved__I)
                  00004a90    00000046     ti.targets.arm.rtsarm.aem4f : Core-params.oem4f (.text:xdc_runtime_Core_assignParams__I)
                  00004ad6    00000002     --HOLE-- [fill = 0]
                  00004ad8    00000044     sysbios.aem4f : BIOS.obj (.text:ti_sysbios_family_arm_m3_Hwi_getStackInfo__E)
                  00004b1c    00000044     ti.uia.loggers.aem4f : LoggerStopMode.oem4f (.text:ti_uia_loggers_LoggerStopMode_initBuffer__I)
                  00004b60    00000044     ti.targets.arm.rtsarm.aem4f : Error.oem4f (.text:xdc_runtime_Error_setX__E)
                  00004ba4    00000044                                 : SysMin.oem4f (.text:xdc_runtime_SysMin_flush__E)
                  00004be8    00000044                                 : Text.oem4f (.text:xdc_runtime_Text_xprintf__I)
                  00004c2c    00000040     rtsv7M4_T_le_v4SPD16_eabi.lib : u_divt2.obj (.text)
                  00004c6c    00000004     --HOLE-- [fill = 0]
                  00004c70    00000040     sysbios.aem4f : BIOS.obj (.text:ti_sysbios_family_arm_lm4_Timer_startup__E)
                  00004cb0    0000003c                   : BIOS.obj (.text:ti_sysbios_family_arm_m3_Hwi_excSvCall__I)
                  00004cec    00000004     --HOLE-- [fill = 0]
                  00004cf0    0000003c                   : BIOS.obj (.text:ti_sysbios_knl_Swi_restore__E)
                  00004d2c    00000004     --HOLE-- [fill = 0]
                  00004d30    00000038                   : BIOS.obj (.text:ti_sysbios_family_arm_m3_Hwi_excNoIsr__I)
                  00004d68    00000038                   : BIOS.obj (.text:ti_sysbios_knl_Task_processVitalTaskFlag__I)
                  00004da0    00000038     ti.targets.arm.rtsarm.aem4f : SysMin.oem4f (.text:xdc_runtime_SysMin_putch__E)
                  00004dd8    00000038                                 : System.oem4f (.text:xdc_runtime_System_atexit__E)
                  00004e10    00000034     driverlib.lib : sysctl.obj (.text:SysCtlPeripheralEnable)
                  00004e44    00000004     --HOLE-- [fill = 0]
                  00004e48    00000034     sysbios.aem4f : BIOS.obj (.text:ti_sysbios_family_arm_m3_Hwi_excNmi__I)
                  00004e7c    00000004     --HOLE-- [fill = 0]
                  00004e80    00000034                   : BIOS.obj (.text:ti_sysbios_hal_Hwi_checkStack)
                  00004eb4    00000034     ti.uia.loggers.aem4f : LoggerStopMode.oem4f (.text:ti_uia_loggers_LoggerStopMode_reset__E)
                  00004ee8    00000034     ti.targets.arm.rtsarm.aem4f : Core-label.oem4f (.text:xdc_runtime_Core_assignLabel__I)
                  00004f1c    00000033                                 : Text.oem4f (.text:xdc_runtime_Text_printVisFxn__I)
                  00004f4f    00000001     --HOLE-- [fill = 0]
                  00004f50    00000032     sysbios.aem4f : BIOS.obj (.text:ti_sysbios_hal_Hwi_initStack)
                  00004f82    00000006     driverlib.lib : gpio.obj (.text:GPIOPinWrite)
                  00004f88    00000032     sysbios.aem4f : BIOS.obj (.text:ti_sysbios_knl_Semaphore_pendTimeout__I)
                  00004fba    00000002     --HOLE-- [fill = 0]
                  00004fbc    00000030     main.obj (.text:hardware_init)
                  00004fec    00000030     empty_pem4f.oem4f (.text:ti_sysbios_BIOS_atExitFunc__I)
                  0000501c    00000004     --HOLE-- [fill = 0]
                  00005020    00000030     sysbios.aem4f : BIOS.obj (.text:ti_sysbios_family_arm_lm4_Timer_stop__E)
                  00005050    00000030                   : BIOS.obj (.text:ti_sysbios_family_arm_m3_TaskSupport_start__E)
                  00005080    00000030     empty_pem4f.oem4f (.text:ti_sysbios_gates_GateHwi_Object__create__S)
                  000050b0    00000030     empty_pem4f.oem4f (.text:ti_sysbios_gates_GateMutex_Object__create__S)
                  000050e0    00000030     empty_pem4f.oem4f (.text:ti_sysbios_knl_Semaphore_construct)
                  00005110    00000030     sysbios.aem4f : BIOS.obj (.text:ti_sysbios_utils_Load_updateCurrentThreadTime__E)
                  00005140    00000030     empty_pem4f.oem4f (.text:ti_uia_loggers_LoggerStopMode_Object__create__S)
                  00005170    00000030     ti.targets.arm.rtsarm.aem4f : SysMin.oem4f (.text:xdc_runtime_SysMin_abort__E)
                  000051a0    00000030                                 : System.oem4f (.text:xdc_runtime_System_processAtExit__E)
                  000051d0    0000002c     empty_pem4f.oem4f (.text:ti_sysbios_knl_Clock_doTick__I)
                  000051fc    0000002c     empty_pem4f.oem4f (.text:ti_sysbios_knl_Queue_construct)
                  00005228    0000002c     sysbios.aem4f : BIOS.obj (.text:ti_sysbios_knl_Task_restore__E)
                  00005254    0000002c     ti.targets.arm.rtsarm.aem4f : Text.oem4f (.text:xdc_runtime_Text_cordText__E)
                  00005280    0000002a     driverlib.lib : gpio.obj (.text:GPIODirModeSet)
                  000052aa    0000002a     ti.targets.arm.rtsarm.aem4f : System.oem4f (.text:xdc_runtime_System_putchar__I)
                  000052d4    00000004     --HOLE-- [fill = 0]
                  000052d8    00000028     sysbios.aem4f : BIOS.obj (.text:ti_sysbios_knl_Swi_Module_startup__E)
                  00005300    00000026                   : m3_Hwi_asm.obj (.text:ti_sysbios_family_arm_m3_Hwi_pendSV__I)
                  00005326    00000026     ti.targets.arm.rtsarm.aem4f : System.oem4f (.text:xdc_runtime_System_avprintf__E)
                  0000534c    00000024     empty_pem4f.oem4f (.text:ti_sysbios_BIOS_errorRaiseHook__I)
                  00005370    00000024     empty_pem4f.oem4f (.text:ti_sysbios_BIOS_registerRTSLock__I)
                  00005394    00000024     empty_pem4f.oem4f (.text:ti_sysbios_BIOS_removeRTSLock__I)
                  000053b8    00000024     empty_pem4f.oem4f (.text:ti_sysbios_BIOS_startFunc__I)
                  000053dc    00000024     empty_pem4f.oem4f (.text:ti_sysbios_gates_GateMutex_Object__delete__S)
                  00005400    00000024     sysbios.aem4f : BIOS.obj (.text:ti_sysbios_knl_Clock_Module_startup__E)
                  00005424    00000004     --HOLE-- [fill = 0]
                  00005428    00000024                   : BIOS.obj (.text:ti_sysbios_knl_Task_restoreHwi__E)
                  0000544c    00000024     ti.targets.arm.rtsarm.aem4f : System.oem4f (.text:xdc_runtime_System_vprintf__E)
                  00005470    00000022     sysbios.aem4f : BIOS.obj (.text:ti_sysbios_family_arm_lm4_Timer_write__I)
                  00005492    00000022     empty_pem4f.oem4f (.text:xdc_runtime_SysMin_output__I)
                  000054b4    00000020     empty_pem4f.oem4f (.text:ti_sysbios_BIOS_rtsLock__I)
                  000054d4    00000020     sysbios.aem4f : m3_Hwi_asm.obj (.text:ti_sysbios_family_arm_m3_Hwi_excHandlerAsm__I)
                  000054f4    00000004     --HOLE-- [fill = 0]
                  000054f8    00000020                   : BIOS.obj (.text:ti_sysbios_family_arm_m3_Hwi_excHandler__I)
                  00005518    00000020     empty_pem4f.oem4f (.text:ti_sysbios_gates_GateHwi_Object__delete__S)
                  00005538    00000020     sysbios.aem4f : BIOS.obj (.text:ti_sysbios_knl_Idle_run__E)
                  00005558    00000020     empty_pem4f.oem4f (.text:ti_sysbios_knl_Semaphore_Object__destruct__S)
                  00005578    00000020     empty_pem4f.oem4f (.text:ti_uia_loggers_LoggerStopMode_Object__delete__S)
                  00005598    00000020     ti.targets.arm.rtsarm.aem4f : Registry.oem4f (.text:xdc_runtime_Registry_findById__E)
                  000055b8    00000020                                 : SysMin.oem4f (.text:xdc_runtime_SysMin_Module_startup__E)
                  000055d8    0000001e     sysbios.aem4f : m3_Hwi_asm_switch.obj (.text:ti_sysbios_family_xxx_Hwi_switchAndRunFunc)
                  000055f6    00000002     --HOLE-- [fill = 0]
                  000055f8    0000001c                   : BIOS.obj (.text:ti_sysbios_gates_GateMutex_Instance_init__E)
                  00005614    0000001c     empty_pem4f.oem4f (.text:ti_sysbios_knl_Queue_Object__destruct__S)
                  00005630    0000001c     sysbios.aem4f : BIOS.obj (.text:ti_sysbios_knl_Queue_put__E)
                  0000564c    00000004     --HOLE-- [fill = 0]
                  00005650    0000001c                   : BIOS.obj (.text:ti_sysbios_knl_Task_enter__I)
                  0000566c    0000001c     ti.uia.loggers.aem4f : LoggerStopMode.oem4f (.text:ti_uia_loggers_LoggerStopMode_Instance_init__E)
                  00005688    0000001c     ti.targets.arm.rtsarm.aem4f : Error.oem4f (.text:xdc_runtime_Error_raiseX__E)
                  000056a4    0000001c     empty_pem4f.oem4f (.text:xdc_runtime_HeapStd_Object__delete__S)
                  000056c0    0000001c     ti.targets.arm.rtsarm.aem4f : Memory.oem4f (.text:xdc_runtime_Memory_valloc__E)
                  000056dc    0000001c                                 : SysMin.oem4f (.text:xdc_runtime_SysMin_exit__E)
                  000056f8    0000001c                                 : System.oem4f (.text:xdc_runtime_System_abort__E)
                  00005714    0000001a     empty_pem4f.oem4f (.text:ti_sysbios_family_arm_m3_Hwi_Handle__label__S)
                  0000572e    0000001a     empty_pem4f.oem4f (.text:ti_sysbios_gates_GateHwi_Handle__label__S)
                  00005748    0000001a     empty_pem4f.oem4f (.text:ti_sysbios_gates_GateMutex_Handle__label__S)
                  00005762    0000001a     empty_pem4f.oem4f (.text:ti_sysbios_knl_Swi_Handle__label__S)
                  0000577c    0000001a     empty_pem4f.oem4f (.text:ti_sysbios_knl_Task_Handle__label__S)
                  00005796    0000001a     empty_pem4f.oem4f (.text:ti_uia_loggers_LoggerStopMode_Handle__label__S)
                  000057b0    0000001a     empty_pem4f.oem4f (.text:xdc_runtime_HeapStd_Handle__label__S)
                  000057ca    0000001a     empty_pem4f.oem4f (.text:xdc_runtime_System_aprintf__E)
                  000057e4    0000001a     empty_pem4f.oem4f (.text:xdc_runtime_System_printf__E)
                  000057fe    00000018     driverlib.lib : gpio.obj (.text:GPIOPinTypeGPIOOutput)
                  00005816    00000002     --HOLE-- [fill = 0]
                  00005818    00000018     rtsv7M4_T_le_v4SPD16_eabi.lib : args_main.obj (.text)
                  00005830    00000018     empty_pem4f.oem4f (.text:ti_sysbios_BIOS_rtsUnlock__I)
                  00005848    00000018     empty_pem4f.oem4f (.text:ti_sysbios_family_arm_lm4_Timer_Module__startupDone__F)
                  00005860    00000018     empty_pem4f.oem4f (.text:ti_sysbios_family_arm_m3_Hwi_Module__startupDone__F)
                  00005878    00000018     sysbios.aem4f : m3_TaskSupport_asm.obj (.text:ti_sysbios_family_arm_m3_TaskSupport_swap__E)
                  00005890    00000018                   : BIOS.obj (.text:ti_sysbios_gates_GateMutex_leave__E)
                  000058a8    00000018     ti.targets.arm.rtsarm.aem4f : Error.oem4f (.text:xdc_runtime_Error_check__E)
                  000058c0    00000018                                 : System.oem4f (.text:xdc_runtime_System_exit__E)
                  000058d8    00000018                                 : Text.oem4f (.text:xdc_runtime_Text_ropeText__E)
                  000058f0    00000016     empty_pem4f.oem4f (.text:ti_sysbios_BIOS_exitFunc__I)
                  00005906    00000016     ti.uia.loggers.aem4f : LoggerStopMode.oem4f (.text:ti_uia_loggers_LoggerStopMode_disable__E)
                  0000591c    00000016                          : LoggerStopMode.oem4f (.text:ti_uia_loggers_LoggerStopMode_enable__E)
                  00005932    00000002     --HOLE-- [fill = 0]
                  00005934    00000014     rtsv7M4_T_le_v4SPD16_eabi.lib : _lock.obj (.text)
                  00005948    00000014                                   : strcpy.obj (.text)
                  0000595c    00000014                                   : strlen.obj (.text)
                  00005970    00000014     empty_pem4f.oem4f (.text:ti_sysbios_family_arm_m3_Hwi_Object__get__S)
                  00005984    00000004     --HOLE-- [fill = 0]
                  00005988    00000014     sysbios.aem4f : BIOS.obj (.text:ti_sysbios_family_arm_m3_Hwi_switchFromBootStack__E)
                  0000599c    00000014     empty_pem4f.oem4f (.text:ti_sysbios_knl_Swi_Object__get__S)
                  000059b0    00000012     sysbios.aem4f : BIOS.obj (.text:ti_sysbios_hal_Hwi_Module_startup__E)
                  000059c2    00000012     empty_pem4f.oem4f (.text:xdc_runtime_Startup_exec__I)
                  000059d4    00000010     main.obj (.text:delay)
                  000059e4    00000004     --HOLE-- [fill = 0]
                  000059e8    00000010     sysbios.aem4f : BIOS.obj (.text:ti_sysbios_BIOS_getCpuFreq__E)
                  000059f8    00000010                   : BIOS.obj (.text:ti_sysbios_BIOS_setThreadType__E)
                  00005a08    00000010                   : BIOS.obj (.text:ti_sysbios_BIOS_start__E)
                  00005a18    00000010                   : BIOS.obj (.text:ti_sysbios_family_arm_lm4_TimestampProvider_rolloverFunc__E)
                  00005a28    00000010                   : m3_TaskSupport_asm.obj (.text:ti_sysbios_family_arm_m3_TaskSupport_glue)
                  00005a38    00000010                   : BIOS.obj (.text:ti_sysbios_gates_GateMutex_Instance_finalize__E)
                  00005a48    00000010                   : BIOS.obj (.text:ti_sysbios_knl_Semaphore_Instance_finalize__E)
                  00005a58    00000010                   : BIOS.obj (.text:ti_sysbios_knl_Swi_disable__E)
                  00005a68    00000010     empty_pem4f.oem4f (.text:ti_sysbios_knl_Task_Object__get__S)
                  00005a78    00000010     sysbios.aem4f : BIOS.obj (.text:ti_sysbios_knl_Task_disable__E)
                  00005a88    00000010     empty_pem4f.oem4f (.text:ti_uia_loggers_LoggerStopMode_Object__get__S)
                  00005a98    00000010     ti.uia.loggers.aem4f : LoggerStopMode.oem4f (.text:ti_uia_loggers_LoggerStopMode_isEmpty__E)
                  00005aa8    00000010     ti.targets.arm.rtsarm.aem4f : Gate.oem4f (.text:xdc_runtime_Gate_leaveSystem__E)
                  00005ab8    00000010                                 : Memory.oem4f (.text:xdc_runtime_Memory_free__E)
                  00005ac8    00000010                                 : SysMin.oem4f (.text:xdc_runtime_SysMin_ready__E)
                  00005ad8    00000010                                 : System.oem4f (.text:xdc_runtime_System_vsnprintf__E)
                  00005ae8    00000010     empty_pem4f.oem4f (.text:xdc_runtime_Text_visitRope__I)
                  00005af8    0000000e     rtsv7M4_T_le_v4SPD16_eabi.lib : copy_decompress_none.obj (.text:decompress:none)
                  00005b06    00000002     --HOLE-- [fill = 0]
                  00005b08    0000000e     sysbios.aem4f : BIOS.obj (.text:ti_sysbios_knl_Idle_loop__E)
                  00005b16    00000002     --HOLE-- [fill = 0]
                  00005b18    0000000e                   : BIOS.obj (.text:ti_sysbios_knl_Queue_empty__E)
                  00005b26    0000000e     ti.targets.arm.rtsarm.aem4f : HeapStd.oem4f (.text:xdc_runtime_HeapStd_getStats__E)
                  00005b34    0000000c     empty_pem4f.oem4f (.text:.bootCodeSection:ti_catalog_arm_cortexm4_tiva_ce_Boot_init__I)
                  00005b40    0000000c     rtsv7M4_T_le_v4SPD16_eabi.lib : copy_zero_init.obj (.text:decompress:ZI)
                  00005b4c    0000000c     main.obj (.text:main)
                  00005b58    0000000c     sysbios.aem4f : BIOS.obj (.text:ti_sysbios_family_arm_lm4_Timer_getMaxTicks__E)
                  00005b64    00000004     --HOLE-- [fill = 0]
                  00005b68    0000000c                   : BIOS.obj (.text:ti_sysbios_family_arm_lm4_TimestampProvider_startTimer__E)
                  00005b74    00000004     --HOLE-- [fill = 0]
                  00005b78    0000000c                   : BIOS.obj (.text:ti_sysbios_family_arm_m3_Hwi_disableFxn__E)
                  00005b84    00000004     --HOLE-- [fill = 0]
                  00005b88    0000000c                   : BIOS.obj (.text:ti_sysbios_family_arm_m3_TaskSupport_checkStack__E)
                  00005b94    00000004     --HOLE-- [fill = 0]
                  00005b98    0000000c                   : BIOS.obj (.text:ti_sysbios_gates_GateHwi_enter__E)
                  00005ba4    0000000c     empty_pem4f.oem4f (.text:ti_sysbios_knl_Queue_Object__get__S)
                  00005bb0    0000000c     ti.targets.arm.rtsarm.aem4f : Error.oem4f (.text:xdc_runtime_Error_init__E)
                  00005bbc    0000000c                                 : Gate.oem4f (.text:xdc_runtime_Gate_enterSystem__E)
                  00005bc8    0000000c                                 : Memory.oem4f (.text:xdc_runtime_Memory_calloc__E)
                  00005bd4    0000000c                                 : Memory.oem4f (.text:xdc_runtime_Memory_getMaxDefaultTypeAlign__E)
                  00005be0    0000000a     empty_pem4f.oem4f (.text:xdc_runtime_IHeap_alloc)
                  00005bea    0000000a     empty_pem4f.oem4f (.text:xdc_runtime_IHeap_free)
                  00005bf4    00000008     sysbios.aem4f : BIOS.obj (.text:ti_sysbios_family_arm_lm4_Timer_masterDisable__I)
                  00005bfc    00000004     --HOLE-- [fill = 0]
                  00005c00    00000008                   : BIOS.obj (.text:ti_sysbios_family_arm_m3_Hwi_doSwiRestore__I)
                  00005c08    00000008                   : BIOS.obj (.text:ti_sysbios_family_arm_m3_Hwi_startup__E)
                  00005c10    00000006     driverlib.lib : sysctl.obj (.text:SysCtlDelay)
                  00005c16    00000006     Boot.aem4f : Boot_sysctl.oem4f (.text:ti_catalog_arm_cortexm4_tiva_ce_Boot_sysCtlDelayI__I)
                  00005c1c    00000004     --HOLE-- [fill = 0]
                  00005c20    00000006     sysbios.aem4f : BIOS.obj (.text:ti_sysbios_family_arm_lm4_TimestampProvider_Module_startup__E)
                  00005c26    00000002     --HOLE-- [fill = 0]
                  00005c28    00000006                   : BIOS.obj (.text:ti_sysbios_family_arm_m3_Hwi_doTaskRestore__I)
                  00005c2e    00000002     --HOLE-- [fill = 0]
                  00005c30    00000006                   : BIOS.obj (.text:ti_sysbios_family_arm_m3_Hwi_restoreFxn__E)
                  00005c36    00000002     --HOLE-- [fill = 0]
                  00005c38    00000006                   : BIOS.obj (.text:ti_sysbios_gates_GateHwi_leave__E)
                  00005c3e    00000002     --HOLE-- [fill = 0]
                  00005c40    00000006                   : BIOS.obj (.text:ti_sysbios_knl_Queue_Instance_init__E)
                  00005c46    00000002     --HOLE-- [fill = 0]
                  00005c48    00000006                   : BIOS.obj (.text:ti_sysbios_knl_Swi_startup__E)
                  00005c4e    00000006     ti.targets.arm.rtsarm.aem4f : System.oem4f (.text:xdc_runtime_System_Module_startup__E)
                  00005c54    00000004     --HOLE-- [fill = 0]
                  00005c58    00000004     sysbios.aem4f : BIOS.obj (.text:ti_sysbios_family_arm_lm4_Timer_getPeriod__E)
                  00005c5c    00000004     --HOLE-- [fill = 0]
                  00005c60    00000004                   : BIOS.obj (.text:ti_sysbios_gates_GateHwi_query__E)
                  00005c64    00000004     --HOLE-- [fill = 0]
                  00005c68    00000004                   : BIOS.obj (.text:ti_sysbios_gates_GateMutex_query__E)
                  00005c6c    00000004     --HOLE-- [fill = 0]
                  00005c70    00000004                   : BIOS.obj (.text:ti_sysbios_knl_Task_startup__E)
                  00005c74    00000004     --HOLE-- [fill = 0]
                  00005c78    00000002                   : BIOS.obj (.text:ti_sysbios_gates_GateHwi_Instance_init__E)

.const     0    00005c7c    00002293     
                  00005c7c    00001bfc     empty_pem4f.oem4f (.const:xdc_runtime_Text_charTab__A)
                  00007878    000000fc     empty_pem4f.oem4f (.const:xdc_runtime_Text_nodeTab__A)
                  00007974    00000060     empty_pem4f.oem4f (.const:ti_uia_loggers_LoggerStopMode_Module__FXNS__C)
                  000079d4    00000048     empty_pem4f.oem4f (.const:.string)
                  00007a1c    00000028     empty_pem4f.oem4f (.const:ti_uia_loggers_LoggerStopMode_Object__PARAMS__C)
                  00007a44    00000028     empty_pem4f.oem4f (.const:xdc_runtime_HeapStd_Module__FXNS__C)
                  00007a6c    00000028     empty_pem4f.oem4f (.const:xdc_runtime_Startup_sfxnTab__A)
                  00007a94    00000024     empty_pem4f.oem4f (.const:ti_sysbios_gates_GateHwi_Module__FXNS__C)
                  00007ab8    00000024     empty_pem4f.oem4f (.const:ti_sysbios_gates_GateMutex_Module__FXNS__C)
                  00007adc    00000024     empty_pem4f.oem4f (.const:ti_sysbios_knl_Semaphore_Object__PARAMS__C)
                  00007b00    00000020     empty_pem4f.oem4f (.const:ti_sysbios_gates_GateHwi_Object__DESC__C)
                  00007b20    00000020     empty_pem4f.oem4f (.const:ti_sysbios_gates_GateMutex_Object__DESC__C)
                  00007b40    00000020     empty_pem4f.oem4f (.const:ti_sysbios_knl_Queue_Object__DESC__C)
                  00007b60    00000020     empty_pem4f.oem4f (.const:ti_sysbios_knl_Semaphore_Object__DESC__C)
                  00007b80    00000020     empty_pem4f.oem4f (.const:ti_uia_loggers_LoggerStopMode_Object__DESC__C)
                  00007ba0    00000020     empty_pem4f.oem4f (.const:xdc_runtime_HeapStd_Object__DESC__C)
                  00007bc0    0000001c     empty_pem4f.oem4f (.const:xdc_runtime_HeapStd_Object__PARAMS__C)
                  00007bdc    00000018     empty_pem4f.oem4f (.const:ti_sysbios_gates_GateHwi_Object__PARAMS__C)
                  00007bf4    00000018     empty_pem4f.oem4f (.const:ti_sysbios_gates_GateMutex_Object__PARAMS__C)
                  00007c0c    00000018     empty_pem4f.oem4f (.const:ti_sysbios_knl_Queue_Object__PARAMS__C)
                  00007c24    00000014     empty_pem4f.oem4f (.const:xdc_runtime_Startup_sfxnRts__A)
                  00007c38    00000010     empty_pem4f.oem4f (.const:xdc_runtime_Startup_firstFxns__A)
                  00007c48    0000000c     empty_pem4f.oem4f (.const:ti_sysbios_knl_Idle_funcList__A)
                  00007c54    00000008     empty_pem4f.oem4f (.const:ti_sysbios_family_arm_m3_Hwi_excHookFuncs__A)
                  00007c5c    00000008     empty_pem4f.oem4f (.const:ti_sysbios_knl_Idle_funcList__C)
                  00007c64    00000008     empty_pem4f.oem4f (.const:xdc_runtime_Startup_firstFxns__C)
                  00007c6c    00000008     empty_pem4f.oem4f (.const:xdc_runtime_Startup_lastFxns__C)
                  00007c74    00000004     empty_pem4f.oem4f (.const:ti_catalog_arm_cortexm4_tiva_ce_Boot_A_mustUseEnhancedClockMode__C)
                  00007c78    00000004     empty_pem4f.oem4f (.const:ti_catalog_arm_cortexm4_tiva_ce_Boot_Module__diagsEnabled__C)
                  00007c7c    00000004     empty_pem4f.oem4f (.const:ti_catalog_arm_cortexm4_tiva_ce_Boot_Module__diagsIncluded__C)
                  00007c80    00000004     empty_pem4f.oem4f (.const:ti_catalog_arm_cortexm4_tiva_ce_Boot_Module__diagsMask__C)
                  00007c84    00000004     empty_pem4f.oem4f (.const:ti_sysbios_family_arm_lm4_Timer_enableFunc__C)
                  00007c88    00000004     empty_pem4f.oem4f (.const:ti_sysbios_family_arm_lm4_Timer_numTimerDevices__C)
                  00007c8c    00000004     empty_pem4f.oem4f (.const:ti_sysbios_family_arm_lm4_Timer_startupNeeded__C)
                  00007c90    00000004     empty_pem4f.oem4f (.const:ti_sysbios_family_arm_m3_Hwi_E_NMI__C)
                  00007c94    00000004     empty_pem4f.oem4f (.const:ti_sysbios_family_arm_m3_Hwi_E_busFault__C)
                  00007c98    00000004     empty_pem4f.oem4f (.const:ti_sysbios_family_arm_m3_Hwi_E_debugMon__C)
                  00007c9c    00000004     empty_pem4f.oem4f (.const:ti_sysbios_family_arm_m3_Hwi_E_hardFault__C)
                  00007ca0    00000004     empty_pem4f.oem4f (.const:ti_sysbios_family_arm_m3_Hwi_E_memFault__C)
                  00007ca4    00000004     empty_pem4f.oem4f (.const:ti_sysbios_family_arm_m3_Hwi_E_noIsr__C)
                  00007ca8    00000004     empty_pem4f.oem4f (.const:ti_sysbios_family_arm_m3_Hwi_E_reserved__C)
                  00007cac    00000004     empty_pem4f.oem4f (.const:ti_sysbios_family_arm_m3_Hwi_E_svCall__C)
                  00007cb0    00000004     empty_pem4f.oem4f (.const:ti_sysbios_family_arm_m3_Hwi_E_usageFault__C)
                  00007cb4    00000004     empty_pem4f.oem4f (.const:ti_sysbios_family_arm_m3_Hwi_LD_end__C)
                  00007cb8    00000004     empty_pem4f.oem4f (.const:ti_sysbios_family_arm_m3_Hwi_LM_begin__C)
                  00007cbc    00000004     empty_pem4f.oem4f (.const:ti_sysbios_family_arm_m3_Hwi_Module__diagsEnabled__C)
                  00007cc0    00000004     empty_pem4f.oem4f (.const:ti_sysbios_family_arm_m3_Hwi_Module__diagsIncluded__C)
                  00007cc4    00000004     empty_pem4f.oem4f (.const:ti_sysbios_family_arm_m3_Hwi_Module__diagsMask__C)
                  00007cc8    00000004     empty_pem4f.oem4f (.const:ti_sysbios_family_arm_m3_Hwi_Module__loggerFxn1__C)
                  00007ccc    00000004     empty_pem4f.oem4f (.const:ti_sysbios_family_arm_m3_Hwi_Module__loggerFxn8__C)
                  00007cd0    00000004     empty_pem4f.oem4f (.const:ti_sysbios_family_arm_m3_Hwi_Module__loggerObj__C)
                  00007cd4    00000004     empty_pem4f.oem4f (.const:ti_sysbios_family_arm_m3_Hwi_NUM_INTERRUPTS__C)
                  00007cd8    00000004     empty_pem4f.oem4f (.const:ti_sysbios_family_arm_m3_Hwi_Object__count__C)
                  00007cdc    00000004     empty_pem4f.oem4f (.const:ti_sysbios_family_arm_m3_Hwi_ccr__C)
                  00007ce0    00000004     empty_pem4f.oem4f (.const:ti_sysbios_family_arm_m3_Hwi_excHandlerFunc__C)
                  00007ce4    00000004     empty_pem4f.oem4f (.const:ti_sysbios_family_arm_m3_Hwi_excHookFuncs__C)
                  00007ce8    00000004     empty_pem4f.oem4f (.const:ti_sysbios_family_arm_m3_Hwi_nullIsrFunc__C)
                  00007cec    00000004     empty_pem4f.oem4f (.const:ti_sysbios_family_arm_m3_Hwi_priGroup__C)
                  00007cf0    00000004     empty_pem4f.oem4f (.const:ti_sysbios_gates_GateMutex_A_badContext__C)
                  00007cf4    00000004     empty_pem4f.oem4f (.const:ti_sysbios_gates_GateMutex_Instance_State_sem__O)
                  00007cf8    00000004     empty_pem4f.oem4f (.const:ti_sysbios_gates_GateMutex_Module__diagsEnabled__C)
                  00007cfc    00000004     empty_pem4f.oem4f (.const:ti_sysbios_gates_GateMutex_Module__diagsIncluded__C)
                  00007d00    00000004     empty_pem4f.oem4f (.const:ti_sysbios_gates_GateMutex_Module__diagsMask__C)
                  00007d04    00000004     empty_pem4f.oem4f (.const:ti_sysbios_hal_Hwi_E_stackOverflow__C)
                  00007d08    00000004     empty_pem4f.oem4f (.const:ti_sysbios_knl_Clock_LM_begin__C)
                  00007d0c    00000004     empty_pem4f.oem4f (.const:ti_sysbios_knl_Clock_LM_tick__C)
                  00007d10    00000004     empty_pem4f.oem4f (.const:ti_sysbios_knl_Clock_LW_delayed__C)
                  00007d14    00000004     empty_pem4f.oem4f (.const:ti_sysbios_knl_Clock_Module_State_clockQ__O)
                  00007d18    00000004     empty_pem4f.oem4f (.const:ti_sysbios_knl_Clock_Module__diagsEnabled__C)
                  00007d1c    00000004     empty_pem4f.oem4f (.const:ti_sysbios_knl_Clock_Module__diagsIncluded__C)
                  00007d20    00000004     empty_pem4f.oem4f (.const:ti_sysbios_knl_Clock_Module__diagsMask__C)
                  00007d24    00000004     empty_pem4f.oem4f (.const:ti_sysbios_knl_Clock_Module__loggerFxn1__C)
                  00007d28    00000004     empty_pem4f.oem4f (.const:ti_sysbios_knl_Clock_Module__loggerFxn2__C)
                  00007d2c    00000004     empty_pem4f.oem4f (.const:ti_sysbios_knl_Clock_Module__loggerObj__C)
                  00007d30    00000004     empty_pem4f.oem4f (.const:ti_sysbios_knl_Semaphore_A_badContext__C)
                  00007d34    00000004     empty_pem4f.oem4f (.const:ti_sysbios_knl_Semaphore_A_noEvents__C)
                  00007d38    00000004     empty_pem4f.oem4f (.const:ti_sysbios_knl_Semaphore_A_overflow__C)
                  00007d3c    00000004     empty_pem4f.oem4f (.const:ti_sysbios_knl_Semaphore_A_pendTaskDisabled__C)
                  00007d40    00000004     empty_pem4f.oem4f (.const:ti_sysbios_knl_Semaphore_Instance_State_pendQ__O)
                  00007d44    00000004     empty_pem4f.oem4f (.const:ti_sysbios_knl_Semaphore_LM_pend__C)
                  00007d48    00000004     empty_pem4f.oem4f (.const:ti_sysbios_knl_Semaphore_LM_post__C)
                  00007d4c    00000004     empty_pem4f.oem4f (.const:ti_sysbios_knl_Semaphore_Module__diagsEnabled__C)
                  00007d50    00000004     empty_pem4f.oem4f (.const:ti_sysbios_knl_Semaphore_Module__diagsIncluded__C)
                  00007d54    00000004     empty_pem4f.oem4f (.const:ti_sysbios_knl_Semaphore_Module__diagsMask__C)
                  00007d58    00000004     empty_pem4f.oem4f (.const:ti_sysbios_knl_Semaphore_Module__loggerFxn2__C)
                  00007d5c    00000004     empty_pem4f.oem4f (.const:ti_sysbios_knl_Semaphore_Module__loggerFxn4__C)
                  00007d60    00000004     empty_pem4f.oem4f (.const:ti_sysbios_knl_Semaphore_Module__loggerObj__C)
                  00007d64    00000004     empty_pem4f.oem4f (.const:ti_sysbios_knl_Swi_LD_end__C)
                  00007d68    00000004     empty_pem4f.oem4f (.const:ti_sysbios_knl_Swi_LM_begin__C)
                  00007d6c    00000004     empty_pem4f.oem4f (.const:ti_sysbios_knl_Swi_LM_post__C)
                  00007d70    00000004     empty_pem4f.oem4f (.const:ti_sysbios_knl_Swi_Module__diagsEnabled__C)
                  00007d74    00000004     empty_pem4f.oem4f (.const:ti_sysbios_knl_Swi_Module__diagsIncluded__C)
                  00007d78    00000004     empty_pem4f.oem4f (.const:ti_sysbios_knl_Swi_Module__diagsMask__C)
                  00007d7c    00000004     empty_pem4f.oem4f (.const:ti_sysbios_knl_Swi_Module__loggerFxn1__C)
                  00007d80    00000004     empty_pem4f.oem4f (.const:ti_sysbios_knl_Swi_Module__loggerFxn4__C)
                  00007d84    00000004     empty_pem4f.oem4f (.const:ti_sysbios_knl_Swi_Module__loggerObj__C)
                  00007d88    00000004     empty_pem4f.oem4f (.const:ti_sysbios_knl_Swi_Object__count__C)
                  00007d8c    00000004     empty_pem4f.oem4f (.const:ti_sysbios_knl_Task_E_spOutOfBounds__C)
                  00007d90    00000004     empty_pem4f.oem4f (.const:ti_sysbios_knl_Task_E_stackOverflow__C)
                  00007d94    00000004     empty_pem4f.oem4f (.const:ti_sysbios_knl_Task_LD_block__C)
                  00007d98    00000004     empty_pem4f.oem4f (.const:ti_sysbios_knl_Task_LD_exit__C)
                  00007d9c    00000004     empty_pem4f.oem4f (.const:ti_sysbios_knl_Task_LD_ready__C)
                  00007da0    00000004     empty_pem4f.oem4f (.const:ti_sysbios_knl_Task_LM_switch__C)
                  00007da4    00000004     empty_pem4f.oem4f (.const:ti_sysbios_knl_Task_Module_State_inactiveQ__O)
                  00007da8    00000004     empty_pem4f.oem4f (.const:ti_sysbios_knl_Task_Module__diagsEnabled__C)
                  00007dac    00000004     empty_pem4f.oem4f (.const:ti_sysbios_knl_Task_Module__diagsIncluded__C)
                  00007db0    00000004     empty_pem4f.oem4f (.const:ti_sysbios_knl_Task_Module__diagsMask__C)
                  00007db4    00000004     empty_pem4f.oem4f (.const:ti_sysbios_knl_Task_Module__loggerFxn2__C)
                  00007db8    00000004     empty_pem4f.oem4f (.const:ti_sysbios_knl_Task_Module__loggerFxn4__C)
                  00007dbc    00000004     empty_pem4f.oem4f (.const:ti_sysbios_knl_Task_Module__loggerObj__C)
                  00007dc0    00000004     empty_pem4f.oem4f (.const:ti_sysbios_knl_Task_Object__count__C)
                  00007dc4    00000004     empty_pem4f.oem4f (.const:ti_sysbios_knl_Task_allBlockedFunc__C)
                  00007dc8    00000004     empty_pem4f.oem4f (.const:ti_sysbios_knl_Task_numConstructedTasks__C)
                  00007dcc    00000004     empty_pem4f.oem4f (.const:ti_sysbios_utils_Load_LS_cpuLoad__C)
                  00007dd0    00000004     empty_pem4f.oem4f (.const:ti_sysbios_utils_Load_Module__diagsEnabled__C)
                  00007dd4    00000004     empty_pem4f.oem4f (.const:ti_sysbios_utils_Load_Module__diagsIncluded__C)
                  00007dd8    00000004     empty_pem4f.oem4f (.const:ti_sysbios_utils_Load_Module__diagsMask__C)
                  00007ddc    00000004     empty_pem4f.oem4f (.const:ti_sysbios_utils_Load_Module__loggerFxn1__C)
                  00007de0    00000004     empty_pem4f.oem4f (.const:ti_sysbios_utils_Load_Module__loggerObj__C)
                  00007de4    00000004     empty_pem4f.oem4f (.const:ti_sysbios_utils_Load_postUpdate__C)
                  00007de8    00000004     empty_pem4f.oem4f (.const:ti_sysbios_utils_Load_windowInMs__C)
                  00007dec    00000004     empty_pem4f.oem4f (.const:ti_uia_loggers_LoggerStopMode_Module__diagsEnabled__C)
                  00007df0    00000004     empty_pem4f.oem4f (.const:ti_uia_loggers_LoggerStopMode_Module__diagsIncluded__C)
                  00007df4    00000004     empty_pem4f.oem4f (.const:ti_uia_loggers_LoggerStopMode_Module__diagsMask__C)
                  00007df8    00000004     empty_pem4f.oem4f (.const:ti_uia_loggers_LoggerStopMode_Object__count__C)
                  00007dfc    00000004     empty_pem4f.oem4f (.const:ti_uia_runtime_ILoggerSnapshot_Interface__BASE__C)
                  00007e00    00000004     empty_pem4f.oem4f (.const:ti_uia_runtime_IUIATransfer_Interface__BASE__C)
                  00007e04    00000004     empty_pem4f.oem4f (.const:xdc_runtime_Assert_E_assertFailed__C)
                  00007e08    00000004     empty_pem4f.oem4f (.const:xdc_runtime_Core_A_initializedParams__C)
                  00007e0c    00000004     empty_pem4f.oem4f (.const:xdc_runtime_Core_Module__diagsEnabled__C)
                  00007e10    00000004     empty_pem4f.oem4f (.const:xdc_runtime_Core_Module__diagsIncluded__C)
                  00007e14    00000004     empty_pem4f.oem4f (.const:xdc_runtime_Core_Module__diagsMask__C)
                  00007e18    00000004     empty_pem4f.oem4f (.const:xdc_runtime_Error_E_memory__C)
                  00007e1c    00000004     empty_pem4f.oem4f (.const:xdc_runtime_Error_Module__diagsEnabled__C)
                  00007e20    00000004     empty_pem4f.oem4f (.const:xdc_runtime_Error_Module__diagsIncluded__C)
                  00007e24    00000004     empty_pem4f.oem4f (.const:xdc_runtime_Error_Module__diagsMask__C)
                  00007e28    00000004     empty_pem4f.oem4f (.const:xdc_runtime_Error_Module__loggerFxn8__C)
                  00007e2c    00000004     empty_pem4f.oem4f (.const:xdc_runtime_Error_Module__loggerObj__C)
                  00007e30    00000004     empty_pem4f.oem4f (.const:xdc_runtime_Error_policyFxn__C)
                  00007e34    00000004     empty_pem4f.oem4f (.const:xdc_runtime_Error_raiseHook__C)
                  00007e38    00000004     empty_pem4f.oem4f (.const:xdc_runtime_HeapStd_A_align__C)
                  00007e3c    00000004     empty_pem4f.oem4f (.const:xdc_runtime_HeapStd_A_invalidTotalFreeSize__C)
                  00007e40    00000004     empty_pem4f.oem4f (.const:xdc_runtime_HeapStd_A_zeroSize__C)
                  00007e44    00000004     empty_pem4f.oem4f (.const:xdc_runtime_HeapStd_E_noRTSMemory__C)
                  00007e48    00000004     empty_pem4f.oem4f (.const:xdc_runtime_HeapStd_Module__diagsEnabled__C)
                  00007e4c    00000004     empty_pem4f.oem4f (.const:xdc_runtime_HeapStd_Module__diagsIncluded__C)
                  00007e50    00000004     empty_pem4f.oem4f (.const:xdc_runtime_HeapStd_Module__diagsMask__C)
                  00007e54    00000004     empty_pem4f.oem4f (.const:xdc_runtime_IFilterLogger_Interface__BASE__C)
                  00007e58    00000004     empty_pem4f.oem4f (.const:xdc_runtime_IGateProvider_Interface__BASE__C)
                  00007e5c    00000004     empty_pem4f.oem4f (.const:xdc_runtime_IHeap_Interface__BASE__C)
                  00007e60    00000004     empty_pem4f.oem4f (.const:xdc_runtime_ILogger_Interface__BASE__C)
                  00007e64    00000004     empty_pem4f.oem4f (.const:xdc_runtime_IModule_Interface__BASE__C)
                  00007e68    00000004     empty_pem4f.oem4f (.const:xdc_runtime_Log_L_error__C)
                  00007e6c    00000004     empty_pem4f.oem4f (.const:xdc_runtime_Log_L_info__C)
                  00007e70    00000004     empty_pem4f.oem4f (.const:xdc_runtime_Main_Module__diagsEnabled__C)
                  00007e74    00000004     empty_pem4f.oem4f (.const:xdc_runtime_Main_Module__diagsIncluded__C)
                  00007e78    00000004     empty_pem4f.oem4f (.const:xdc_runtime_Main_Module__diagsMask__C)
                  00007e7c    00000004     empty_pem4f.oem4f (.const:xdc_runtime_Main_Module__loggerFxn4__C)
                  00007e80    00000004     empty_pem4f.oem4f (.const:xdc_runtime_Main_Module__loggerObj__C)
                  00007e84    00000004     empty_pem4f.oem4f (.const:xdc_runtime_Memory_defaultHeapInstance__C)
                  00007e88    00000004     empty_pem4f.oem4f (.const:xdc_runtime_Startup_execImpl__C)
                  00007e8c    00000004     empty_pem4f.oem4f (.const:xdc_runtime_Startup_lastFxns__A)
                  00007e90    00000004     empty_pem4f.oem4f (.const:xdc_runtime_Startup_maxPasses__C)
                  00007e94    00000004     empty_pem4f.oem4f (.const:xdc_runtime_Startup_sfxnRts__C)
                  00007e98    00000004     empty_pem4f.oem4f (.const:xdc_runtime_Startup_sfxnTab__C)
                  00007e9c    00000004     empty_pem4f.oem4f (.const:xdc_runtime_SysMin_bufSize__C)
                  00007ea0    00000004     empty_pem4f.oem4f (.const:xdc_runtime_SysMin_outputFunc__C)
                  00007ea4    00000004     empty_pem4f.oem4f (.const:xdc_runtime_System_Module__gateObj__C)
                  00007ea8    00000004     empty_pem4f.oem4f (.const:xdc_runtime_System_abortFxn__C)
                  00007eac    00000004     empty_pem4f.oem4f (.const:xdc_runtime_System_exitFxn__C)
                  00007eb0    00000004     empty_pem4f.oem4f (.const:xdc_runtime_System_extendFxn__C)
                  00007eb4    00000004     empty_pem4f.oem4f (.const:xdc_runtime_System_maxAtexitHandlers__C)
                  00007eb8    00000004     empty_pem4f.oem4f (.const:xdc_runtime_Text_charTab__C)
                  00007ebc    00000004     empty_pem4f.oem4f (.const:xdc_runtime_Text_nameEmpty__C)
                  00007ec0    00000004     empty_pem4f.oem4f (.const:xdc_runtime_Text_nameStatic__C)
                  00007ec4    00000004     empty_pem4f.oem4f (.const:xdc_runtime_Text_nameUnknown__C)
                  00007ec8    00000004     empty_pem4f.oem4f (.const:xdc_runtime_Text_nodeTab__C)
                  00007ecc    00000004     empty_pem4f.oem4f (.const:xdc_runtime_Text_visitRopeFxn__C)
                  00007ed0    00000002     empty_pem4f.oem4f (.const:ti_catalog_arm_cortexm4_tiva_ce_Boot_Module__id__C)
                  00007ed2    00000002     empty_pem4f.oem4f (.const:ti_sysbios_family_arm_lm4_TimestampProvider_useClockTimer__C)
                  00007ed4    00000002     empty_pem4f.oem4f (.const:ti_sysbios_family_arm_m3_Hwi_Module__id__C)
                  00007ed6    00000002     empty_pem4f.oem4f (.const:ti_sysbios_family_arm_m3_Hwi_Module__loggerDefined__C)
                  00007ed8    00000002     empty_pem4f.oem4f (.const:ti_sysbios_gates_GateMutex_Module__id__C)
                  00007eda    00000002     empty_pem4f.oem4f (.const:ti_sysbios_hal_Hwi_Module__id__C)
                  00007edc    00000002     empty_pem4f.oem4f (.const:ti_sysbios_knl_Clock_Module__id__C)
                  00007ede    00000002     empty_pem4f.oem4f (.const:ti_sysbios_knl_Clock_Module__loggerDefined__C)
                  00007ee0    00000002     empty_pem4f.oem4f (.const:ti_sysbios_knl_Semaphore_Module__id__C)
                  00007ee2    00000002     empty_pem4f.oem4f (.const:ti_sysbios_knl_Semaphore_Module__loggerDefined__C)
                  00007ee4    00000002     empty_pem4f.oem4f (.const:ti_sysbios_knl_Swi_Module__id__C)
                  00007ee6    00000002     empty_pem4f.oem4f (.const:ti_sysbios_knl_Swi_Module__loggerDefined__C)
                  00007ee8    00000002     empty_pem4f.oem4f (.const:ti_sysbios_knl_Task_Module__id__C)
                  00007eea    00000002     empty_pem4f.oem4f (.const:ti_sysbios_knl_Task_Module__loggerDefined__C)
                  00007eec    00000002     empty_pem4f.oem4f (.const:ti_sysbios_utils_Load_Module__id__C)
                  00007eee    00000002     empty_pem4f.oem4f (.const:ti_sysbios_utils_Load_Module__loggerDefined__C)
                  00007ef0    00000002     empty_pem4f.oem4f (.const:ti_sysbios_utils_Load_updateInIdle__C)
                  00007ef2    00000002     empty_pem4f.oem4f (.const:ti_uia_loggers_LoggerStopMode_Module__id__C)
                  00007ef4    00000002     empty_pem4f.oem4f (.const:ti_uia_loggers_LoggerStopMode_isTimestampEnabled__C)
                  00007ef6    00000002     empty_pem4f.oem4f (.const:xdc_runtime_Core_Module__id__C)
                  00007ef8    00000002     empty_pem4f.oem4f (.const:xdc_runtime_Error_Module__loggerDefined__C)
                  00007efa    00000002     empty_pem4f.oem4f (.const:xdc_runtime_Error_maxDepth__C)
                  00007efc    00000002     empty_pem4f.oem4f (.const:xdc_runtime_HeapStd_Module__id__C)
                  00007efe    00000002     empty_pem4f.oem4f (.const:xdc_runtime_Main_Module__id__C)
                  00007f00    00000002     empty_pem4f.oem4f (.const:xdc_runtime_Main_Module__loggerDefined__C)
                  00007f02    00000002     empty_pem4f.oem4f (.const:xdc_runtime_Memory_Module__id__C)
                  00007f04    00000002     empty_pem4f.oem4f (.const:xdc_runtime_SysMin_flushAtExit__C)
                  00007f06    00000002     empty_pem4f.oem4f (.const:xdc_runtime_Text_charCnt__C)
                  00007f08    00000002     empty_pem4f.oem4f (.const:xdc_runtime_Text_isLoaded__C)
                  00007f0a    00000002     empty_pem4f.oem4f (.const:xdc_runtime_Text_registryModsLastId__C)
                  00007f0c    00000002     empty_pem4f.oem4f (.const:xdc_runtime_Text_unnamedModsLastId__C)
                  00007f0e    00000001     empty_pem4f.oem4f (.const:xdc_runtime_Error_policy__C)

.cinit     0    00007f10    00000258     
                  00007f10    0000021f     (.cinit..data.load) [load image, compression = lzss]
                  0000812f    00000001     --HOLE-- [fill = 0]
                  00008130    0000000c     (__TI_handler_table)
                  0000813c    00000004     --HOLE-- [fill = 0]
                  00008140    00000008     (.cinit..bss.load) [load image, compression = zero_init]
                  00008148    00000008     (.cinit..vecs.load) [load image, compression = zero_init]
                  00008150    00000018     (__TI_cinit_table)

.init_array 
*          0    00000000    00000000     UNINITIALIZED

.resetVecs 
*          0    00000000    0000003c     
                  00000000    0000003c     empty_pem4f.oem4f (.resetVecs)

.vecs      0    20000000    00000360     UNINITIALIZED
                  20000000    00000360     empty_pem4f.oem4f (.vecs)

.bss       0    20000380    000018b0     UNINITIALIZED
                  20000380    00000800     empty_pem4f.oem4f (.bss:taskStackSection)
                  20000b80    00000400     (.common:ti_uia_loggers_LoggerStopMode_Instance_State_1_packetArray__A)
                  20000f80    00000400     (.common:ti_uia_loggers_LoggerStopMode_Instance_State_2_packetArray__A)
                  20001380    00000360     (.common:ti_sysbios_family_arm_m3_Hwi_dispatchTable)
                  200016e0    00000008     rtsv7M4_T_le_v4SPD16_eabi.lib : trgdrv.obj (.bss:parmbuf)
                  200016e8    00000018     --HOLE--
                  20001700    00000200     (.common:ti_uia_loggers_LoggerStopMode_Instance_State_0_packetArray__A)
                  20001900    00000120                                   : trgmsg.obj (.bss:_CIOBUF_)
                  20001a20    00000080     (.common:xdc_runtime_SysMin_Module_State_0_outbuf__A)
                  20001aa0    00000060     --HOLE--
                  20001b00    00000030     (.common:ti_uia_loggers_LoggerStopMode_Instance_State_0_hdr__A)
                  20001b30    00000050     --HOLE--
                  20001b80    00000030     (.common:ti_uia_loggers_LoggerStopMode_Instance_State_1_hdr__A)
                  20001bb0    00000050     --HOLE--
                  20001c00    00000030     (.common:ti_uia_loggers_LoggerStopMode_Instance_State_2_hdr__A)

.data      0    20001c30    00000584     UNINITIALIZED
                  20001c30    0000009c     empty_pem4f.oem4f (.data:ti_uia_loggers_LoggerStopMode_Object__table__V)
                  20001ccc    00000098     empty_pem4f.oem4f (.data:ti_sysbios_utils_Load_Module__state__V)
                  20001d64    00000080     empty_pem4f.oem4f (.data:ti_sysbios_family_arm_lm4_Timer_Object__table__V)
                  20001de4    00000080     empty_pem4f.oem4f (.data:ti_sysbios_knl_Swi_Module_State_0_readyQ__A)
                  20001e64    00000080     empty_pem4f.oem4f (.data:ti_sysbios_knl_Task_Module_State_0_readyQ__A)
                  20001ee4    0000004c     empty_pem4f.oem4f (.data:ti_sysbios_knl_Task_Object__table__V)
                  20001f30    00000044     empty_pem4f.oem4f (.data:ti_sysbios_knl_Task_Module__state__V)
                  20001f74    00000034     empty_pem4f.oem4f (.data:ti_sysbios_family_arm_m3_Hwi_Module__state__V)
                  20001fa8    00000030     empty_pem4f.oem4f (.data:ti_sysbios_family_arm_lm4_Timer_Module_State_0_device__A)
                  20001fd8    00000030     empty_pem4f.oem4f (.data:ti_sysbios_family_arm_m3_Hwi_Object__table__V)
                  20002008    00000030     empty_pem4f.oem4f (.data:ti_sysbios_knl_Swi_Object__table__V)
                  20002038    0000002c     empty_pem4f.oem4f (.data:ti_sysbios_knl_Clock_Module__state__V)
                  20002064    00000024     empty_pem4f.oem4f (.data:ti_sysbios_BIOS_Module__state__V)
                  20002088    0000001c     empty_pem4f.oem4f (.data:ti_sysbios_gates_GateMutex_Object__table__V)
                  200020a4    0000001c     empty_pem4f.oem4f (.data:ti_sysbios_knl_Swi_Module__state__V)
                  200020c0    00000018     empty_pem4f.oem4f (.data:ti_sysbios_family_arm_lm4_Timer_Module_State_0_handles__A)
                  200020d8    0000000c     rtsv7M4_T_le_v4SPD16_eabi.lib : exit.obj (.data:$O1$$)
                  200020e4    0000000c     empty_pem4f.oem4f (.data:ti_sysbios_family_arm_lm4_Timer_Module__state__V)
                  200020f0    0000000c     empty_pem4f.oem4f (.data:ti_sysbios_knl_Task_Module__root__V)
                  200020fc    0000000c     empty_pem4f.oem4f (.data:ti_uia_runtime_QueueDescriptor_Module__state__V)
                  20002108    0000000c     empty_pem4f.oem4f (.data:xdc_runtime_HeapStd_Object__table__V)
                  20002114    0000000c     empty_pem4f.oem4f (.data:xdc_runtime_SysMin_Module__state__V)
                  20002120    00000008     rtsv7M4_T_le_v4SPD16_eabi.lib : _lock.obj (.data:$O1$$)
                  20002128    00000008     ti.uia.runtime.aem4f : QueueDescriptor.oem4f (.data)
                  20002130    00000008     empty_pem4f.oem4f (.data:ti_sysbios_family_arm_lm4_TimestampProvider_Module__state__V)
                  20002138    00000008     empty_pem4f.oem4f (.data:ti_sysbios_gates_GateHwi_Module__root__V)
                  20002140    00000008     empty_pem4f.oem4f (.data:ti_sysbios_gates_GateMutex_Module__root__V)
                  20002148    00000008     empty_pem4f.oem4f (.data:ti_sysbios_knl_Queue_Module__root__V)
                  20002150    00000008     empty_pem4f.oem4f (.data:ti_sysbios_knl_Semaphore_Module__root__V)
                  20002158    00000008     empty_pem4f.oem4f (.data:ti_uia_loggers_LoggerStopMode_Module__root__V)
                  20002160    00000008     empty_pem4f.oem4f (.data:xdc_runtime_HeapStd_Module__root__V)
                  20002168    00000008     empty_pem4f.oem4f (.data:xdc_runtime_Registry_Module__state__V)
                  20002170    00000008     empty_pem4f.oem4f (.data:xdc_runtime_Startup_Module__state__V)
                  20002178    00000008     empty_pem4f.oem4f (.data:xdc_runtime_System_Module_State_0_atexitHandlers__A)
                  20002180    00000008     empty_pem4f.oem4f (.data:xdc_runtime_System_Module__state__V)
                  20002188    00000004     rtsv7M4_T_le_v4SPD16_eabi.lib : stkdepth_vars.obj (.data)
                  2000218c    00000004     empty_pem4f.oem4f (.data:ti_sysbios_family_arm_m3_Hwi_Module_State_0_excContext__A)
                  20002190    00000004     empty_pem4f.oem4f (.data:ti_sysbios_family_arm_m3_Hwi_Module_State_0_excStack__A)
                  20002194    00000004     empty_pem4f.oem4f (.data:ti_sysbios_gates_GateHwi_Object__table__V)
                  20002198    00000004     empty_pem4f.oem4f (.data:ti_sysbios_knl_Task_Module_State_0_idleTask__A)
                  2000219c    00000004     empty_pem4f.oem4f (.data:ti_sysbios_utils_Load_Module_State_0_runningTask__A)
                  200021a0    00000004     empty_pem4f.oem4f (.data:ti_sysbios_utils_Load_Module_State_0_taskStartTime__A)
                  200021a4    00000004     empty_pem4f.oem4f (.data:xdc_runtime_HeapStd_Module__state__V)
                  200021a8    00000004     empty_pem4f.oem4f (.data:xdc_runtime_Memory_Module__state__V)
                  200021ac    00000002     main.obj (.data)
                  200021ae    00000002     empty_pem4f.oem4f (.data:ti_sysbios_family_arm_m3_Hwi_Module_State_0_excActive__A)
                  200021b0    00000002     empty_pem4f.oem4f (.data:xdc_runtime_Error_Module__state__V)
                  200021b2    00000002     empty_pem4f.oem4f (.data:xdc_runtime_Main_Module__root__V)

.stack     0    200021b4    00000400     UNINITIALIZED
                  200021b4    00000400     --HOLE--

.bootVecs 
*          0    00000000    00000008     DSECT
                  00000000    00000008     boot.aem4f : boot.oem4f (.bootVecs)

xdc.meta   0    00000000    000000df     COPY SECTION
                  00000000    000000df     empty_pem4f.oem4f (xdc.meta)

MODULE SUMMARY

       Module                     code    ro data   rw data
       ------                     ----    -------   -------
    .\
       main.obj                   288     0         2      
    +--+--------------------------+-------+---------+---------+
       Total:                     288     0         2      
                                                           
    C:\TIRTOS_Workshop_Labs\Lab_04\Project\Debug\configPkg\package\cfg\
       empty_pem4f.oem4f          3096    8911      7986   
    +--+--------------------------+-------+---------+---------+
       Total:                     3096    8911      7986   
                                                           
    C:/ti/tirtos_tivac_2_16_00_08/products/TivaWare_C_Series-2.1.1.71b/driverlib/ccs/Debug/driverlib.lib
       gpio.obj                   382     0         0      
       sysctl.obj                 298     0         0      
    +--+--------------------------+-------+---------+---------+
       Total:                     680     0         0      
                                                           
    C:\TIRTOS_Workshop_Labs\Lab_04\Project\src\sysbios\sysbios.aem4f
       BIOS.obj                   11106   0         0      
       m3_Hwi_asm.obj             314     0         0      
       m3_TaskSupport_asm.obj     180     0         0      
       m3_Hwi_asm_switch.obj      118     0         0      
    +--+--------------------------+-------+---------+---------+
       Total:                     11718   0         0      
                                                           
    C:\ti\ccsv7\tools\compiler\ti-cgt-arm_16.9.3.LTS\lib\rtsv7M4_T_le_v4SPD16_eabi.lib
       trgdrv.obj                 804     0         8      
       trgmsg.obj                 104     0         288    
       memcpy_t2.obj              156     0         0      
       memset_t2.obj              122     0         0      
       copy_decompress_lzss.obj   104     0         0      
       exit.obj                   84      0         12     
       cpy_tbl.obj                76      0         0      
       u_divt2.obj                64      0         0      
       _lock.obj                  20      0         8      
       args_main.obj              24      0         0      
       strcpy.obj                 20      0         0      
       strlen.obj                 20      0         0      
       copy_decompress_none.obj   14      0         0      
       copy_zero_init.obj         12      0         0      
       stkdepth_vars.obj          0       0         4      
       i_div0.obj                 2       0         0      
    +--+--------------------------+-------+---------+---------+
       Total:                     1626    0         320    
                                                           
    C:\ti\tirtos_tivac_2_16_00_08\products\bios_6_45_01_29\packages\ti\catalog\arm\cortexm4\tiva\ce\lib\Boot.aem4f
       Boot_sysctl.oem4f          262     0         0      
       Boot.oem4f                 152     0         0      
    +--+--------------------------+-------+---------+---------+
       Total:                     414     0         0      
                                                           
    C:\ti\tirtos_tivac_2_16_00_08\products\bios_6_45_01_29\packages\ti\targets\arm\rtsarm\lib\auto_init.aem4f
       auto_init.oem4f            160     0         0      
    +--+--------------------------+-------+---------+---------+
       Total:                     160     0         0      
                                                           
    C:\ti\tirtos_tivac_2_16_00_08\products\bios_6_45_01_29\packages\ti\targets\arm\rtsarm\lib\boot.aem4f
       boot.oem4f                 88      0         0      
    +--+--------------------------+-------+---------+---------+
       Total:                     88      0         0      
                                                           
    C:\ti\tirtos_tivac_2_16_00_08\products\bios_6_45_01_29\packages\ti\targets\arm\rtsarm\lib\ti.targets.arm.rtsarm.aem4f
       System.oem4f               1255    0         0      
       HeapStd.oem4f              714     0         0      
       Text.oem4f                 672     0         0      
       Error.oem4f                524     0         0      
       Core-mem.oem4f             358     0         0      
       Startup.oem4f              328     0         0      
       SysMin.oem4f               248     0         0      
       Core-smem.oem4f            204     0         0      
       Memory.oem4f               176     0         0      
       Assert.oem4f               84      0         0      
       Core-params.oem4f          70      0         0      
       Core-label.oem4f           52      0         0      
       Registry.oem4f             32      0         0      
       Gate.oem4f                 28      0         0      
    +--+--------------------------+-------+---------+---------+
       Total:                     4745    0         0      
                                                           
    C:\ti\tirtos_tivac_2_16_00_08\products\uia_2_00_05_50\packages\ti\uia\loggers\lib\release\ti.uia.loggers.aem4f
       LoggerStopMode.oem4f       552     0         0      
    +--+--------------------------+-------+---------+---------+
       Total:                     552     0         0      
                                                           
    C:\ti\tirtos_tivac_2_16_00_08\products\uia_2_00_05_50\packages\ti\uia\runtime\lib\release\ti.uia.runtime.aem4f
       QueueDescriptor.oem4f      116     0         8      
    +--+--------------------------+-------+---------+---------+
       Total:                     116     0         8      
                                                           
       Stack:                     0       0         1024   
       Linker Generated:          0       595       0      
    +--+--------------------------+-------+---------+---------+
       Grand Total:               23483   9506      9340   


LINKER GENERATED COPY TABLES

__TI_cinit_table @ 00008150 records: 3, size/record: 8, table size: 24
	.data: load addr=00007f10, load size=0000021f bytes, run addr=20001c30, run size=00000584 bytes, compression=lzss
	.bss: load addr=00008140, load size=00000008 bytes, run addr=20000380, run size=000018b0 bytes, compression=zero_init
	.vecs: load addr=00008148, load size=00000008 bytes, run addr=20000000, run size=00000360 bytes, compression=zero_init


LINKER GENERATED HANDLER TABLE

__TI_handler_table @ 00008130 records: 3, size/record: 4, table size: 12
	index: 0, handler: __TI_decompress_lzss
	index: 1, handler: __TI_decompress_none
	index: 2, handler: __TI_zero_init


GLOBAL SYMBOLS: SORTED ALPHABETICALLY BY Name 

address   name                                                              
-------   ----                                                              
000046e9  C$$EXIT                                                           
0000423b  C$$IO$$                                                           
00005281  GPIODirModeSet                                                    
00001bb5  GPIOPadConfigSet                                                  
0000405b  GPIOPinRead                                                       
000057ff  GPIOPinTypeGPIOOutput                                             
00004f83  GPIOPinWrite                                                      
00000a97  HOSTclock                                                         
00000a5f  HOSTclose                                                         
00000a21  HOSTgetenv                                                        
000009c5  HOSTlseek                                                         
00000973  HOSTopen                                                          
00000927  HOSTread                                                          
000008c9  HOSTrename                                                        
0000088f  HOSTtime                                                          
00000841  HOSTtime64                                                        
00000809  HOSTunlink                                                        
000007bd  HOSTwrite                                                         
UNDEFED   SHT$$INIT_ARRAY$$Base                                             
UNDEFED   SHT$$INIT_ARRAY$$Limit                                            
00002721  SysCtlClockSet                                                    
00005c11  SysCtlDelay                                                       
00004e11  SysCtlPeripheralEnable                                            
00000000  __ASM__                                                           
20001900  __CIOBUF_                                                         
0000005d  __ISA__                                                           
00000070  __PLAT__                                                          
200025b4  __STACK_END                                                       
00000400  __STACK_SIZE                                                      
00000091  __TARG__                                                          
00008150  __TI_CINIT_Base                                                   
00008168  __TI_CINIT_Limit                                                  
00008130  __TI_Handler_Table_Base                                           
0000813c  __TI_Handler_Table_Limit                                          
00003749  __TI_auto_init                                                    
200020d8  __TI_cleanup_ptr                                                  
000041a5  __TI_decompress_lzss                                              
00005af9  __TI_decompress_none                                              
200020dc  __TI_dtors_ptr                                                    
200020e0  __TI_enable_exit_profile_output                                   
ffffffff  __TI_pprof_out_hndl                                               
ffffffff  __TI_prof_data_size                                               
ffffffff  __TI_prof_data_start                                              
0000423f  __TI_readmsg                                                      
00007f10  __TI_static_base__                                                
0000420d  __TI_writemsg                                                     
00005b41  __TI_zero_init                                                    
000000b7  __TRDR__                                                          
00003f77  __aeabi_idiv0                                                     
00003efd  __aeabi_memclr                                                    
00003efd  __aeabi_memclr4                                                   
00003efd  __aeabi_memclr8                                                   
00003889  __aeabi_memcpy                                                    
00003889  __aeabi_memcpy4                                                   
00003889  __aeabi_memcpy8                                                   
00003eff  __aeabi_memset                                                    
00003eff  __aeabi_memset4                                                   
00003eff  __aeabi_memset8                                                   
00004c2d  __aeabi_uidiv                                                     
00004c2d  __aeabi_uidivmod                                                  
ffffffff  __binit__                                                         
ffffffff  __c_args__                                                        
200021b4  __stack                                                           
00005819  _args_main                                                        
000045e1  _c_int00                                                          
20002120  _lock                                                             
00005943  _nop                                                              
0000593b  _register_lock                                                    
00005935  _register_unlock                                                  
20002124  _unlock                                                           
000046ed  abort                                                             
ffffffff  binit                                                             
00004881  copy_in                                                           
000059d5  delay                                                             
000046f5  exit                                                              
00003aff  free                                                              
[...]
00007c80  ti_catalog_arm_cortexm4_tiva_ce_Boot_Module__diagsMask__C         
00007c84  ti_sysbios_family_arm_lm4_Timer_enableFunc__C                     
00007c88  ti_sysbios_family_arm_lm4_Timer_numTimerDevices__C                
00007c8c  ti_sysbios_family_arm_lm4_Timer_startupNeeded__C                  
00007c90  ti_sysbios_family_arm_m3_Hwi_E_NMI__C                             
00007c94  ti_sysbios_family_arm_m3_Hwi_E_busFault__C                        
00007c98  ti_sysbios_family_arm_m3_Hwi_E_debugMon__C                        
00007c9c  ti_sysbios_family_arm_m3_Hwi_E_hardFault__C                       
00007ca0  ti_sysbios_family_arm_m3_Hwi_E_memFault__C                        
00007ca4  ti_sysbios_family_arm_m3_Hwi_E_noIsr__C                           
00007ca8  ti_sysbios_family_arm_m3_Hwi_E_reserved__C                        
00007cac  ti_sysbios_family_arm_m3_Hwi_E_svCall__C                          
00007cb0  ti_sysbios_family_arm_m3_Hwi_E_usageFault__C                      
00007cb4  ti_sysbios_family_arm_m3_Hwi_LD_end__C                            
00007cb8  ti_sysbios_family_arm_m3_Hwi_LM_begin__C                          
00007cbc  ti_sysbios_family_arm_m3_Hwi_Module__diagsEnabled__C              
00007cc0  ti_sysbios_family_arm_m3_Hwi_Module__diagsIncluded__C             
00007cc4  ti_sysbios_family_arm_m3_Hwi_Module__diagsMask__C                 
00007cc8  ti_sysbios_family_arm_m3_Hwi_Module__loggerFxn1__C                
00007ccc  ti_sysbios_family_arm_m3_Hwi_Module__loggerFxn8__C                
00007cd0  ti_sysbios_family_arm_m3_Hwi_Module__loggerObj__C                 
00007cd4  ti_sysbios_family_arm_m3_Hwi_NUM_INTERRUPTS__C                    
00007cd8  ti_sysbios_family_arm_m3_Hwi_Object__count__C                     
00007cdc  ti_sysbios_family_arm_m3_Hwi_ccr__C                               
00007ce0  ti_sysbios_family_arm_m3_Hwi_excHandlerFunc__C                    
00007ce4  ti_sysbios_family_arm_m3_Hwi_excHookFuncs__C                      
00007ce8  ti_sysbios_family_arm_m3_Hwi_nullIsrFunc__C                       
00007cec  ti_sysbios_family_arm_m3_Hwi_priGroup__C                          
00007cf0  ti_sysbios_gates_GateMutex_A_badContext__C                        
00007cf4  ti_sysbios_gates_GateMutex_Instance_State_sem__O                  
00007cf8  ti_sysbios_gates_GateMutex_Module__diagsEnabled__C                
00007cfc  ti_sysbios_gates_GateMutex_Module__diagsIncluded__C               
00007d00  ti_sysbios_gates_GateMutex_Module__diagsMask__C                   
00007d04  ti_sysbios_hal_Hwi_E_stackOverflow__C                             
00007d08  ti_sysbios_knl_Clock_LM_begin__C                                  
00007d0c  ti_sysbios_knl_Clock_LM_tick__C                                   
00007d10  ti_sysbios_knl_Clock_LW_delayed__C                                
00007d14  ti_sysbios_knl_Clock_Module_State_clockQ__O                       
00007d18  ti_sysbios_knl_Clock_Module__diagsEnabled__C                      
00007d1c  ti_sysbios_knl_Clock_Module__diagsIncluded__C                     
00007d20  ti_sysbios_knl_Clock_Module__diagsMask__C                         
00007d24  ti_sysbios_knl_Clock_Module__loggerFxn1__C                        
00007d28  ti_sysbios_knl_Clock_Module__loggerFxn2__C                        
00007d2c  ti_sysbios_knl_Clock_Module__loggerObj__C                         
00007d30  ti_sysbios_knl_Semaphore_A_badContext__C                          
00007d34  ti_sysbios_knl_Semaphore_A_noEvents__C                            
00007d38  ti_sysbios_knl_Semaphore_A_overflow__C                            
00007d3c  ti_sysbios_knl_Semaphore_A_pendTaskDisabled__C                    
00007d40  ti_sysbios_knl_Semaphore_Instance_State_pendQ__O                  
00007d44  ti_sysbios_knl_Semaphore_LM_pend__C                               
00007d48  ti_sysbios_knl_Semaphore_LM_post__C                               
00007d4c  ti_sysbios_knl_Semaphore_Module__diagsEnabled__C                  
00007d50  ti_sysbios_knl_Semaphore_Module__diagsIncluded__C                 
00007d54  ti_sysbios_knl_Semaphore_Module__diagsMask__C                     
00007d58  ti_sysbios_knl_Semaphore_Module__loggerFxn2__C                    
00007d5c  ti_sysbios_knl_Semaphore_Module__loggerFxn4__C                    
00007d60  ti_sysbios_knl_Semaphore_Module__loggerObj__C                     
00007d64  ti_sysbios_knl_Swi_LD_end__C                                      
00007d68  ti_sysbios_knl_Swi_LM_begin__C                                    
00007d6c  ti_sysbios_knl_Swi_LM_post__C                                     
00007d70  ti_sysbios_knl_Swi_Module__diagsEnabled__C                        
00007d74  ti_sysbios_knl_Swi_Module__diagsIncluded__C                       
00007d78  ti_sysbios_knl_Swi_Module__diagsMask__C                           
00007d7c  ti_sysbios_knl_Swi_Module__loggerFxn1__C                          
00007d80  ti_sysbios_knl_Swi_Module__loggerFxn4__C                          
00007d84  ti_sysbios_knl_Swi_Module__loggerObj__C                           
00007d88  ti_sysbios_knl_Swi_Object__count__C                               
00007d8c  ti_sysbios_knl_Task_E_spOutOfBounds__C                            
00007d90  ti_sysbios_knl_Task_E_stackOverflow__C                            
00007d94  ti_sysbios_knl_Task_LD_block__C                                   
00007d98  ti_sysbios_knl_Task_LD_exit__C                                    
00007d9c  ti_sysbios_knl_Task_LD_ready__C                                   
00007da0  ti_sysbios_knl_Task_LM_switch__C                                  
00007da4  ti_sysbios_knl_Task_Module_State_inactiveQ__O                     
00007da8  ti_sysbios_knl_Task_Module__diagsEnabled__C                       
00007dac  ti_sysbios_knl_Task_Module__diagsIncluded__C                      
00007db0  ti_sysbios_knl_Task_Module__diagsMask__C                          
00007db4  ti_sysbios_knl_Task_Module__loggerFxn2__C                         
00007db8  ti_sysbios_knl_Task_Module__loggerFxn4__C                         
00007dbc  ti_sysbios_knl_Task_Module__loggerObj__C                          
00007dc0  ti_sysbios_knl_Task_Object__count__C                              
00007dc4  ti_sysbios_knl_Task_allBlockedFunc__C                             
00007dc8  ti_sysbios_knl_Task_numConstructedTasks__C                        
00007dcc  ti_sysbios_utils_Load_LS_cpuLoad__C                               
00007dd0  ti_sysbios_utils_Load_Module__diagsEnabled__C                     
00007dd4  ti_sysbios_utils_Load_Module__diagsIncluded__C                    
00007dd8  ti_sysbios_utils_Load_Module__diagsMask__C                        
00007ddc  ti_sysbios_utils_Load_Module__loggerFxn1__C                       
00007de0  ti_sysbios_utils_Load_Module__loggerObj__C                        
00007de4  ti_sysbios_utils_Load_postUpdate__C                               
00007de8  ti_sysbios_utils_Load_windowInMs__C                               
00007dec  ti_uia_loggers_LoggerStopMode_Module__diagsEnabled__C             
00007df0  ti_uia_loggers_LoggerStopMode_Module__diagsIncluded__C            
00007df4  ti_uia_loggers_LoggerStopMode_Module__diagsMask__C                
00007df8  ti_uia_loggers_LoggerStopMode_Object__count__C                    
00007dfc  ti_uia_runtime_ILoggerSnapshot_Interface__BASE__C                 
00007e00  ti_uia_runtime_IUIATransfer_Interface__BASE__C                    
00007e04  xdc_runtime_Assert_E_assertFailed__C                              
00007e08  xdc_runtime_Core_A_initializedParams__C                           
00007e0c  xdc_runtime_Core_Module__diagsEnabled__C                          
00007e10  xdc_runtime_Core_Module__diagsIncluded__C                         
00007e14  xdc_runtime_Core_Module__diagsMask__C                             
00007e18  xdc_runtime_Error_E_memory__C                                     
00007e1c  xdc_runtime_Error_Module__diagsEnabled__C                         
00007e20  xdc_runtime_Error_Module__diagsIncluded__C                        
00007e24  xdc_runtime_Error_Module__diagsMask__C                            
00007e28  xdc_runtime_Error_Module__loggerFxn8__C                           
00007e2c  xdc_runtime_Error_Module__loggerObj__C                            
00007e30  xdc_runtime_Error_policyFxn__C                                    
00007e34  xdc_runtime_Error_raiseHook__C                                    
00007e38  xdc_runtime_HeapStd_A_align__C                                    
00007e3c  xdc_runtime_HeapStd_A_invalidTotalFreeSize__C                     
00007e40  xdc_runtime_HeapStd_A_zeroSize__C                                 
00007e44  xdc_runtime_HeapStd_E_noRTSMemory__C                              
00007e48  xdc_runtime_HeapStd_Module__diagsEnabled__C                       
00007e4c  xdc_runtime_HeapStd_Module__diagsIncluded__C                      
00007e50  xdc_runtime_HeapStd_Module__diagsMask__C                          
00007e54  xdc_runtime_IFilterLogger_Interface__BASE__C                      
00007e58  xdc_runtime_IGateProvider_Interface__BASE__C                      
00007e5c  xdc_runtime_IHeap_Interface__BASE__C                              
00007e60  xdc_runtime_ILogger_Interface__BASE__C                            
00007e64  xdc_runtime_IModule_Interface__BASE__C                            
00007e68  xdc_runtime_Log_L_error__C                                        
00007e6c  xdc_runtime_Log_L_info__C                                         
00007e70  xdc_runtime_Main_Module__diagsEnabled__C                          
00007e74  xdc_runtime_Main_Module__diagsIncluded__C                         
00007e78  xdc_runtime_Main_Module__diagsMask__C                             
00007e7c  xdc_runtime_Main_Module__loggerFxn4__C                            
00007e80  xdc_runtime_Main_Module__loggerObj__C                             
00007e84  xdc_runtime_Memory_defaultHeapInstance__C                         
00007e88  xdc_runtime_Startup_execImpl__C                                   
00007e8c  xdc_runtime_Startup_lastFxns__A                                   
00007e90  xdc_runtime_Startup_maxPasses__C                                  
00007e94  xdc_runtime_Startup_sfxnRts__C                                    
00007e98  xdc_runtime_Startup_sfxnTab__C                                    
00007e9c  xdc_runtime_SysMin_bufSize__C                                     
00007ea0  xdc_runtime_SysMin_outputFunc__C                                  
00007ea4  xdc_runtime_System_Module__gateObj__C                             
00007ea8  xdc_runtime_System_abortFxn__C                                    
00007eac  xdc_runtime_System_exitFxn__C                                     
00007eb0  xdc_runtime_System_extendFxn__C                                   
00007eb4  xdc_runtime_System_maxAtexitHandlers__C                           
00007eb8  xdc_runtime_Text_charTab__C                                       
00007ebc  xdc_runtime_Text_nameEmpty__C                                     
00007ec0  xdc_runtime_Text_nameStatic__C                                    
00007ec4  xdc_runtime_Text_nameUnknown__C                                   
00007ec8  xdc_runtime_Text_nodeTab__C                                       
00007ecc  xdc_runtime_Text_visitRopeFxn__C                                  
00007ed0  ti_catalog_arm_cortexm4_tiva_ce_Boot_Module__id__C                
00007ed2  ti_sysbios_family_arm_lm4_TimestampProvider_useClockTimer__C      
00007ed4  ti_sysbios_family_arm_m3_Hwi_Module__id__C                        
00007ed6  ti_sysbios_family_arm_m3_Hwi_Module__loggerDefined__C             
00007ed8  ti_sysbios_gates_GateMutex_Module__id__C                          
00007eda  ti_sysbios_hal_Hwi_Module__id__C                                  
00007edc  ti_sysbios_knl_Clock_Module__id__C                                
00007ede  ti_sysbios_knl_Clock_Module__loggerDefined__C                     
00007ee0  ti_sysbios_knl_Semaphore_Module__id__C                            
00007ee2  ti_sysbios_knl_Semaphore_Module__loggerDefined__C                 
00007ee4  ti_sysbios_knl_Swi_Module__id__C                                  
00007ee6  ti_sysbios_knl_Swi_Module__loggerDefined__C                       
00007ee8  ti_sysbios_knl_Task_Module__id__C                                 
00007eea  ti_sysbios_knl_Task_Module__loggerDefined__C                      
00007eec  ti_sysbios_utils_Load_Module__id__C                               
00007eee  ti_sysbios_utils_Load_Module__loggerDefined__C                    
00007ef0  ti_sysbios_utils_Load_updateInIdle__C                             
00007ef2  ti_uia_loggers_LoggerStopMode_Module__id__C                       
00007ef4  ti_uia_loggers_LoggerStopMode_isTimestampEnabled__C               
00007ef6  xdc_runtime_Core_Module__id__C                                    
00007ef8  xdc_runtime_Error_Module__loggerDefined__C                        
00007efa  xdc_runtime_Error_maxDepth__C                                     
00007efc  xdc_runtime_HeapStd_Module__id__C                                 
00007efe  xdc_runtime_Main_Module__id__C                                    
00007f00  xdc_runtime_Main_Module__loggerDefined__C                         
00007f02  xdc_runtime_Memory_Module__id__C                                  
00007f04  xdc_runtime_SysMin_flushAtExit__C                                 
00007f06  xdc_runtime_Text_charCnt__C                                       
00007f08  xdc_runtime_Text_isLoaded__C                                      
00007f0a  xdc_runtime_Text_registryModsLastId__C                            
00007f0c  xdc_runtime_Text_unnamedModsLastId__C                             
00007f0e  xdc_runtime_Error_policy__C                                       
00007f10  __TI_static_base__                                                
00008130  __TI_Handler_Table_Base                                           
0000813c  __TI_Handler_Table_Limit                                          
00008150  __TI_CINIT_Base                                                   
00008168  __TI_CINIT_Limit                                                  
20000000  ti_sysbios_family_arm_m3_Hwi_ramVectors                           
20000380  ti_sysbios_knl_Task_Instance_State_0_stack__A                     
20000b80  ti_uia_loggers_LoggerStopMode_Instance_State_1_packetArray__A     
20000f80  ti_uia_loggers_LoggerStopMode_Instance_State_2_packetArray__A     
20001380  ti_sysbios_family_arm_m3_Hwi_dispatchTable                        
20001700  ti_uia_loggers_LoggerStopMode_Instance_State_0_packetArray__A     
20001900  __CIOBUF_                                                         
20001a20  xdc_runtime_SysMin_Module_State_0_outbuf__A                       
20001b00  ti_uia_loggers_LoggerStopMode_Instance_State_0_hdr__A             
20001b80  ti_uia_loggers_LoggerStopMode_Instance_State_1_hdr__A             
20001c00  ti_uia_loggers_LoggerStopMode_Instance_State_2_hdr__A             
20001c30  ti_uia_loggers_LoggerStopMode_Object__table__V                    
20001ccc  ti_sysbios_utils_Load_Module__state__V                            
20001d64  ti_sysbios_family_arm_lm4_Timer_Object__table__V                  
20001de4  ti_sysbios_knl_Swi_Module_State_0_readyQ__A                       
20001e64  ti_sysbios_knl_Task_Module_State_0_readyQ__A                      
20001ee4  ti_sysbios_knl_Task_Object__table__V                              
20001f30  ti_sysbios_knl_Task_Module__state__V                              
20001f74  ti_sysbios_family_arm_m3_Hwi_Module__state__V                     
20001fa8  ti_sysbios_family_arm_lm4_Timer_Module_State_0_device__A          
20001fd8  ti_sysbios_family_arm_m3_Hwi_Object__table__V                     
20002008  ti_sysbios_knl_Swi_Object__table__V                               
20002038  ti_sysbios_knl_Clock_Module__state__V                             
20002064  ti_sysbios_BIOS_Module__state__V                                  
20002088  ti_sysbios_gates_GateMutex_Object__table__V                       
200020a4  ti_sysbios_knl_Swi_Module__state__V                               
200020c0  ti_sysbios_family_arm_lm4_Timer_Module_State_0_handles__A         
200020d8  __TI_cleanup_ptr                                                  
200020dc  __TI_dtors_ptr                                                    
200020e0  __TI_enable_exit_profile_output                                   
200020e4  ti_sysbios_family_arm_lm4_Timer_Module__state__V                  
200020f0  ti_sysbios_knl_Task_Module__root__V                               
200020fc  ti_uia_runtime_QueueDescriptor_Module__state__V                   
20002108  xdc_runtime_HeapStd_Object__table__V                              
20002114  xdc_runtime_SysMin_Module__state__V                               
20002120  _lock                                                             
20002124  _unlock                                                           
20002128  ti_uia_runtime_QueueDescriptor_gPtrToFirstDescriptor              
2000212c  ti_uia_runtime_QueueDescriptor_gUpdateCount                       
20002130  ti_sysbios_family_arm_lm4_TimestampProvider_Module__state__V      
20002138  ti_sysbios_gates_GateHwi_Module__root__V                          
20002140  ti_sysbios_gates_GateMutex_Module__root__V                        
20002148  ti_sysbios_knl_Queue_Module__root__V                              
20002150  ti_sysbios_knl_Semaphore_Module__root__V                          
20002158  ti_uia_loggers_LoggerStopMode_Module__root__V                     
20002160  xdc_runtime_HeapStd_Module__root__V                               
20002168  xdc_runtime_Registry_Module__state__V                             
20002170  xdc_runtime_Startup_Module__state__V                              
20002178  xdc_runtime_System_Module_State_0_atexitHandlers__A               
20002180  xdc_runtime_System_Module__state__V                               
20002188  main_func_sp                                                      
2000218c  ti_sysbios_family_arm_m3_Hwi_Module_State_0_excContext__A         
20002190  ti_sysbios_family_arm_m3_Hwi_Module_State_0_excStack__A           
20002194  ti_sysbios_gates_GateHwi_Object__table__V                         
20002198  ti_sysbios_knl_Task_Module_State_0_idleTask__A                    
2000219c  ti_sysbios_utils_Load_Module_State_0_runningTask__A               
200021a0  ti_sysbios_utils_Load_Module_State_0_taskStartTime__A             
200021a4  xdc_runtime_HeapStd_Module__state__V                              
200021a8  xdc_runtime_Memory_Module__state__V                               
200021ac  i16ToggleCount                                                    
200021ae  ti_sysbios_family_arm_m3_Hwi_Module_State_0_excActive__A          
200021b0  xdc_runtime_Error_Module__state__V                                
200021b2  xdc_runtime_Main_Module__root__V                                  
200021b4  __stack                                                           
200025b4  __STACK_END                                                       
e000e000  ti_sysbios_family_arm_m3_Hwi_nvic                                 
ffffffff  __TI_pprof_out_hndl                                               
ffffffff  __TI_prof_data_size                                               
ffffffff  __TI_prof_data_start                                              
ffffffff  __binit__                                                         
ffffffff  __c_args__                                                        
ffffffff  binit                                                             
UNDEFED   SHT$$INIT_ARRAY$$Base                                             
UNDEFED   SHT$$INIT_ARRAY$$Limit                                            

[641 symbols]
