******************************************************************************
                  TI ARM Linker PC v18.12.2                    
******************************************************************************
>> Linked Sat Sep 28 23:19:21 2019

OUTPUT FILE NAME:   <Lab4.out>
ENTRY POINT SYMBOL: "_c_int00_noinit_noargs"  address: 000009dd


MEMORY CONFIGURATION

         name            origin    length      used     unused   attr    fill
----------------------  --------  ---------  --------  --------  ----  --------
  FLASH                 00000000   00040000  00000bd8  0003f428  R  X
  SRAM                  20000000   00008000  00000200  00007e00  RW X


SEGMENT ALLOCATION MAP

run origin  load origin   length   init length attrs members
----------  ----------- ---------- ----------- ----- -------
00000000    00000000    00000bd8   00000bd8    r-x
  00000000    00000000    0000026c   0000026c    r-- .intvecs
  0000026c    0000026c    00000890   00000890    r-x .text
  00000afc    00000afc    000000dc   000000dc    r-- .const
20000000    20000000    00000200   00000000    rw-
  20000000    20000000    00000200   00000000    rw- .stack


SECTION ALLOCATION MAP

 output                                  attributes/
section   page    origin      length       input sections
--------  ----  ----------  ----------   ----------------
.intvecs   0    00000000    0000026c     
                  00000000    0000026c     tm4c123gh6pm_startup_ccs.obj (.intvecs)

.text      0    0000026c    00000890     
                  0000026c    000001a0     main.obj (.text)
                  0000040c    00000132     driverlib.lib : gpio.obj (.text:GPIOPadConfigSet)
                  0000053e    00000002     --HOLE-- [fill = 0]
                  00000540    00000110                   : sysctl.obj (.text:SysCtlClockGet)
                  00000650    000000fc     rtsv7M4_T_le_v4SPD16_eabi.lib : fd_mul_t2.asm.obj (.text)
                  0000074c    000000f4     driverlib.lib : sysctl.obj (.text:SysCtlClockSet)
                  00000840    00000068                   : interrupt.obj (.text:IntEnable)
                  000008a8    00000060                   : timer.obj (.text:TimerConfigure)
                  00000908    00000056                   : gpio.obj (.text:GPIOIntTypeSet)
                  0000095e    00000048     rtsv7M4_T_le_v4SPD16_eabi.lib : fd_toi_t2.asm.obj (.text)
                  000009a6    00000002     --HOLE-- [fill = 0]
                  000009a8    00000034     driverlib.lib : sysctl.obj (.text:SysCtlPeripheralEnable)
                  000009dc    0000002c     rtsv7M4_T_le_v4SPD16_eabi.lib : boot_cortex_m.c.obj (.text:_c_int00_noinit_noargs:_c_int00_noinit_noargs)
                  00000a08    0000002a     driverlib.lib : gpio.obj (.text:GPIODirModeSet)
                  00000a32    00000020     rtsv7M4_T_le_v4SPD16_eabi.lib : u_tofd_t2.asm.obj (.text)
                  00000a52    00000018     driverlib.lib : gpio.obj (.text:GPIOPinTypeGPIOOutput)
                  00000a6a    00000012                   : gpio.obj (.text:GPIOPinTypeGPIOInput)
                  00000a7c    00000012                   : timer.obj (.text:TimerLoadSet)
                  00000a8e    00000010                   : interrupt.obj (.text:IntMasterEnable)
                  00000a9e    0000000e                   : timer.obj (.text:TimerEnable)
                  00000aac    0000000c                   : cpu.obj (.text:CPUcpsie)
                  00000ab8    0000000c                   : gpio.obj (.text:GPIOIntEnable)
                  00000ac4    0000000c     tm4c123gh6pm_startup_ccs.obj (.text)
                  00000ad0    00000008     driverlib.lib : timer.obj (.text:TimerIntEnable)
                  00000ad8    00000006                   : gpio.obj (.text:GPIOIntClear)
                  00000ade    00000006                   : gpio.obj (.text:GPIOPinRead)
                  00000ae4    00000006                   : gpio.obj (.text:GPIOPinWrite)
                  00000aea    00000006                   : sysctl.obj (.text:SysCtlDelay)
                  00000af0    00000004                   : timer.obj (.text:TimerIntClear)
                  00000af4    00000004     rtsv7M4_T_le_v4SPD16_eabi.lib : pre_init.c.obj (.text:_system_pre_init)
                  00000af8    00000004                                   : exit.c.obj (.text:abort:abort)

.const     0    00000afc    000000dc     
                  00000afc    00000070     driverlib.lib : interrupt.obj (.const)
                  00000b6c    0000006c                   : sysctl.obj (.const:g_pui32Xtals)

.cinit     0    00000000    00000000     UNINITIALIZED

.init_array 
*          0    00000000    00000000     UNINITIALIZED

.stack     0    20000000    00000200     UNINITIALIZED
                  20000000    00000004     rtsv7M4_T_le_v4SPD16_eabi.lib : boot_cortex_m.c.obj (.stack)
                  20000004    000001fc     --HOLE--

MODULE SUMMARY

       Module                         code   ro data   rw data
       ------                         ----   -------   -------
    .\
       tm4c123gh6pm_startup_ccs.obj   12     620       0      
       main.obj                       416    0         0      
    +--+------------------------------+------+---------+---------+
       Total:                         428    620       0      
                                                              
    C:/ti/tivaware_c_series_2_1_4_178/driverlib/ccs/Debug/driverlib.lib
       sysctl.obj                     574    108       0      
       gpio.obj                       506    0         0      
       interrupt.obj                  120    112       0      
       timer.obj                      140    0         0      
       cpu.obj                        12     0         0      
    +--+------------------------------+------+---------+---------+
       Total:                         1352   220       0      
                                                              
    C:\ti\ccs910\ccs\tools\compiler\ti-cgt-arm_18.12.2.LTS\lib\rtsv7M4_T_le_v4SPD16_eabi.lib
       fd_mul_t2.asm.obj              252    0         0      
       fd_toi_t2.asm.obj              72     0         0      
       boot_cortex_m.c.obj            44     0         0      
       u_tofd_t2.asm.obj              32     0         0      
       exit.c.obj                     4      0         0      
       pre_init.c.obj                 4      0         0      
    +--+------------------------------+------+---------+---------+
       Total:                         408    0         0      
                                                              
       Stack:                         0      0         512    
    +--+------------------------------+------+---------+---------+
       Grand Total:                   2188   840       512    


GLOBAL SYMBOLS: SORTED ALPHABETICALLY BY Name 

address   name                  
-------   ----                  
00000af9  C$$EXIT               
00000aad  CPUcpsie              
00000a09  GPIODirModeSet        
00000ad9  GPIOIntClear          
00000ab9  GPIOIntEnable         
00000909  GPIOIntTypeSet        
0000040d  GPIOPadConfigSet      
00000adf  GPIOPinRead           
00000a6b  GPIOPinTypeGPIOInput  
00000a53  GPIOPinTypeGPIOOutput 
00000ae5  GPIOPinWrite          
00000841  IntEnable             
00000a8f  IntMasterEnable       
000003bb  PORTFPin4IntHandler   
00000ac5  ResetISR              
00000541  SysCtlClockGet        
0000074d  SysCtlClockSet        
00000aeb  SysCtlDelay           
000009a9  SysCtlPeripheralEnable
00000321  Timer0IntHandler      
000003a1  Timer1IntHandler      
000008a9  TimerConfigure        
00000a9f  TimerEnable           
00000af1  TimerIntClear         
00000ad1  TimerIntEnable        
00000a7d  TimerLoadSet          
20000200  __STACK_END           
00000200  __STACK_SIZE          
20000200  __STACK_TOP           
ffffffff  __TI_pprof_out_hndl   
ffffffff  __TI_prof_data_size   
ffffffff  __TI_prof_data_start  
00000000  __TI_static_base__    
0000095f  __aeabi_d2iz          
00000651  __aeabi_dmul          
00000a33  __aeabi_ui2d          
ffffffff  __binit__             
ffffffff  __c_args__            
UNDEFED   __mpu_init            
20000000  __stack               
000009dd  _c_int00_noinit_noargs
00000af5  _system_pre_init      
00000af9  abort                 
ffffffff  binit                 
000002eb  configureTimer0       
000002b5  configureTimer1A      
00000000  g_pfnVectors          
0000026d  main                  


GLOBAL SYMBOLS: SORTED BY Symbol Address 

address   name                  
-------   ----                  
00000000  __TI_static_base__    
00000000  g_pfnVectors          
00000200  __STACK_SIZE          
0000026d  main                  
000002b5  configureTimer1A      
000002eb  configureTimer0       
00000321  Timer0IntHandler      
000003a1  Timer1IntHandler      
000003bb  PORTFPin4IntHandler   
0000040d  GPIOPadConfigSet      
00000541  SysCtlClockGet        
00000651  __aeabi_dmul          
0000074d  SysCtlClockSet        
00000841  IntEnable             
000008a9  TimerConfigure        
00000909  GPIOIntTypeSet        
0000095f  __aeabi_d2iz          
000009a9  SysCtlPeripheralEnable
000009dd  _c_int00_noinit_noargs
00000a09  GPIODirModeSet        
00000a33  __aeabi_ui2d          
00000a53  GPIOPinTypeGPIOOutput 
00000a6b  GPIOPinTypeGPIOInput  
00000a7d  TimerLoadSet          
00000a8f  IntMasterEnable       
00000a9f  TimerEnable           
00000aad  CPUcpsie              
00000ab9  GPIOIntEnable         
00000ac5  ResetISR              
00000ad1  TimerIntEnable        
00000ad9  GPIOIntClear          
00000adf  GPIOPinRead           
00000ae5  GPIOPinWrite          
00000aeb  SysCtlDelay           
00000af1  TimerIntClear         
00000af5  _system_pre_init      
00000af9  C$$EXIT               
00000af9  abort                 
20000000  __stack               
20000200  __STACK_END           
20000200  __STACK_TOP           
ffffffff  __TI_pprof_out_hndl   
ffffffff  __TI_prof_data_size   
ffffffff  __TI_prof_data_start  
ffffffff  __binit__             
ffffffff  __c_args__            
ffffffff  binit                 
UNDEFED   __mpu_init            

[48 symbols]
