******************************************************************************
                  TI ARM Linker PC v18.12.2                    
******************************************************************************
>> Linked Tue Oct  1 22:02:15 2019

OUTPUT FILE NAME:   <Lab5.out>
ENTRY POINT SYMBOL: "_c_int00_noargs"  address: 00000a71


MEMORY CONFIGURATION

         name            origin    length      used     unused   attr    fill
----------------------  --------  ---------  --------  --------  ----  --------
  FLASH                 00000000   00040000  00000d14  0003f2ec  R  X
  SRAM                  20000000   00008000  0000020c  00007df4  RW X


SEGMENT ALLOCATION MAP

run origin  load origin   length   init length attrs members
----------  ----------- ---------- ----------- ----- -------
00000000    00000000    00000d14   00000d14    r-x
  00000000    00000000    0000026c   0000026c    r-- .intvecs
  0000026c    0000026c    000009b8   000009b8    r-x .text
  00000c24    00000c24    000000dc   000000dc    r-- .const
  00000d00    00000d00    00000014   00000014    r-- .cinit
20000000    20000000    0000020c   00000000    rw-
  20000000    20000000    00000200   00000000    rw- .stack
  20000200    20000200    0000000c   00000000    rw- .bss


SECTION ALLOCATION MAP

 output                                  attributes/
section   page    origin      length       input sections
--------  ----  ----------  ----------   ----------------
.intvecs   0    00000000    0000026c     
                  00000000    0000026c     tm4c123gh6pm_startup_ccs.obj (.intvecs)

.text      0    0000026c    000009b8     
                  0000026c    0000017c     main.obj (.text)
                  000003e8    00000132     driverlib.lib : gpio.obj (.text:GPIOPadConfigSet)
                  0000051a    00000002     --HOLE-- [fill = 0]
                  0000051c    00000110                   : sysctl.obj (.text:SysCtlClockGet)
                  0000062c    000000fc     rtsv7M4_T_le_v4SPD16_eabi.lib : fd_mul_t2.asm.obj (.text)
                  00000728    000000f4     driverlib.lib : sysctl.obj (.text:SysCtlClockSet)
                  0000081c    0000007a                   : adc.obj (.text:ADCSequenceStepConfigure)
                  00000896    00000002     --HOLE-- [fill = 0]
                  00000898    00000068                   : interrupt.obj (.text:IntEnable)
                  00000900    00000060                   : timer.obj (.text:TimerConfigure)
                  00000960    00000050                   : adc.obj (.text:ADCSequenceConfigure)
                  000009b0    00000048     rtsv7M4_T_le_v4SPD16_eabi.lib : fd_toi_t2.asm.obj (.text)
                  000009f8    00000044                                   : autoinit.c.obj (.text:__TI_auto_init_nobinit_nopinit:__TI_auto_init_nobinit_nopinit)
                  00000a3c    00000034     driverlib.lib : sysctl.obj (.text:SysCtlPeripheralEnable)
                  00000a70    00000034     rtsv7M4_T_le_v4SPD16_eabi.lib : boot_cortex_m.c.obj (.text:_c_int00_noargs:_c_int00_noargs)
                  00000aa4    0000002e     driverlib.lib : adc.obj (.text:ADCIntStatus)
                  00000ad2    0000002a                   : gpio.obj (.text:GPIODirModeSet)
                  00000afc    00000020     rtsv7M4_T_le_v4SPD16_eabi.lib : u_tofd_t2.asm.obj (.text)
                  00000b1c    0000001e     driverlib.lib : adc.obj (.text:ADCSequenceDataGet)
                  00000b3a    0000001c     rtsv7M4_T_le_v4SPD16_eabi.lib : copy_zero_init.c.obj (.text:decompress:ZI:__TI_zero_init_nomemset:__TI_zero_init_nomemset)
                  00000b56    00000018     driverlib.lib : adc.obj (.text:ADCProcessorTrigger)
                  00000b6e    00000018                   : gpio.obj (.text:GPIOPinTypeGPIOOutput)
                  00000b86    00000012                   : timer.obj (.text:TimerLoadSet)
                  00000b98    00000010                   : adc.obj (.text:ADCIntEnable)
                  00000ba8    00000010                   : interrupt.obj (.text:IntMasterEnable)
                  00000bb8    0000000e                   : adc.obj (.text:ADCHardwareOversampleConfigure)
                  00000bc6    0000000e                   : adc.obj (.text:ADCSequenceEnable)
                  00000bd4    0000000e                   : timer.obj (.text:TimerEnable)
                  00000be2    0000000c                   : cpu.obj (.text:CPUcpsie)
                  00000bee    0000000c     tm4c123gh6pm_startup_ccs.obj (.text)
                  00000bfa    0000000a     driverlib.lib : adc.obj (.text:ADCIntClear)
                  00000c04    00000008                   : timer.obj (.text:TimerIntEnable)
                  00000c0c    00000006                   : gpio.obj (.text:GPIOPinWrite)
                  00000c12    00000006                   : sysctl.obj (.text:SysCtlDelay)
                  00000c18    00000004                   : timer.obj (.text:TimerIntClear)
                  00000c1c    00000004     rtsv7M4_T_le_v4SPD16_eabi.lib : pre_init.c.obj (.text:_system_pre_init)
                  00000c20    00000004                                   : exit.c.obj (.text:abort:abort)

.const     0    00000c24    000000dc     
                  00000c24    00000070     driverlib.lib : interrupt.obj (.const)
                  00000c94    0000006c                   : sysctl.obj (.const:g_pui32Xtals)

.cinit     0    00000d00    00000014     
                  00000d00    00000008     (.cinit..bss.load) [load image, compression = zero_init]
                  00000d08    00000004     (__TI_handler_table)
                  00000d0c    00000008     (__TI_cinit_table)

.init_array 
*          0    00000000    00000000     UNINITIALIZED

.bss       0    20000200    0000000c     UNINITIALIZED
                  20000200    00000004     (.common:ui32ADC0Value)
                  20000204    00000004     (.common:ui32TempValueC)
                  20000208    00000004     (.common:ui32TempValueF)

.stack     0    20000000    00000200     UNINITIALIZED
                  20000000    00000004     rtsv7M4_T_le_v4SPD16_eabi.lib : boot_cortex_m.c.obj (.stack)
                  20000004    000001fc     --HOLE--

MODULE SUMMARY

       Module                         code   ro data   rw data
       ------                         ----   -------   -------
    .\
       tm4c123gh6pm_startup_ccs.obj   12     620       0      
       main.obj                       380    0         12     
    +--+------------------------------+------+---------+---------+
       Total:                         392    620       12     
                                                              
    C:/ti/tivaware_c_series_2_1_4_178/driverlib/ccs/Debug/driverlib.lib
       sysctl.obj                     574    108       0      
       gpio.obj                       378    0         0      
       adc.obj                        356    0         0      
       interrupt.obj                  120    112       0      
       timer.obj                      140    0         0      
       cpu.obj                        12     0         0      
    +--+------------------------------+------+---------+---------+
       Total:                         1580   220       0      
                                                              
    C:\ti\ccs910\ccs\tools\compiler\ti-cgt-arm_18.12.2.LTS\lib\rtsv7M4_T_le_v4SPD16_eabi.lib
       fd_mul_t2.asm.obj              252    0         0      
       fd_toi_t2.asm.obj              72     0         0      
       autoinit.c.obj                 68     0         0      
       boot_cortex_m.c.obj            52     0         0      
       u_tofd_t2.asm.obj              32     0         0      
       copy_zero_init.c.obj           28     0         0      
       exit.c.obj                     4      0         0      
       pre_init.c.obj                 4      0         0      
    +--+------------------------------+------+---------+---------+
       Total:                         512    0         0      
                                                              
       Stack:                         0      0         512    
       Linker Generated:              0      20        0      
    +--+------------------------------+------+---------+---------+
       Grand Total:                   2484   860       524    


LINKER GENERATED COPY TABLES

__TI_cinit_table @ 00000d0c records: 1, size/record: 8, table size: 8
	.bss: load addr=00000d00, load size=00000008 bytes, run addr=20000200, run size=0000000c bytes, compression=zero_init


LINKER GENERATED HANDLER TABLE

__TI_handler_table @ 00000d08 records: 1, size/record: 4, table size: 4
	index: 0, handler: __TI_zero_init


GLOBAL SYMBOLS: SORTED ALPHABETICALLY BY Name 

address   name                          
-------   ----                          
00000bb9  ADCHardwareOversampleConfigure
00000bfb  ADCIntClear                   
00000b99  ADCIntEnable                  
00000aa5  ADCIntStatus                  
00000b57  ADCProcessorTrigger           
00000961  ADCSequenceConfigure          
00000b1d  ADCSequenceDataGet            
00000bc7  ADCSequenceEnable             
0000081d  ADCSequenceStepConfigure      
00000c21  C$$EXIT                       
00000be3  CPUcpsie                      
00000ad3  GPIODirModeSet                
000003e9  GPIOPadConfigSet              
00000b6f  GPIOPinTypeGPIOOutput         
00000c0d  GPIOPinWrite                  
00000899  IntEnable                     
00000ba9  IntMasterEnable               
00000bef  ResetISR                      
0000051d  SysCtlClockGet                
00000729  SysCtlClockSet                
00000c13  SysCtlDelay                   
00000a3d  SysCtlPeripheralEnable        
00000313  Timer1IntHandler              
00000901  TimerConfigure                
00000bd5  TimerEnable                   
00000c19  TimerIntClear                 
00000c05  TimerIntEnable                
00000b87  TimerLoadSet                  
20000200  __STACK_END                   
00000200  __STACK_SIZE                  
20000200  __STACK_TOP                   
00000d0c  __TI_CINIT_Base               
00000d14  __TI_CINIT_Limit              
00000d08  __TI_Handler_Table_Base       
00000d0c  __TI_Handler_Table_Limit      
000009f9  __TI_auto_init_nobinit_nopinit
ffffffff  __TI_pprof_out_hndl           
ffffffff  __TI_prof_data_size           
ffffffff  __TI_prof_data_start          
00000000  __TI_static_base__            
00000b3b  __TI_zero_init_nomemset       
000009b1  __aeabi_d2iz                  
0000062d  __aeabi_dmul                  
00000afd  __aeabi_ui2d                  
ffffffff  __binit__                     
ffffffff  __c_args__                    
UNDEFED   __mpu_init                    
20000000  __stack                       
00000a71  _c_int00_noargs               
UNDEFED   _system_post_cinit            
00000c1d  _system_pre_init              
00000c21  abort                         
ffffffff  binit                         
000002cb  configureTimer1A              
00000000  g_pfnVectors                  
00000279  main                          
20000200  ui32ADC0Value                 
20000204  ui32TempValueC                
20000208  ui32TempValueF                
0000026d  void__error__                 


GLOBAL SYMBOLS: SORTED BY Symbol Address 

address   name                          
-------   ----                          
00000000  __TI_static_base__            
00000000  g_pfnVectors                  
00000200  __STACK_SIZE                  
0000026d  void__error__                 
00000279  main                          
000002cb  configureTimer1A              
00000313  Timer1IntHandler              
000003e9  GPIOPadConfigSet              
0000051d  SysCtlClockGet                
0000062d  __aeabi_dmul                  
00000729  SysCtlClockSet                
0000081d  ADCSequenceStepConfigure      
00000899  IntEnable                     
00000901  TimerConfigure                
00000961  ADCSequenceConfigure          
000009b1  __aeabi_d2iz                  
000009f9  __TI_auto_init_nobinit_nopinit
00000a3d  SysCtlPeripheralEnable        
00000a71  _c_int00_noargs               
00000aa5  ADCIntStatus                  
00000ad3  GPIODirModeSet                
00000afd  __aeabi_ui2d                  
00000b1d  ADCSequenceDataGet            
00000b3b  __TI_zero_init_nomemset       
00000b57  ADCProcessorTrigger           
00000b6f  GPIOPinTypeGPIOOutput         
00000b87  TimerLoadSet                  
00000b99  ADCIntEnable                  
00000ba9  IntMasterEnable               
00000bb9  ADCHardwareOversampleConfigure
00000bc7  ADCSequenceEnable             
00000bd5  TimerEnable                   
00000be3  CPUcpsie                      
00000bef  ResetISR                      
00000bfb  ADCIntClear                   
00000c05  TimerIntEnable                
00000c0d  GPIOPinWrite                  
00000c13  SysCtlDelay                   
00000c19  TimerIntClear                 
00000c1d  _system_pre_init              
00000c21  C$$EXIT                       
00000c21  abort                         
00000d08  __TI_Handler_Table_Base       
00000d0c  __TI_CINIT_Base               
00000d0c  __TI_Handler_Table_Limit      
00000d14  __TI_CINIT_Limit              
20000000  __stack                       
20000200  __STACK_END                   
20000200  __STACK_TOP                   
20000200  ui32ADC0Value                 
20000204  ui32TempValueC                
20000208  ui32TempValueF                
ffffffff  __TI_pprof_out_hndl           
ffffffff  __TI_prof_data_size           
ffffffff  __TI_prof_data_start          
ffffffff  __binit__                     
ffffffff  __c_args__                    
ffffffff  binit                         
UNDEFED   __mpu_init                    
UNDEFED   _system_post_cinit            

[60 symbols]
