******************************************************************************
                  TI ARM Linker PC v16.9.3                     
******************************************************************************
>> Linked Wed Nov 07 18:30:56 2018

OUTPUT FILE NAME:   <blink_TM4C_HWI.out>
ENTRY POINT SYMBOL: "_c_int00"  address: 00005051


MEMORY CONFIGURATION

         name            origin    length      used     unused   attr    fill
----------------------  --------  ---------  --------  --------  ----  --------
  FLASH                 00000000   00040000  00008e2a  000371d6  R  X
  SRAM                  20000000   00008000  000025cc  00005a34  RW X


SEGMENT ALLOCATION MAP

run origin  load origin   length   init length attrs members
----------  ----------- ---------- ----------- ----- -------
00000000    00000000    00008e30   00008e30    r-x
  00000000    00000000    0000003c   0000003c    r-- .resetVecs
  00000040    00000040    000067f2   000067f2    r-x .text
  00006834    00006834    00002384   00002384    r-- .const
  00008bb8    00008bb8    00000278   00000278    r-- .cinit
20000000    20000000    00000360   00000000    rw-
  20000000    20000000    00000360   00000000    rw- .vecs
20000380    20000380    0000226c   00000000    rw-
  20000380    20000380    000018b0   00000000    rw- .bss
  20001c30    20001c30    000005bc   00000000    rw- .data
  200021ec    200021ec    00000400   00000000    rw- .stack


SECTION ALLOCATION MAP

 output                                  attributes/
section   page    origin      length       input sections
--------  ----  ----------  ----------   ----------------
.text      0    00000040    000067f2     
                  00000040    00000430     sysbios.aem4f : BIOS.obj (.text:ti_sysbios_family_arm_m3_Hwi_excDumpRegs__I)
                  00000470    0000034c     ti.targets.arm.rtsarm.aem4f : System.oem4f (.text:xdc_runtime_System_doPrint__I)
                  000007bc    00000324     rtsv7M4_T_le_v4SPD16_eabi.lib : trgdrv.obj (.text)
                  00000ae0    000002ec     sysbios.aem4f : BIOS.obj (.text:ti_sysbios_knl_Semaphore_pend__E)
                  00000dcc    00000004     driverlib.lib : timer.obj (.text:TimerIntClear)
                  00000dd0    000001fc     sysbios.aem4f : BIOS.obj (.text:ti_sysbios_family_arm_m3_Hwi_excHandlerMax__I)
                  00000fcc    00000004     empty_pem4f.oem4f (.text:malloc)
                  00000fd0    00000194     sysbios.aem4f : BIOS.obj (.text:ti_sysbios_family_arm_m3_Hwi_dispatchC__I)
                  00001164    00000004     empty_pem4f.oem4f (.text:ti_sysbios_BIOS_RtsGateProxy_enter__E)
                  00001168    0000017c     sysbios.aem4f : BIOS.obj (.text:ti_sysbios_family_arm_lm4_TimestampProvider_get64__E)
                  000012e4    00000004     empty_pem4f.oem4f (.text:ti_sysbios_BIOS_RtsGateProxy_leave__E)
                  000012e8    00000178     sysbios.aem4f : BIOS.obj (.text:ti_sysbios_knl_Swi_run__I)
                  00001460    00000174                   : BIOS.obj (.text:ti_sysbios_family_arm_m3_Hwi_excBusFault__I)
                  000015d4    00000004                   : BIOS.obj (.text:ti_sysbios_family_arm_lm4_Timer_masterEnable__I)
                  000015d8    00000164                   : BIOS.obj (.text:ti_sysbios_family_arm_m3_Hwi_excUsageFault__I)
                  0000173c    00000004     empty_pem4f.oem4f (.text:ti_sysbios_family_arm_m3_TaskSupport_Module__startupDone__S)
                  00001740    00000160     sysbios.aem4f : BIOS.obj (.text:ti_sysbios_utils_Load_logLoads__I)
                  000018a0    00000148                   : BIOS.obj (.text:ti_sysbios_family_arm_lm4_Timer_start__E)
                  000019e8    00000148                   : BIOS.obj (.text:ti_sysbios_family_arm_m3_Hwi_excMemFault__I)
                  00001b30    00000144     ti.targets.arm.rtsarm.aem4f : HeapStd.oem4f (.text:xdc_runtime_HeapStd_alloc__E)
                  00001c74    00000004     empty_pem4f.oem4f (.text:ti_sysbios_knl_Clock_TimerProxy_getMaxTicks__E)
                  00001c78    00000140     sysbios.aem4f : BIOS.obj (.text:ti_sysbios_knl_Semaphore_post__E)
                  00001db8    0000013c                   : BIOS.obj (.text:ti_sysbios_knl_Clock_workFunc__E)
                  00001ef4    00000138     empty_pem4f.oem4f (.text:ti_uia_loggers_LoggerStopMode_writeMemoryRange__E)
                  0000202c    00000130     driverlib.lib : gpio.obj (.text:GPIOPadConfigSet)
                  0000215c    00000118     ti.targets.arm.rtsarm.aem4f : Error.oem4f (.text:xdc_runtime_Error_policyDefault__E)
                  00002274    00000004     empty_pem4f.oem4f (.text:ti_sysbios_knl_Clock_TimerProxy_getPeriod__E)
                  00002278    00000114     sysbios.aem4f : BIOS.obj (.text:ti_sysbios_utils_Load_updateThreadContexts__E)
                  0000238c    00000004     empty_pem4f.oem4f (.text:ti_sysbios_knl_Queue_destruct)
                  00002390    00000110     sysbios.aem4f : BIOS.obj (.text:ti_sysbios_knl_Task_schedule__I)
                  000024a0    0000010c     driverlib.lib : sysctl.obj (.text:SysCtlClockGet)
                  000025ac    0000010c     empty_pem4f.oem4f (.text:ti_uia_loggers_LoggerStopMode_write8__E)
                  000026b8    00000104     sysbios.aem4f : BIOS.obj (.text:ti_sysbios_knl_Swi_Module_startup__E)
                  000027bc    00000100     Boot.aem4f : Boot_sysctl.oem4f (.text:ti_catalog_arm_cortexm4_tiva_ce_Boot_sysCtlClockSetI__I)
                  000028bc    00000100     ti.targets.arm.rtsarm.aem4f : Core-mem.oem4f (.text:xdc_runtime_Core_createObject__I)
                  000029bc    00000004     empty_pem4f.oem4f (.text:ti_sysbios_knl_Semaphore_destruct)
                  000029c0    000000fc     sysbios.aem4f : BIOS.obj (.text:ti_sysbios_knl_Task_postInit__I)
                  00002abc    00000004     ti.uia.loggers.aem4f : LoggerStopMode.oem4f (.text:ti_uia_loggers_LoggerStopMode_getContents__E)
                  00002ac0    000000fc     sysbios.aem4f : BIOS.obj (.text:ti_sysbios_knl_Task_startCore__E)
                  00002bbc    000000f8     ti.targets.arm.rtsarm.aem4f : Startup.oem4f (.text:xdc_runtime_Startup_startMods__I)
                  00002cb4    000000f8     empty_pem4f.oem4f (.text:xdc_runtime_System_printfExtend__I)
                  00002dac    000000f4     sysbios.aem4f : m3_Hwi_asm.obj (.text:ti_sysbios_family_arm_m3_Hwi_dispatch__I)
                  00002ea0    000000f4     empty_pem4f.oem4f (.text:ti_uia_loggers_LoggerStopMode_write4__E)
                  00002f94    000000f0     driverlib.lib : sysctl.obj (.text:SysCtlClockSet)
                  00003084    000000e8     empty_pem4f.oem4f (.text:ti_uia_loggers_LoggerStopMode_write1__E)
                  0000316c    000000e8     empty_pem4f.oem4f (.text:ti_uia_loggers_LoggerStopMode_write2__E)
                  00003254    000000dc     main.obj (.text:ledToggle)
                  00003330    000000d8     sysbios.aem4f : BIOS.obj (.text:ti_sysbios_family_arm_lm4_TimestampProvider_get32__E)
                  00003408    000000d8                   : BIOS.obj (.text:ti_sysbios_family_arm_m3_Hwi_postInit__I)
                  000034e0    000000d8                   : BIOS.obj (.text:ti_sysbios_knl_Swi_post__E)
                  000035b8    000000d8     empty_pem4f.oem4f (.text:ti_uia_loggers_LoggerStopMode_write0__E)
                  00003690    000000cc     ti.targets.arm.rtsarm.aem4f : Core-smem.oem4f (.text:xdc_runtime_Core_constructObject__I)
                  0000375c    000000cc                                 : HeapStd.oem4f (.text:xdc_runtime_HeapStd_Instance_init__E)
                  00003828    000000c8     sysbios.aem4f : BIOS.obj (.text:ti_sysbios_knl_Task_exit__E)
                  000038f0    000000bc                   : BIOS.obj (.text:ti_sysbios_family_arm_m3_Hwi_excDebugMon__I)
                  000039ac    00000004     empty_pem4f.oem4f (.text:ti_uia_loggers_LoggerStopMode_getFilterLevel__E)
                  000039b0    000000bc     sysbios.aem4f : BIOS.obj (.text:ti_sysbios_family_arm_m3_Hwi_excHardFault__I)
                  00003a6c    00000004     ti.uia.loggers.aem4f : LoggerStopMode.oem4f (.text:ti_uia_loggers_LoggerStopMode_getInstanceId__E)
                  00003a70    000000b8     sysbios.aem4f : BIOS.obj (.text:ti_sysbios_knl_Task_unblockI__E)
                  00003b28    000000b4                   : BIOS.obj (.text:ti_sysbios_gates_GateMutex_enter__E)
                  00003bdc    00000004     ti.uia.loggers.aem4f : LoggerStopMode.oem4f (.text:ti_uia_loggers_LoggerStopMode_getMaxLength__E)
                  00003be0    000000b4     sysbios.aem4f : BIOS.obj (.text:ti_sysbios_knl_Task_checkStacks__E)
                  00003c94    00000004     ti.uia.loggers.aem4f : LoggerStopMode.oem4f (.text:ti_uia_loggers_LoggerStopMode_getPriority__E)
                  00003c98    000000b0     sysbios.aem4f : BIOS.obj (.text:ti_sysbios_utils_Load_idleFxn__E)
                  00003d48    000000b0                   : BIOS.obj (.text:ti_sysbios_utils_Load_updateLoads__E)
                  00003df8    000000ac                   : BIOS.obj (.text:ti_sysbios_family_arm_lm4_Timer_enableTiva__I)
                  00003ea4    00000004     ti.uia.loggers.aem4f : LoggerStopMode.oem4f (.text:ti_uia_loggers_LoggerStopMode_getTransferType__E)
                  00003ea8    000000a8     sysbios.aem4f : BIOS.obj (.text:ti_sysbios_family_arm_lm4_Timer_enableTimers__I)
                  00003f50    000000a8                   : BIOS.obj (.text:ti_sysbios_knl_Task_blockI__E)
                  00003ff8    000000a8     ti.targets.arm.rtsarm.aem4f : HeapStd.oem4f (.text:xdc_runtime_HeapStd_free__E)
                  000040a0    000000a0     auto_init.aem4f : auto_init.oem4f (.text)
                  00004140    000000a0     ti.targets.arm.rtsarm.aem4f : Text.oem4f (.text:xdc_runtime_Text_putMod__E)
                  000041e0    0000009c     rtsv7M4_T_le_v4SPD16_eabi.lib : memcpy_t2.obj (.text)
                  0000427c    00000004     ti.targets.arm.rtsarm.aem4f : Error.oem4f (.text:xdc_runtime_Error_getSite__E)
                  00004280    0000009c     sysbios.aem4f : BIOS.obj (.text:ti_sysbios_knl_Semaphore_Instance_init__E)
                  0000431c    0000009a     ti.targets.arm.rtsarm.aem4f : Text.oem4f (.text:xdc_runtime_Text_putSite__E)
                  000043b6    00000002     empty_pem4f.oem4f (.text:free)
                  000043b8    00000098     Boot.aem4f : Boot.oem4f (.text:ti_catalog_arm_cortexm4_tiva_ce_Boot_sysCtlClockSet__E)
                  00004450    00000094     sysbios.aem4f : BIOS.obj (.text:ti_sysbios_family_arm_m3_Hwi_initNVIC__E)
                  000044e4    00000004     ti.targets.arm.rtsarm.aem4f : HeapStd.oem4f (.text:xdc_runtime_HeapStd_isBlocking__E)
                  000044e8    00000090     sysbios.aem4f : BIOS.obj (.text:ti_sysbios_knl_Task_Module_startup__E)
                  00004578    00000090                   : BIOS.obj (.text:ti_sysbios_utils_Load_startup__E)
                  00004608    00000090     ti.uia.loggers.aem4f : LoggerStopMode.oem4f (.text:ti_uia_loggers_LoggerStopMode_initQueueDescriptor__E)
                  00004698    0000008c     sysbios.aem4f : m3_TaskSupport_asm.obj (.text:ti_sysbios_family_arm_m3_TaskSupport_buildTaskStack)
                  00004724    00000004     empty_pem4f.oem4f (.text:xdc_runtime_System_Module_GateProxy_enter__E)
                  00004728    0000008c     sysbios.aem4f : BIOS.obj (.text:ti_sysbios_utils_Load_updateCurrentThreadTime__E)
                  000047b4    0000007a     rtsv7M4_T_le_v4SPD16_eabi.lib : memset_t2.obj (.text)
                  0000482e    00000002                                   : i_div0.obj (.text)
                  00004830    00000074     sysbios.aem4f : BIOS.obj (.text:ti_sysbios_family_arm_m3_Hwi_Module_startup__E)
                  000048a4    00000074     ti.uia.runtime.aem4f : QueueDescriptor.oem4f (.text:ti_uia_runtime_QueueDescriptor_addToList__E)
                  00004918    0000006d     ti.targets.arm.rtsarm.aem4f : System.oem4f (.text:xdc_runtime_System_formatNum__I)
                  00004985    00000001     --HOLE-- [fill = 0]
                  00004986    00000002     empty_pem4f.oem4f (.text:ti_sysbios_BIOS_nullFunc__I)
                  00004988    0000006c     sysbios.aem4f : BIOS.obj (.text:ti_sysbios_knl_Swi_restoreHwi__E)
                  000049f4    00000004     empty_pem4f.oem4f (.text:xdc_runtime_System_Module_GateProxy_leave__E)
                  000049f8    0000006c     sysbios.aem4f : BIOS.obj (.text:ti_sysbios_utils_Load_taskCreateHook__E)
                  00004a64    0000006c     ti.targets.arm.rtsarm.aem4f : Error.oem4f (.text:xdc_runtime_Error_print__E)
                  00004ad0    0000006c                                 : Memory.oem4f (.text:xdc_runtime_Memory_alloc__E)
                  00004b3c    00000068     rtsv7M4_T_le_v4SPD16_eabi.lib : copy_decompress_lzss.obj (.text:decompress:lzss)
                  00004ba4    00000068     main.obj (.text:hardware_init)
                  00004c0c    00000068     rtsv7M4_T_le_v4SPD16_eabi.lib : trgmsg.obj (.text)
                  00004c74    00000004     ti.targets.arm.rtsarm.aem4f : System.oem4f (.text:xdc_runtime_System_aprintf_va__F)
                  00004c78    00000068     sysbios.aem4f : BIOS.obj (.text:ti_sysbios_utils_Load_addTask__E)
                  00004ce0    00000066     ti.uia.loggers.aem4f : LoggerStopMode.oem4f (.text:ti_uia_loggers_LoggerStopMode_flush__E)
                  00004d46    00000066     ti.targets.arm.rtsarm.aem4f : Core-mem.oem4f (.text:xdc_runtime_Core_deleteObject__I)
                  00004dac    00000004                                 : System.oem4f (.text:xdc_runtime_System_printf_va__F)
                  00004db0    00000064     sysbios.aem4f : BIOS.obj (.text:ti_sysbios_family_arm_lm4_Timer_Module_startup__E)
                  00004e14    00000060     driverlib.lib : timer.obj (.text:TimerConfigure)
                  00004e74    00000002     empty_pem4f.oem4f (.text:ti_uia_loggers_LoggerStopMode_setFilterLevel__E)
                  00004e76    00000002     ti.uia.loggers.aem4f : LoggerStopMode.oem4f (.text:ti_uia_loggers_LoggerStopMode_setPriority__E)
                  00004e78    00000060     sysbios.aem4f : BIOS.obj (.text:ti_sysbios_family_arm_lm4_Timer_isrStub__E)
                  00004ed8    00000060                   : BIOS.obj (.text:ti_sysbios_knl_Clock_logTick__E)
                  00004f38    00000060                   : BIOS.obj (.text:ti_sysbios_utils_Load_logCPULoad__I)
                  00004f98    0000005c                   : BIOS.obj (.text:ti_sysbios_knl_Swi_schedule__I)
                  00004ff4    0000005b     ti.targets.arm.rtsarm.aem4f : Text.oem4f (.text:xdc_runtime_Text_putLab__E)
                  0000504f    00000001     --HOLE-- [fill = 0]
                  00005050    00000058     boot.aem4f : boot.oem4f (.text)
                  000050a8    00000058     sysbios.aem4f : m3_Hwi_asm_switch.obj (.text:ti_sysbios_family_arm_m3_Hwi_initStacks__E)
                  00005100    00000058     empty_pem4f.oem4f (.text:xdc_runtime_HeapStd_Object__create__S)
                  00005158    00000054     rtsv7M4_T_le_v4SPD16_eabi.lib : exit.obj (.text)
                  000051ac    00000054     empty_pem4f.oem4f (.text:ti_sysbios_utils_Load_hwiBeginHook__E)
                  00005200    00000054     sysbios.aem4f : BIOS.obj (.text:ti_sysbios_utils_Load_taskSwitchHook__E)
                  00005254    00000054     ti.targets.arm.rtsarm.aem4f : Assert.oem4f (.text:xdc_runtime_Assert_raise__I)
                  000052a8    00000050                                 : Startup.oem4f (.text:xdc_runtime_Startup_exec__E)
                  000052f8    00000050                                 : Text.oem4f (.text:xdc_runtime_Text_visitRope2__I)
                  00005348    0000004c     rtsv7M4_T_le_v4SPD16_eabi.lib : cpy_tbl.obj (.text)
                  00005394    00000002     empty_pem4f.oem4f (.text:xdc_runtime_Startup_reset__I)
                  00005396    00000002     --HOLE-- [fill = 0]
                  00005398    0000004c     sysbios.aem4f : BIOS.obj (.text:ti_sysbios_knl_Swi_runLoop__I)
                  000053e4    00000004     --HOLE-- [fill = 0]
                  000053e8    0000004c                   : BIOS.obj (.text:ti_sysbios_knl_Task_allBlockedFunction__I)
                  00005434    0000004c     ti.uia.loggers.aem4f : LoggerStopMode.oem4f (.text:ti_uia_loggers_LoggerStopMode_Module_startup__E)
                  00005480    00000048     sysbios.aem4f : BIOS.obj (.text:ti_sysbios_family_arm_m3_Hwi_disableInterrupt__E)
                  000054c8    00000048                   : BIOS.obj (.text:ti_sysbios_family_arm_m3_Hwi_enableInterrupt__E)
                  00005510    00000048                   : BIOS.obj (.text:ti_sysbios_family_arm_m3_Hwi_excReserved__I)
                  00005558    00000048                   : BIOS.obj (.text:ti_sysbios_utils_Load_taskDeleteHook__E)
                  000055a0    00000046     ti.targets.arm.rtsarm.aem4f : Core-params.oem4f (.text:xdc_runtime_Core_assignParams__I)
                  000055e6    00000002     --HOLE-- [fill = 0]
                  000055e8    00000044     sysbios.aem4f : BIOS.obj (.text:ti_sysbios_family_arm_lm4_Timer_stop__E)
                  0000562c    00000004     --HOLE-- [fill = 0]
                  00005630    00000044                   : BIOS.obj (.text:ti_sysbios_family_arm_m3_Hwi_getStackInfo__E)
                  00005674    00000004     --HOLE-- [fill = 0]
                  00005678    00000044                   : BIOS.obj (.text:ti_sysbios_utils_Load_removeTask__E)
                  000056bc    00000004     --HOLE-- [fill = 0]
                  000056c0    00000044                   : BIOS.obj (.text:ti_sysbios_utils_Load_swiBeginHook__E)
                  00005704    00000044     ti.uia.loggers.aem4f : LoggerStopMode.oem4f (.text:ti_uia_loggers_LoggerStopMode_initBuffer__I)
                  00005748    00000044     ti.targets.arm.rtsarm.aem4f : Error.oem4f (.text:xdc_runtime_Error_setX__E)
                  0000578c    00000044                                 : SysMin.oem4f (.text:xdc_runtime_SysMin_flush__E)
                  000057d0    00000044                                 : Text.oem4f (.text:xdc_runtime_Text_xprintf__I)
                  00005814    00000040     rtsv7M4_T_le_v4SPD16_eabi.lib : u_divt2.obj (.text)
                  00005854    00000004     --HOLE-- [fill = 0]
                  00005858    00000040     sysbios.aem4f : BIOS.obj (.text:ti_sysbios_family_arm_lm4_Timer_startup__E)
                  00005898    0000003c                   : BIOS.obj (.text:ti_sysbios_family_arm_m3_Hwi_excSvCall__I)
                  000058d4    00000004     --HOLE-- [fill = 0]
                  000058d8    0000003c                   : BIOS.obj (.text:ti_sysbios_knl_Swi_restore__E)
                  00005914    00000004     --HOLE-- [fill = 0]
                  00005918    0000003c                   : BIOS.obj (.text:ti_sysbios_utils_Load_hwiEndHook__E)
                  00005954    00000004     --HOLE-- [fill = 0]
                  00005958    00000038                   : BIOS.obj (.text:ti_sysbios_family_arm_m3_Hwi_excNoIsr__I)
                  00005990    00000038                   : BIOS.obj (.text:ti_sysbios_knl_Task_processVitalTaskFlag__I)
                  000059c8    00000038     ti.targets.arm.rtsarm.aem4f : SysMin.oem4f (.text:xdc_runtime_SysMin_putch__E)
                  00005a00    00000038                                 : System.oem4f (.text:xdc_runtime_System_atexit__E)
                  00005a38    00000034     driverlib.lib : sysctl.obj (.text:SysCtlPeripheralEnable)
                  00005a6c    00000004     --HOLE-- [fill = 0]
                  00005a70    00000034     sysbios.aem4f : BIOS.obj (.text:ti_sysbios_family_arm_m3_Hwi_excNmi__I)
                  00005aa4    00000004     --HOLE-- [fill = 0]
                  00005aa8    00000034                   : BIOS.obj (.text:ti_sysbios_hal_Hwi_checkStack)
                  00005adc    00000004     --HOLE-- [fill = 0]
                  00005ae0    00000034                   : BIOS.obj (.text:ti_sysbios_utils_Load_swiEndHook__E)
                  00005b14    00000034     ti.uia.loggers.aem4f : LoggerStopMode.oem4f (.text:ti_uia_loggers_LoggerStopMode_reset__E)
                  00005b48    00000034     ti.targets.arm.rtsarm.aem4f : Core-label.oem4f (.text:xdc_runtime_Core_assignLabel__I)
                  00005b7c    00000033                                 : Text.oem4f (.text:xdc_runtime_Text_printVisFxn__I)
                  00005baf    00000001     --HOLE-- [fill = 0]
                  00005bb0    00000032     sysbios.aem4f : BIOS.obj (.text:ti_sysbios_hal_Hwi_initStack)
                  00005be2    00000006     driverlib.lib : gpio.obj (.text:GPIOPinRead)
                  00005be8    00000032     sysbios.aem4f : BIOS.obj (.text:ti_sysbios_knl_Semaphore_pendTimeout__I)
                  00005c1a    00000002     --HOLE-- [fill = 0]
                  00005c1c    00000030     empty_pem4f.oem4f (.text:ti_sysbios_BIOS_atExitFunc__I)
                  00005c4c    00000004     --HOLE-- [fill = 0]
                  00005c50    00000030     sysbios.aem4f : BIOS.obj (.text:ti_sysbios_family_arm_m3_TaskSupport_start__E)
                  00005c80    00000030     empty_pem4f.oem4f (.text:ti_sysbios_gates_GateHwi_Object__create__S)
                  00005cb0    00000030     empty_pem4f.oem4f (.text:ti_sysbios_gates_GateMutex_Object__create__S)
                  00005ce0    00000030     empty_pem4f.oem4f (.text:ti_sysbios_knl_Semaphore_construct)
                  00005d10    00000030     empty_pem4f.oem4f (.text:ti_uia_loggers_LoggerStopMode_Object__create__S)
                  00005d40    00000030     ti.targets.arm.rtsarm.aem4f : SysMin.oem4f (.text:xdc_runtime_SysMin_abort__E)
                  00005d70    00000030                                 : System.oem4f (.text:xdc_runtime_System_processAtExit__E)
                  00005da0    0000002c     empty_pem4f.oem4f (.text:ti_sysbios_knl_Clock_doTick__I)
                  00005dcc    0000002c     empty_pem4f.oem4f (.text:ti_sysbios_knl_Queue_construct)
                  00005df8    0000002c     sysbios.aem4f : BIOS.obj (.text:ti_sysbios_knl_Task_restore__E)
                  00005e24    0000002c     ti.targets.arm.rtsarm.aem4f : Text.oem4f (.text:xdc_runtime_Text_cordText__E)
                  00005e50    0000002a     driverlib.lib : gpio.obj (.text:GPIODirModeSet)
                  00005e7a    0000002a     ti.targets.arm.rtsarm.aem4f : System.oem4f (.text:xdc_runtime_System_putchar__I)
                  00005ea4    00000028     empty_pem4f.oem4f (.text:ti_sysbios_BIOS_startFunc__I)
                  00005ecc    00000026     sysbios.aem4f : m3_Hwi_asm.obj (.text:ti_sysbios_family_arm_m3_Hwi_pendSV__I)
                  00005ef2    00000026     ti.targets.arm.rtsarm.aem4f : System.oem4f (.text:xdc_runtime_System_avprintf__E)
                  00005f18    00000024     empty_pem4f.oem4f (.text:ti_sysbios_BIOS_errorRaiseHook__I)
                  00005f3c    00000024     empty_pem4f.oem4f (.text:ti_sysbios_BIOS_registerRTSLock__I)
                  00005f60    00000024     empty_pem4f.oem4f (.text:ti_sysbios_BIOS_removeRTSLock__I)
                  00005f84    00000024     empty_pem4f.oem4f (.text:ti_sysbios_gates_GateMutex_Object__delete__S)
                  00005fa8    00000024     sysbios.aem4f : BIOS.obj (.text:ti_sysbios_knl_Clock_Module_startup__E)
                  00005fcc    00000004     --HOLE-- [fill = 0]
                  00005fd0    00000024                   : BIOS.obj (.text:ti_sysbios_knl_Task_restoreHwi__E)
                  00005ff4    00000024     ti.targets.arm.rtsarm.aem4f : System.oem4f (.text:xdc_runtime_System_vprintf__E)
                  00006018    00000022     sysbios.aem4f : BIOS.obj (.text:ti_sysbios_family_arm_lm4_Timer_write__I)
                  0000603a    00000022     empty_pem4f.oem4f (.text:xdc_runtime_SysMin_output__I)
                  0000605c    00000020     empty_pem4f.oem4f (.text:ti_sysbios_BIOS_rtsLock__I)
                  0000607c    00000020     sysbios.aem4f : m3_Hwi_asm.obj (.text:ti_sysbios_family_arm_m3_Hwi_excHandlerAsm__I)
                  0000609c    00000004     --HOLE-- [fill = 0]
                  000060a0    00000020                   : BIOS.obj (.text:ti_sysbios_family_arm_m3_Hwi_excHandler__I)
                  000060c0    00000020     empty_pem4f.oem4f (.text:ti_sysbios_gates_GateHwi_Object__delete__S)
                  000060e0    00000020     sysbios.aem4f : BIOS.obj (.text:ti_sysbios_knl_Idle_run__E)
                  00006100    00000020     empty_pem4f.oem4f (.text:ti_sysbios_knl_Semaphore_Object__destruct__S)
                  00006120    00000020     empty_pem4f.oem4f (.text:ti_uia_loggers_LoggerStopMode_Object__delete__S)
                  00006140    00000020     ti.targets.arm.rtsarm.aem4f : Registry.oem4f (.text:xdc_runtime_Registry_findById__E)
                  00006160    00000020                                 : SysMin.oem4f (.text:xdc_runtime_SysMin_Module_startup__E)
                  00006180    0000001e     sysbios.aem4f : m3_Hwi_asm_switch.obj (.text:ti_sysbios_family_xxx_Hwi_switchAndRunFunc)
                  0000619e    00000002     --HOLE-- [fill = 0]
                  000061a0    0000001c                   : BIOS.obj (.text:ti_sysbios_gates_GateMutex_Instance_init__E)
                  000061bc    0000001c     empty_pem4f.oem4f (.text:ti_sysbios_knl_Queue_Object__destruct__S)
                  000061d8    0000001c     sysbios.aem4f : BIOS.obj (.text:ti_sysbios_knl_Task_enter__I)
                  000061f4    0000001c     ti.uia.loggers.aem4f : LoggerStopMode.oem4f (.text:ti_uia_loggers_LoggerStopMode_Instance_init__E)
                  00006210    0000001c     ti.targets.arm.rtsarm.aem4f : Error.oem4f (.text:xdc_runtime_Error_raiseX__E)
                  0000622c    0000001c     empty_pem4f.oem4f (.text:xdc_runtime_HeapStd_Object__delete__S)
                  00006248    0000001c     ti.targets.arm.rtsarm.aem4f : Memory.oem4f (.text:xdc_runtime_Memory_valloc__E)
                  00006264    0000001c                                 : SysMin.oem4f (.text:xdc_runtime_SysMin_exit__E)
                  00006280    0000001c                                 : System.oem4f (.text:xdc_runtime_System_abort__E)
                  0000629c    0000001a     empty_pem4f.oem4f (.text:ti_sysbios_family_arm_m3_Hwi_Handle__label__S)
                  000062b6    0000001a     empty_pem4f.oem4f (.text:ti_sysbios_gates_GateHwi_Handle__label__S)
                  000062d0    0000001a     empty_pem4f.oem4f (.text:ti_sysbios_gates_GateMutex_Handle__label__S)
                  000062ea    0000001a     empty_pem4f.oem4f (.text:ti_sysbios_knl_Swi_Handle__label__S)
                  00006304    0000001a     empty_pem4f.oem4f (.text:ti_sysbios_knl_Task_Handle__label__S)
                  0000631e    0000001a     empty_pem4f.oem4f (.text:ti_uia_loggers_LoggerStopMode_Handle__label__S)
                  00006338    0000001a     empty_pem4f.oem4f (.text:xdc_runtime_HeapStd_Handle__label__S)
                  00006352    0000001a     empty_pem4f.oem4f (.text:xdc_runtime_System_aprintf__E)
                  0000636c    0000001a     empty_pem4f.oem4f (.text:xdc_runtime_System_printf__E)
                  00006386    00000018     driverlib.lib : gpio.obj (.text:GPIOPinTypeGPIOOutput)
                  0000639e    00000002     --HOLE-- [fill = 0]
                  000063a0    00000018     rtsv7M4_T_le_v4SPD16_eabi.lib : args_main.obj (.text)
                  000063b8    00000018     empty_pem4f.oem4f (.text:ti_sysbios_BIOS_rtsUnlock__I)
                  000063d0    00000018     empty_pem4f.oem4f (.text:ti_sysbios_family_arm_lm4_Timer_Module__startupDone__F)
                  000063e8    00000018     empty_pem4f.oem4f (.text:ti_sysbios_family_arm_m3_Hwi_Module__startupDone__F)
                  00006400    00000018     sysbios.aem4f : m3_TaskSupport_asm.obj (.text:ti_sysbios_family_arm_m3_TaskSupport_swap__E)
                  00006418    00000018                   : BIOS.obj (.text:ti_sysbios_gates_GateMutex_leave__E)
                  00006430    00000018     ti.targets.arm.rtsarm.aem4f : Error.oem4f (.text:xdc_runtime_Error_check__E)
                  00006448    00000018                                 : System.oem4f (.text:xdc_runtime_System_exit__E)
                  00006460    00000018                                 : Text.oem4f (.text:xdc_runtime_Text_ropeText__E)
                  00006478    00000016     empty_pem4f.oem4f (.text:ti_sysbios_BIOS_exitFunc__I)
                  0000648e    00000016     ti.uia.loggers.aem4f : LoggerStopMode.oem4f (.text:ti_uia_loggers_LoggerStopMode_disable__E)
                  000064a4    00000016                          : LoggerStopMode.oem4f (.text:ti_uia_loggers_LoggerStopMode_enable__E)
                  000064ba    00000002     --HOLE-- [fill = 0]
                  000064bc    00000014     rtsv7M4_T_le_v4SPD16_eabi.lib : _lock.obj (.text)
                  000064d0    00000014                                   : strcpy.obj (.text)
                  000064e4    00000014                                   : strlen.obj (.text)
                  000064f8    00000014     empty_pem4f.oem4f (.text:ti_sysbios_family_arm_m3_Hwi_Object__get__S)
                  0000650c    00000004     --HOLE-- [fill = 0]
                  00006510    00000014     sysbios.aem4f : BIOS.obj (.text:ti_sysbios_family_arm_m3_Hwi_switchFromBootStack__E)
                  00006524    00000014     empty_pem4f.oem4f (.text:ti_sysbios_knl_Swi_Object__get__S)
                  00006538    00000014     empty_pem4f.oem4f (.text:ti_sysbios_knl_Task_Object__get__S)
                  0000654c    00000012     driverlib.lib : timer.obj (.text:TimerLoadSet)
                  0000655e    00000002     --HOLE-- [fill = 0]
                  00006560    00000012     sysbios.aem4f : BIOS.obj (.text:ti_sysbios_hal_Hwi_Module_startup__E)
                  00006572    00000012     empty_pem4f.oem4f (.text:xdc_runtime_Startup_exec__I)
                  00006584    00000004     --HOLE-- [fill = 0]
                  00006588    00000010     sysbios.aem4f : BIOS.obj (.text:ti_sysbios_BIOS_getCpuFreq__E)
                  00006598    00000010                   : BIOS.obj (.text:ti_sysbios_BIOS_setThreadType__E)
                  000065a8    00000010                   : BIOS.obj (.text:ti_sysbios_BIOS_start__E)
                  000065b8    00000010                   : BIOS.obj (.text:ti_sysbios_family_arm_lm4_TimestampProvider_rolloverFunc__E)
                  000065c8    00000010                   : m3_TaskSupport_asm.obj (.text:ti_sysbios_family_arm_m3_TaskSupport_glue)
                  000065d8    00000010                   : BIOS.obj (.text:ti_sysbios_gates_GateMutex_Instance_finalize__E)
                  000065e8    00000010                   : BIOS.obj (.text:ti_sysbios_knl_Semaphore_Instance_finalize__E)
                  000065f8    00000010                   : BIOS.obj (.text:ti_sysbios_knl_Swi_disable__E)
                  00006608    00000010                   : BIOS.obj (.text:ti_sysbios_knl_Task_disable__E)
                  00006618    00000010     empty_pem4f.oem4f (.text:ti_uia_loggers_LoggerStopMode_Object__get__S)
                  00006628    00000010     ti.uia.loggers.aem4f : LoggerStopMode.oem4f (.text:ti_uia_loggers_LoggerStopMode_isEmpty__E)
                  00006638    00000010     ti.targets.arm.rtsarm.aem4f : Gate.oem4f (.text:xdc_runtime_Gate_leaveSystem__E)
                  00006648    00000010                                 : Memory.oem4f (.text:xdc_runtime_Memory_free__E)
                  00006658    00000010                                 : SysMin.oem4f (.text:xdc_runtime_SysMin_ready__E)
                  00006668    00000010                                 : System.oem4f (.text:xdc_runtime_System_vsnprintf__E)
                  00006678    00000010     empty_pem4f.oem4f (.text:xdc_runtime_Text_visitRope__I)
                  00006688    0000000e     driverlib.lib : timer.obj (.text:TimerEnable)
                  00006696    0000000e     rtsv7M4_T_le_v4SPD16_eabi.lib : copy_decompress_none.obj (.text:decompress:none)
                  000066a4    00000004     --HOLE-- [fill = 0]
                  000066a8    0000000e     sysbios.aem4f : BIOS.obj (.text:ti_sysbios_knl_Idle_loop__E)
                  000066b6    00000002     --HOLE-- [fill = 0]
                  000066b8    0000000e                   : BIOS.obj (.text:ti_sysbios_knl_Queue_empty__E)
                  000066c6    0000000e     ti.targets.arm.rtsarm.aem4f : HeapStd.oem4f (.text:xdc_runtime_HeapStd_getStats__E)
                  000066d4    0000000c     empty_pem4f.oem4f (.text:.bootCodeSection:ti_catalog_arm_cortexm4_tiva_ce_Boot_init__I)
                  000066e0    0000000c     rtsv7M4_T_le_v4SPD16_eabi.lib : copy_zero_init.obj (.text:decompress:ZI)
                  000066ec    0000000c     main.obj (.text:main)
                  000066f8    0000000c     sysbios.aem4f : BIOS.obj (.text:ti_sysbios_family_arm_lm4_Timer_getMaxTicks__E)
                  00006704    00000004     --HOLE-- [fill = 0]
                  00006708    0000000c                   : BIOS.obj (.text:ti_sysbios_family_arm_lm4_TimestampProvider_startTimer__E)
                  00006714    00000004     --HOLE-- [fill = 0]
                  00006718    0000000c                   : BIOS.obj (.text:ti_sysbios_family_arm_m3_Hwi_disableFxn__E)
                  00006724    00000004     --HOLE-- [fill = 0]
                  00006728    0000000c                   : BIOS.obj (.text:ti_sysbios_family_arm_m3_TaskSupport_checkStack__E)
                  00006734    00000004     --HOLE-- [fill = 0]
                  00006738    0000000c                   : BIOS.obj (.text:ti_sysbios_gates_GateHwi_enter__E)
                  00006744    0000000c     empty_pem4f.oem4f (.text:ti_sysbios_knl_Queue_Object__get__S)
                  00006750    0000000c     sysbios.aem4f : BIOS.obj (.text:ti_sysbios_utils_Load_taskRegHook__E)
                  0000675c    0000000c     ti.targets.arm.rtsarm.aem4f : Error.oem4f (.text:xdc_runtime_Error_init__E)
                  00006768    0000000c                                 : Gate.oem4f (.text:xdc_runtime_Gate_enterSystem__E)
                  00006774    0000000c                                 : Memory.oem4f (.text:xdc_runtime_Memory_calloc__E)
                  00006780    0000000c                                 : Memory.oem4f (.text:xdc_runtime_Memory_getMaxDefaultTypeAlign__E)
                  0000678c    0000000a     empty_pem4f.oem4f (.text:xdc_runtime_IHeap_alloc)
                  00006796    0000000a     empty_pem4f.oem4f (.text:xdc_runtime_IHeap_free)
                  000067a0    00000008     driverlib.lib : timer.obj (.text:TimerIntEnable)
                  000067a8    00000008     sysbios.aem4f : BIOS.obj (.text:ti_sysbios_family_arm_lm4_Timer_masterDisable__I)
                  000067b0    00000008                   : BIOS.obj (.text:ti_sysbios_family_arm_m3_Hwi_doSwiRestore__I)
                  000067b8    00000008                   : BIOS.obj (.text:ti_sysbios_family_arm_m3_Hwi_startup__E)
                  000067c0    00000008                   : BIOS.obj (.text:ti_sysbios_knl_Task_getHookContext__E)
                  000067c8    00000006     driverlib.lib : gpio.obj (.text:GPIOPinWrite)
                  000067ce    00000006                   : sysctl.obj (.text:SysCtlDelay)
                  000067d4    00000006     Boot.aem4f : Boot_sysctl.oem4f (.text:ti_catalog_arm_cortexm4_tiva_ce_Boot_sysCtlDelayI__I)
                  000067da    00000006     ti.targets.arm.rtsarm.aem4f : System.oem4f (.text:xdc_runtime_System_Module_startup__E)
                  000067e0    00000006     sysbios.aem4f : BIOS.obj (.text:ti_sysbios_family_arm_lm4_TimestampProvider_Module_startup__E)
                  000067e6    00000002     --HOLE-- [fill = 0]
                  000067e8    00000006                   : BIOS.obj (.text:ti_sysbios_family_arm_m3_Hwi_doTaskRestore__I)
                  000067ee    00000002     --HOLE-- [fill = 0]
                  000067f0    00000006                   : BIOS.obj (.text:ti_sysbios_family_arm_m3_Hwi_restoreFxn__E)
                  000067f6    00000002     --HOLE-- [fill = 0]
                  000067f8    00000006                   : BIOS.obj (.text:ti_sysbios_gates_GateHwi_leave__E)
                  000067fe    00000002     --HOLE-- [fill = 0]
                  00006800    00000006                   : BIOS.obj (.text:ti_sysbios_knl_Queue_Instance_init__E)
                  00006806    00000002     --HOLE-- [fill = 0]
                  00006808    00000006                   : BIOS.obj (.text:ti_sysbios_knl_Swi_startup__E)
                  0000680e    00000002     --HOLE-- [fill = 0]
                  00006810    00000004                   : BIOS.obj (.text:ti_sysbios_family_arm_lm4_Timer_getPeriod__E)
                  00006814    00000004     --HOLE-- [fill = 0]
                  00006818    00000004                   : BIOS.obj (.text:ti_sysbios_gates_GateHwi_query__E)
                  0000681c    00000004     --HOLE-- [fill = 0]
                  00006820    00000004                   : BIOS.obj (.text:ti_sysbios_gates_GateMutex_query__E)
                  00006824    00000004     --HOLE-- [fill = 0]
                  00006828    00000004                   : BIOS.obj (.text:ti_sysbios_knl_Task_startup__E)
                  0000682c    00000004     --HOLE-- [fill = 0]
                  00006830    00000002                   : BIOS.obj (.text:ti_sysbios_gates_GateHwi_Instance_init__E)

.const     0    00006834    00002384     
                  00006834    00001c07     empty_pem4f.oem4f (.const:xdc_runtime_Text_charTab__A)
                  0000843b    00000001     empty_pem4f.oem4f (.const:xdc_runtime_Error_policy__C)
                  0000843c    000000fc     empty_pem4f.oem4f (.const:xdc_runtime_Text_nodeTab__A)
                  00008538    0000006c     driverlib.lib : sysctl.obj (.const:g_pui32Xtals)
                  000085a4    00000060     empty_pem4f.oem4f (.const:ti_uia_loggers_LoggerStopMode_Module__FXNS__C)
                  00008604    00000048     empty_pem4f.oem4f (.const:.string)
                  0000864c    00000028     empty_pem4f.oem4f (.const:ti_uia_loggers_LoggerStopMode_Object__PARAMS__C)
                  00008674    00000028     empty_pem4f.oem4f (.const:xdc_runtime_HeapStd_Module__FXNS__C)
                  0000869c    00000028     empty_pem4f.oem4f (.const:xdc_runtime_Startup_sfxnTab__A)
                  000086c4    00000024     empty_pem4f.oem4f (.const:ti_sysbios_gates_GateHwi_Module__FXNS__C)
                  000086e8    00000024     empty_pem4f.oem4f (.const:ti_sysbios_gates_GateMutex_Module__FXNS__C)
                  0000870c    00000024     empty_pem4f.oem4f (.const:ti_sysbios_knl_Semaphore_Object__PARAMS__C)
                  00008730    00000020     empty_pem4f.oem4f (.const:ti_sysbios_gates_GateHwi_Object__DESC__C)
                  00008750    00000020     empty_pem4f.oem4f (.const:ti_sysbios_gates_GateMutex_Object__DESC__C)
                  00008770    00000020     empty_pem4f.oem4f (.const:ti_sysbios_knl_Queue_Object__DESC__C)
                  00008790    00000020     empty_pem4f.oem4f (.const:ti_sysbios_knl_Semaphore_Object__DESC__C)
                  000087b0    00000020     empty_pem4f.oem4f (.const:ti_uia_loggers_LoggerStopMode_Object__DESC__C)
                  000087d0    00000020     empty_pem4f.oem4f (.const:xdc_runtime_HeapStd_Object__DESC__C)
                  000087f0    0000001c     empty_pem4f.oem4f (.const:xdc_runtime_HeapStd_Object__PARAMS__C)
                  0000880c    00000018     empty_pem4f.oem4f (.const:ti_sysbios_gates_GateHwi_Object__PARAMS__C)
                  00008824    00000018     empty_pem4f.oem4f (.const:ti_sysbios_gates_GateMutex_Object__PARAMS__C)
                  0000883c    00000018     empty_pem4f.oem4f (.const:ti_sysbios_knl_Queue_Object__PARAMS__C)
                  00008854    00000018     empty_pem4f.oem4f (.const:ti_sysbios_knl_Swi_hooks__A)
                  0000886c    00000018     empty_pem4f.oem4f (.const:ti_sysbios_knl_Task_hooks__A)
                  00008884    00000014     empty_pem4f.oem4f (.const:ti_sysbios_family_arm_m3_Hwi_hooks__A)
                  00008898    00000014     empty_pem4f.oem4f (.const:xdc_runtime_Startup_sfxnRts__A)
                  000088ac    00000010     empty_pem4f.oem4f (.const:xdc_runtime_Startup_firstFxns__A)
                  000088bc    00000008     empty_pem4f.oem4f (.const:ti_sysbios_family_arm_m3_Hwi_excHookFuncs__A)
                  000088c4    00000008     empty_pem4f.oem4f (.const:ti_sysbios_family_arm_m3_Hwi_hooks__C)
                  000088cc    00000008     empty_pem4f.oem4f (.const:ti_sysbios_knl_Idle_funcList__A)
                  000088d4    00000008     empty_pem4f.oem4f (.const:ti_sysbios_knl_Idle_funcList__C)
                  000088dc    00000008     empty_pem4f.oem4f (.const:ti_sysbios_knl_Swi_hooks__C)
                  000088e4    00000008     empty_pem4f.oem4f (.const:ti_sysbios_knl_Task_hooks__C)
                  000088ec    00000008     empty_pem4f.oem4f (.const:xdc_runtime_Startup_firstFxns__C)
                  000088f4    00000008     empty_pem4f.oem4f (.const:xdc_runtime_Startup_lastFxns__C)
                  000088fc    00000004     empty_pem4f.oem4f (.const:ti_catalog_arm_cortexm4_tiva_ce_Boot_A_mustUseEnhancedClockMode__C)
                  00008900    00000004     empty_pem4f.oem4f (.const:ti_catalog_arm_cortexm4_tiva_ce_Boot_Module__diagsEnabled__C)
                  00008904    00000004     empty_pem4f.oem4f (.const:ti_catalog_arm_cortexm4_tiva_ce_Boot_Module__diagsIncluded__C)
                  00008908    00000004     empty_pem4f.oem4f (.const:ti_catalog_arm_cortexm4_tiva_ce_Boot_Module__diagsMask__C)
                  0000890c    00000004     empty_pem4f.oem4f (.const:ti_sysbios_family_arm_lm4_Timer_enableFunc__C)
                  00008910    00000004     empty_pem4f.oem4f (.const:ti_sysbios_family_arm_lm4_Timer_numTimerDevices__C)
                  00008914    00000004     empty_pem4f.oem4f (.const:ti_sysbios_family_arm_lm4_Timer_startupNeeded__C)
                  00008918    00000004     empty_pem4f.oem4f (.const:ti_sysbios_family_arm_m3_Hwi_E_NMI__C)
                  0000891c    00000004     empty_pem4f.oem4f (.const:ti_sysbios_family_arm_m3_Hwi_E_busFault__C)
                  00008920    00000004     empty_pem4f.oem4f (.const:ti_sysbios_family_arm_m3_Hwi_E_debugMon__C)
                  00008924    00000004     empty_pem4f.oem4f (.const:ti_sysbios_family_arm_m3_Hwi_E_hardFault__C)
                  00008928    00000004     empty_pem4f.oem4f (.const:ti_sysbios_family_arm_m3_Hwi_E_memFault__C)
                  0000892c    00000004     empty_pem4f.oem4f (.const:ti_sysbios_family_arm_m3_Hwi_E_noIsr__C)
                  00008930    00000004     empty_pem4f.oem4f (.const:ti_sysbios_family_arm_m3_Hwi_E_reserved__C)
                  00008934    00000004     empty_pem4f.oem4f (.const:ti_sysbios_family_arm_m3_Hwi_E_svCall__C)
                  00008938    00000004     empty_pem4f.oem4f (.const:ti_sysbios_family_arm_m3_Hwi_E_usageFault__C)
                  0000893c    00000004     empty_pem4f.oem4f (.const:ti_sysbios_family_arm_m3_Hwi_LD_end__C)
                  00008940    00000004     empty_pem4f.oem4f (.const:ti_sysbios_family_arm_m3_Hwi_LM_begin__C)
                  00008944    00000004     empty_pem4f.oem4f (.const:ti_sysbios_family_arm_m3_Hwi_Module__diagsEnabled__C)
                  00008948    00000004     empty_pem4f.oem4f (.const:ti_sysbios_family_arm_m3_Hwi_Module__diagsIncluded__C)
                  0000894c    00000004     empty_pem4f.oem4f (.const:ti_sysbios_family_arm_m3_Hwi_Module__diagsMask__C)
                  00008950    00000004     empty_pem4f.oem4f (.const:ti_sysbios_family_arm_m3_Hwi_Module__loggerFxn1__C)
                  00008954    00000004     empty_pem4f.oem4f (.const:ti_sysbios_family_arm_m3_Hwi_Module__loggerFxn8__C)
                  00008958    00000004     empty_pem4f.oem4f (.const:ti_sysbios_family_arm_m3_Hwi_Module__loggerObj__C)
                  0000895c    00000004     empty_pem4f.oem4f (.const:ti_sysbios_family_arm_m3_Hwi_NUM_INTERRUPTS__C)
                  00008960    00000004     empty_pem4f.oem4f (.const:ti_sysbios_family_arm_m3_Hwi_Object__count__C)
                  00008964    00000004     empty_pem4f.oem4f (.const:ti_sysbios_family_arm_m3_Hwi_ccr__C)
                  00008968    00000004     empty_pem4f.oem4f (.const:ti_sysbios_family_arm_m3_Hwi_excHandlerFunc__C)
                  0000896c    00000004     empty_pem4f.oem4f (.const:ti_sysbios_family_arm_m3_Hwi_excHookFuncs__C)
                  00008970    00000004     empty_pem4f.oem4f (.const:ti_sysbios_family_arm_m3_Hwi_nullIsrFunc__C)
                  00008974    00000004     empty_pem4f.oem4f (.const:ti_sysbios_family_arm_m3_Hwi_priGroup__C)
                  00008978    00000004     empty_pem4f.oem4f (.const:ti_sysbios_gates_GateMutex_A_badContext__C)
                  0000897c    00000004     empty_pem4f.oem4f (.const:ti_sysbios_gates_GateMutex_Instance_State_sem__O)
                  00008980    00000004     empty_pem4f.oem4f (.const:ti_sysbios_gates_GateMutex_Module__diagsEnabled__C)
                  00008984    00000004     empty_pem4f.oem4f (.const:ti_sysbios_gates_GateMutex_Module__diagsIncluded__C)
                  00008988    00000004     empty_pem4f.oem4f (.const:ti_sysbios_gates_GateMutex_Module__diagsMask__C)
                  0000898c    00000004     empty_pem4f.oem4f (.const:ti_sysbios_hal_Hwi_E_stackOverflow__C)
                  00008990    00000004     empty_pem4f.oem4f (.const:ti_sysbios_knl_Clock_LM_begin__C)
                  00008994    00000004     empty_pem4f.oem4f (.const:ti_sysbios_knl_Clock_LM_tick__C)
                  00008998    00000004     empty_pem4f.oem4f (.const:ti_sysbios_knl_Clock_LW_delayed__C)
                  0000899c    00000004     empty_pem4f.oem4f (.const:ti_sysbios_knl_Clock_Module_State_clockQ__O)
                  000089a0    00000004     empty_pem4f.oem4f (.const:ti_sysbios_knl_Clock_Module__diagsEnabled__C)
                  000089a4    00000004     empty_pem4f.oem4f (.const:ti_sysbios_knl_Clock_Module__diagsIncluded__C)
                  000089a8    00000004     empty_pem4f.oem4f (.const:ti_sysbios_knl_Clock_Module__diagsMask__C)
                  000089ac    00000004     empty_pem4f.oem4f (.const:ti_sysbios_knl_Clock_Module__loggerFxn1__C)
                  000089b0    00000004     empty_pem4f.oem4f (.const:ti_sysbios_knl_Clock_Module__loggerFxn2__C)
                  000089b4    00000004     empty_pem4f.oem4f (.const:ti_sysbios_knl_Clock_Module__loggerObj__C)
                  000089b8    00000004     empty_pem4f.oem4f (.const:ti_sysbios_knl_Semaphore_A_badContext__C)
                  000089bc    00000004     empty_pem4f.oem4f (.const:ti_sysbios_knl_Semaphore_A_noEvents__C)
                  000089c0    00000004     empty_pem4f.oem4f (.const:ti_sysbios_knl_Semaphore_A_overflow__C)
                  000089c4    00000004     empty_pem4f.oem4f (.const:ti_sysbios_knl_Semaphore_A_pendTaskDisabled__C)
                  000089c8    00000004     empty_pem4f.oem4f (.const:ti_sysbios_knl_Semaphore_Instance_State_pendQ__O)
                  000089cc    00000004     empty_pem4f.oem4f (.const:ti_sysbios_knl_Semaphore_LM_pend__C)
                  000089d0    00000004     empty_pem4f.oem4f (.const:ti_sysbios_knl_Semaphore_LM_post__C)
                  000089d4    00000004     empty_pem4f.oem4f (.const:ti_sysbios_knl_Semaphore_Module__diagsEnabled__C)
                  000089d8    00000004     empty_pem4f.oem4f (.const:ti_sysbios_knl_Semaphore_Module__diagsIncluded__C)
                  000089dc    00000004     empty_pem4f.oem4f (.const:ti_sysbios_knl_Semaphore_Module__diagsMask__C)
                  000089e0    00000004     empty_pem4f.oem4f (.const:ti_sysbios_knl_Semaphore_Module__loggerFxn2__C)
                  000089e4    00000004     empty_pem4f.oem4f (.const:ti_sysbios_knl_Semaphore_Module__loggerFxn4__C)
                  000089e8    00000004     empty_pem4f.oem4f (.const:ti_sysbios_knl_Semaphore_Module__loggerObj__C)
                  000089ec    00000004     empty_pem4f.oem4f (.const:ti_sysbios_knl_Swi_LD_end__C)
                  000089f0    00000004     empty_pem4f.oem4f (.const:ti_sysbios_knl_Swi_LM_begin__C)
                  000089f4    00000004     empty_pem4f.oem4f (.const:ti_sysbios_knl_Swi_LM_post__C)
                  000089f8    00000004     empty_pem4f.oem4f (.const:ti_sysbios_knl_Swi_Module__diagsEnabled__C)
                  000089fc    00000004     empty_pem4f.oem4f (.const:ti_sysbios_knl_Swi_Module__diagsIncluded__C)
                  00008a00    00000004     empty_pem4f.oem4f (.const:ti_sysbios_knl_Swi_Module__diagsMask__C)
                  00008a04    00000004     empty_pem4f.oem4f (.const:ti_sysbios_knl_Swi_Module__loggerFxn1__C)
                  00008a08    00000004     empty_pem4f.oem4f (.const:ti_sysbios_knl_Swi_Module__loggerFxn4__C)
                  00008a0c    00000004     empty_pem4f.oem4f (.const:ti_sysbios_knl_Swi_Module__loggerObj__C)
                  00008a10    00000004     empty_pem4f.oem4f (.const:ti_sysbios_knl_Swi_Object__count__C)
                  00008a14    00000004     empty_pem4f.oem4f (.const:ti_sysbios_knl_Swi_numConstructedSwis__C)
                  00008a18    00000004     empty_pem4f.oem4f (.const:ti_sysbios_knl_Task_E_spOutOfBounds__C)
                  00008a1c    00000004     empty_pem4f.oem4f (.const:ti_sysbios_knl_Task_E_stackOverflow__C)
                  00008a20    00000004     empty_pem4f.oem4f (.const:ti_sysbios_knl_Task_LD_block__C)
                  00008a24    00000004     empty_pem4f.oem4f (.const:ti_sysbios_knl_Task_LD_exit__C)
                  00008a28    00000004     empty_pem4f.oem4f (.const:ti_sysbios_knl_Task_LD_ready__C)
                  00008a2c    00000004     empty_pem4f.oem4f (.const:ti_sysbios_knl_Task_LM_switch__C)
                  00008a30    00000004     empty_pem4f.oem4f (.const:ti_sysbios_knl_Task_Module_State_inactiveQ__O)
                  00008a34    00000004     empty_pem4f.oem4f (.const:ti_sysbios_knl_Task_Module__diagsEnabled__C)
                  00008a38    00000004     empty_pem4f.oem4f (.const:ti_sysbios_knl_Task_Module__diagsIncluded__C)
                  00008a3c    00000004     empty_pem4f.oem4f (.const:ti_sysbios_knl_Task_Module__diagsMask__C)
                  00008a40    00000004     empty_pem4f.oem4f (.const:ti_sysbios_knl_Task_Module__loggerFxn2__C)
                  00008a44    00000004     empty_pem4f.oem4f (.const:ti_sysbios_knl_Task_Module__loggerFxn4__C)
                  00008a48    00000004     empty_pem4f.oem4f (.const:ti_sysbios_knl_Task_Module__loggerObj__C)
                  00008a4c    00000004     empty_pem4f.oem4f (.const:ti_sysbios_knl_Task_Object__count__C)
                  00008a50    00000004     empty_pem4f.oem4f (.const:ti_sysbios_knl_Task_Object__heap__C)
                  00008a54    00000004     empty_pem4f.oem4f (.const:ti_sysbios_knl_Task_allBlockedFunc__C)
                  00008a58    00000004     empty_pem4f.oem4f (.const:ti_sysbios_knl_Task_numConstructedTasks__C)
                  00008a5c    00000004     empty_pem4f.oem4f (.const:ti_sysbios_utils_Load_LS_cpuLoad__C)
                  00008a60    00000004     empty_pem4f.oem4f (.const:ti_sysbios_utils_Load_LS_hwiLoad__C)
                  00008a64    00000004     empty_pem4f.oem4f (.const:ti_sysbios_utils_Load_LS_swiLoad__C)
                  00008a68    00000004     empty_pem4f.oem4f (.const:ti_sysbios_utils_Load_LS_taskLoad__C)
                  00008a6c    00000004     empty_pem4f.oem4f (.const:ti_sysbios_utils_Load_Module_State_taskList__O)
                  00008a70    00000004     empty_pem4f.oem4f (.const:ti_sysbios_utils_Load_Module__diagsEnabled__C)
                  00008a74    00000004     empty_pem4f.oem4f (.const:ti_sysbios_utils_Load_Module__diagsIncluded__C)
                  00008a78    00000004     empty_pem4f.oem4f (.const:ti_sysbios_utils_Load_Module__diagsMask__C)
                  00008a7c    00000004     empty_pem4f.oem4f (.const:ti_sysbios_utils_Load_Module__loggerFxn1__C)
                  00008a80    00000004     empty_pem4f.oem4f (.const:ti_sysbios_utils_Load_Module__loggerFxn2__C)
                  00008a84    00000004     empty_pem4f.oem4f (.const:ti_sysbios_utils_Load_Module__loggerFxn4__C)
                  00008a88    00000004     empty_pem4f.oem4f (.const:ti_sysbios_utils_Load_Module__loggerObj__C)
                  00008a8c    00000004     empty_pem4f.oem4f (.const:ti_sysbios_utils_Load_postUpdate__C)
                  00008a90    00000004     empty_pem4f.oem4f (.const:ti_sysbios_utils_Load_windowInMs__C)
                  00008a94    00000004     empty_pem4f.oem4f (.const:ti_uia_loggers_LoggerStopMode_Module__diagsEnabled__C)
                  00008a98    00000004     empty_pem4f.oem4f (.const:ti_uia_loggers_LoggerStopMode_Module__diagsIncluded__C)
                  00008a9c    00000004     empty_pem4f.oem4f (.const:ti_uia_loggers_LoggerStopMode_Module__diagsMask__C)
                  00008aa0    00000004     empty_pem4f.oem4f (.const:ti_uia_loggers_LoggerStopMode_Object__count__C)
                  00008aa4    00000004     empty_pem4f.oem4f (.const:ti_uia_runtime_ILoggerSnapshot_Interface__BASE__C)
                  00008aa8    00000004     empty_pem4f.oem4f (.const:ti_uia_runtime_IUIATransfer_Interface__BASE__C)
                  00008aac    00000004     empty_pem4f.oem4f (.const:xdc_runtime_Assert_E_assertFailed__C)
                  00008ab0    00000004     empty_pem4f.oem4f (.const:xdc_runtime_Core_A_initializedParams__C)
                  00008ab4    00000004     empty_pem4f.oem4f (.const:xdc_runtime_Core_Module__diagsEnabled__C)
                  00008ab8    00000004     empty_pem4f.oem4f (.const:xdc_runtime_Core_Module__diagsIncluded__C)
                  00008abc    00000004     empty_pem4f.oem4f (.const:xdc_runtime_Core_Module__diagsMask__C)
                  00008ac0    00000004     empty_pem4f.oem4f (.const:xdc_runtime_Error_E_memory__C)
                  00008ac4    00000004     empty_pem4f.oem4f (.const:xdc_runtime_Error_Module__diagsEnabled__C)
                  00008ac8    00000004     empty_pem4f.oem4f (.const:xdc_runtime_Error_Module__diagsIncluded__C)
                  00008acc    00000004     empty_pem4f.oem4f (.const:xdc_runtime_Error_Module__diagsMask__C)
                  00008ad0    00000004     empty_pem4f.oem4f (.const:xdc_runtime_Error_Module__loggerFxn8__C)
                  00008ad4    00000004     empty_pem4f.oem4f (.const:xdc_runtime_Error_Module__loggerObj__C)
                  00008ad8    00000004     empty_pem4f.oem4f (.const:xdc_runtime_Error_policyFxn__C)
                  00008adc    00000004     empty_pem4f.oem4f (.const:xdc_runtime_Error_raiseHook__C)
                  00008ae0    00000004     empty_pem4f.oem4f (.const:xdc_runtime_HeapStd_A_align__C)
                  00008ae4    00000004     empty_pem4f.oem4f (.const:xdc_runtime_HeapStd_A_invalidTotalFreeSize__C)
                  00008ae8    00000004     empty_pem4f.oem4f (.const:xdc_runtime_HeapStd_A_zeroSize__C)
                  00008aec    00000004     empty_pem4f.oem4f (.const:xdc_runtime_HeapStd_E_noRTSMemory__C)
                  00008af0    00000004     empty_pem4f.oem4f (.const:xdc_runtime_HeapStd_Module__diagsEnabled__C)
                  00008af4    00000004     empty_pem4f.oem4f (.const:xdc_runtime_HeapStd_Module__diagsIncluded__C)
                  00008af8    00000004     empty_pem4f.oem4f (.const:xdc_runtime_HeapStd_Module__diagsMask__C)
                  00008afc    00000004     empty_pem4f.oem4f (.const:xdc_runtime_IFilterLogger_Interface__BASE__C)
                  00008b00    00000004     empty_pem4f.oem4f (.const:xdc_runtime_IGateProvider_Interface__BASE__C)
                  00008b04    00000004     empty_pem4f.oem4f (.const:xdc_runtime_IHeap_Interface__BASE__C)
                  00008b08    00000004     empty_pem4f.oem4f (.const:xdc_runtime_ILogger_Interface__BASE__C)
                  00008b0c    00000004     empty_pem4f.oem4f (.const:xdc_runtime_IModule_Interface__BASE__C)
                  00008b10    00000004     empty_pem4f.oem4f (.const:xdc_runtime_Log_L_error__C)
                  00008b14    00000004     empty_pem4f.oem4f (.const:xdc_runtime_Log_L_info__C)
                  00008b18    00000004     empty_pem4f.oem4f (.const:xdc_runtime_Main_Module__diagsEnabled__C)
                  00008b1c    00000004     empty_pem4f.oem4f (.const:xdc_runtime_Main_Module__diagsIncluded__C)
                  00008b20    00000004     empty_pem4f.oem4f (.const:xdc_runtime_Main_Module__diagsMask__C)
                  00008b24    00000004     empty_pem4f.oem4f (.const:xdc_runtime_Main_Module__loggerFxn4__C)
                  00008b28    00000004     empty_pem4f.oem4f (.const:xdc_runtime_Main_Module__loggerObj__C)
                  00008b2c    00000004     empty_pem4f.oem4f (.const:xdc_runtime_Memory_defaultHeapInstance__C)
                  00008b30    00000004     empty_pem4f.oem4f (.const:xdc_runtime_Startup_execImpl__C)
                  00008b34    00000004     empty_pem4f.oem4f (.const:xdc_runtime_Startup_lastFxns__A)
                  00008b38    00000004     empty_pem4f.oem4f (.const:xdc_runtime_Startup_maxPasses__C)
                  00008b3c    00000004     empty_pem4f.oem4f (.const:xdc_runtime_Startup_sfxnRts__C)
                  00008b40    00000004     empty_pem4f.oem4f (.const:xdc_runtime_Startup_sfxnTab__C)
                  00008b44    00000004     empty_pem4f.oem4f (.const:xdc_runtime_SysMin_bufSize__C)
                  00008b48    00000004     empty_pem4f.oem4f (.const:xdc_runtime_SysMin_outputFunc__C)
                  00008b4c    00000004     empty_pem4f.oem4f (.const:xdc_runtime_System_Module__gateObj__C)
                  00008b50    00000004     empty_pem4f.oem4f (.const:xdc_runtime_System_abortFxn__C)
                  00008b54    00000004     empty_pem4f.oem4f (.const:xdc_runtime_System_exitFxn__C)
                  00008b58    00000004     empty_pem4f.oem4f (.const:xdc_runtime_System_extendFxn__C)
                  00008b5c    00000004     empty_pem4f.oem4f (.const:xdc_runtime_System_maxAtexitHandlers__C)
                  00008b60    00000004     empty_pem4f.oem4f (.const:xdc_runtime_Text_charTab__C)
                  00008b64    00000004     empty_pem4f.oem4f (.const:xdc_runtime_Text_nameEmpty__C)
                  00008b68    00000004     empty_pem4f.oem4f (.const:xdc_runtime_Text_nameStatic__C)
                  00008b6c    00000004     empty_pem4f.oem4f (.const:xdc_runtime_Text_nameUnknown__C)
                  00008b70    00000004     empty_pem4f.oem4f (.const:xdc_runtime_Text_nodeTab__C)
                  00008b74    00000004     empty_pem4f.oem4f (.const:xdc_runtime_Text_visitRopeFxn__C)
                  00008b78    00000002     empty_pem4f.oem4f (.const:ti_catalog_arm_cortexm4_tiva_ce_Boot_Module__id__C)
                  00008b7a    00000002     empty_pem4f.oem4f (.const:ti_sysbios_family_arm_lm4_TimestampProvider_useClockTimer__C)
                  00008b7c    00000002     empty_pem4f.oem4f (.const:ti_sysbios_family_arm_m3_Hwi_Module__id__C)
                  00008b7e    00000002     empty_pem4f.oem4f (.const:ti_sysbios_family_arm_m3_Hwi_Module__loggerDefined__C)
                  00008b80    00000002     empty_pem4f.oem4f (.const:ti_sysbios_gates_GateMutex_Module__id__C)
                  00008b82    00000002     empty_pem4f.oem4f (.const:ti_sysbios_hal_Hwi_Module__id__C)
                  00008b84    00000002     empty_pem4f.oem4f (.const:ti_sysbios_knl_Clock_Module__id__C)
                  00008b86    00000002     empty_pem4f.oem4f (.const:ti_sysbios_knl_Clock_Module__loggerDefined__C)
                  00008b88    00000002     empty_pem4f.oem4f (.const:ti_sysbios_knl_Semaphore_Module__id__C)
                  00008b8a    00000002     empty_pem4f.oem4f (.const:ti_sysbios_knl_Semaphore_Module__loggerDefined__C)
                  00008b8c    00000002     empty_pem4f.oem4f (.const:ti_sysbios_knl_Swi_Module__id__C)
                  00008b8e    00000002     empty_pem4f.oem4f (.const:ti_sysbios_knl_Swi_Module__loggerDefined__C)
                  00008b90    00000002     empty_pem4f.oem4f (.const:ti_sysbios_knl_Task_Module__id__C)
                  00008b92    00000002     empty_pem4f.oem4f (.const:ti_sysbios_knl_Task_Module__loggerDefined__C)
                  00008b94    00000002     empty_pem4f.oem4f (.const:ti_sysbios_utils_Load_Module__id__C)
                  00008b96    00000002     empty_pem4f.oem4f (.const:ti_sysbios_utils_Load_Module__loggerDefined__C)
                  00008b98    00000002     empty_pem4f.oem4f (.const:ti_sysbios_utils_Load_autoAddTasks__C)
                  00008b9a    00000002     empty_pem4f.oem4f (.const:ti_sysbios_utils_Load_updateInIdle__C)
                  00008b9c    00000002     empty_pem4f.oem4f (.const:ti_uia_loggers_LoggerStopMode_Module__id__C)
                  00008b9e    00000002     empty_pem4f.oem4f (.const:ti_uia_loggers_LoggerStopMode_isTimestampEnabled__C)
                  00008ba0    00000002     empty_pem4f.oem4f (.const:xdc_runtime_Core_Module__id__C)
                  00008ba2    00000002     empty_pem4f.oem4f (.const:xdc_runtime_Error_Module__loggerDefined__C)
                  00008ba4    00000002     empty_pem4f.oem4f (.const:xdc_runtime_Error_maxDepth__C)
                  00008ba6    00000002     empty_pem4f.oem4f (.const:xdc_runtime_HeapStd_Module__id__C)
                  00008ba8    00000002     empty_pem4f.oem4f (.const:xdc_runtime_Main_Module__id__C)
                  00008baa    00000002     empty_pem4f.oem4f (.const:xdc_runtime_Main_Module__loggerDefined__C)
                  00008bac    00000002     empty_pem4f.oem4f (.const:xdc_runtime_Memory_Module__id__C)
                  00008bae    00000002     empty_pem4f.oem4f (.const:xdc_runtime_SysMin_flushAtExit__C)
                  00008bb0    00000002     empty_pem4f.oem4f (.const:xdc_runtime_Text_charCnt__C)
                  00008bb2    00000002     empty_pem4f.oem4f (.const:xdc_runtime_Text_isLoaded__C)
                  00008bb4    00000002     empty_pem4f.oem4f (.const:xdc_runtime_Text_registryModsLastId__C)
                  00008bb6    00000002     empty_pem4f.oem4f (.const:xdc_runtime_Text_unnamedModsLastId__C)

.cinit     0    00008bb8    00000278     
                  00008bb8    00000244     (.cinit..data.load) [load image, compression = lzss]
                  00008dfc    0000000c     (__TI_handler_table)
                  00008e08    00000008     (.cinit..bss.load) [load image, compression = zero_init]
                  00008e10    00000008     (.cinit..vecs.load) [load image, compression = zero_init]
                  00008e18    00000018     (__TI_cinit_table)

.init_array 
*          0    00000000    00000000     UNINITIALIZED

.resetVecs 
*          0    00000000    0000003c     
                  00000000    0000003c     empty_pem4f.oem4f (.resetVecs)

.vecs      0    20000000    00000360     UNINITIALIZED
                  20000000    00000360     empty_pem4f.oem4f (.vecs)

.bss       0    20000380    000018b0     UNINITIALIZED
                  20000380    00000800     empty_pem4f.oem4f (.bss:taskStackSection)
                  20000b80    00000400     (.common:ti_uia_loggers_LoggerStopMode_Instance_State_1_packetArray__A)
                  20000f80    00000400     (.common:ti_uia_loggers_LoggerStopMode_Instance_State_2_packetArray__A)
                  20001380    00000360     (.common:ti_sysbios_family_arm_m3_Hwi_dispatchTable)
                  200016e0    00000008     rtsv7M4_T_le_v4SPD16_eabi.lib : trgdrv.obj (.bss:parmbuf)
                  200016e8    00000004     (.common:ti_sysbios_family_arm_m3_Hwi_Instance_State_0_hookEnv__A)
                  200016ec    00000004     (.common:ti_sysbios_family_arm_m3_Hwi_Instance_State_1_hookEnv__A)
                  200016f0    00000004     (.common:ti_sysbios_family_arm_m3_Hwi_Instance_State_2_hookEnv__A)
                  200016f4    00000004     (.common:ti_sysbios_knl_Swi_Instance_State_0_hookEnv__A)
                  200016f8    00000004     (.common:ti_sysbios_knl_Task_Instance_State_0_hookEnv__A)
                  200016fc    00000004     --HOLE--
                  20001700    00000200     (.common:ti_uia_loggers_LoggerStopMode_Instance_State_0_packetArray__A)
                  20001900    00000120                                   : trgmsg.obj (.bss:_CIOBUF_)
                  20001a20    00000080     (.common:xdc_runtime_SysMin_Module_State_0_outbuf__A)
                  20001aa0    00000060     --HOLE--
                  20001b00    00000030     (.common:ti_uia_loggers_LoggerStopMode_Instance_State_0_hdr__A)
                  20001b30    00000050     --HOLE--
                  20001b80    00000030     (.common:ti_uia_loggers_LoggerStopMode_Instance_State_1_hdr__A)
                  20001bb0    00000050     --HOLE--
                  20001c00    00000030     (.common:ti_uia_loggers_LoggerStopMode_Instance_State_2_hdr__A)

.data      0    20001c30    000005bc     UNINITIALIZED
                  20001c30    0000009c     empty_pem4f.oem4f (.data:ti_uia_loggers_LoggerStopMode_Object__table__V)
                  20001ccc    00000098     empty_pem4f.oem4f (.data:ti_sysbios_utils_Load_Module__state__V)
                  20001d64    00000080     empty_pem4f.oem4f (.data:ti_sysbios_family_arm_lm4_Timer_Object__table__V)
                  20001de4    00000080     empty_pem4f.oem4f (.data:ti_sysbios_knl_Swi_Module_State_0_readyQ__A)
                  20001e64    00000080     empty_pem4f.oem4f (.data:ti_sysbios_knl_Task_Module_State_0_readyQ__A)
                  20001ee4    00000050     empty_pem4f.oem4f (.data:ti_sysbios_knl_Task_Object__table__V)
                  20001f34    00000048     empty_pem4f.oem4f (.data:ti_sysbios_family_arm_m3_Hwi_Object__table__V)
                  20001f7c    00000044     empty_pem4f.oem4f (.data:ti_sysbios_knl_Task_Module__state__V)
                  20001fc0    00000034     empty_pem4f.oem4f (.data:ti_sysbios_family_arm_m3_Hwi_Module__state__V)
                  20001ff4    00000030     empty_pem4f.oem4f (.data:ti_sysbios_family_arm_lm4_Timer_Module_State_0_device__A)
                  20002024    00000030     empty_pem4f.oem4f (.data:ti_sysbios_knl_Swi_Object__table__V)
                  20002054    0000002c     empty_pem4f.oem4f (.data:ti_sysbios_knl_Clock_Module__state__V)
                  20002080    00000024     empty_pem4f.oem4f (.data:ti_sysbios_BIOS_Module__state__V)
                  200020a4    0000001c     empty_pem4f.oem4f (.data:ti_sysbios_gates_GateMutex_Object__table__V)
                  200020c0    0000001c     empty_pem4f.oem4f (.data:ti_sysbios_knl_Swi_Module__state__V)
                  200020dc    0000001c     empty_pem4f.oem4f (.data:ti_sysbios_utils_Load_Module_State_0_taskEnv__A)
                  200020f8    00000018     empty_pem4f.oem4f (.data:ti_sysbios_family_arm_lm4_Timer_Module_State_0_handles__A)
                  20002110    0000000c     rtsv7M4_T_le_v4SPD16_eabi.lib : exit.obj (.data:$O1$$)
                  2000211c    0000000c     empty_pem4f.oem4f (.data:ti_sysbios_family_arm_lm4_Timer_Module__state__V)
                  20002128    0000000c     empty_pem4f.oem4f (.data:ti_sysbios_knl_Task_Module__root__V)
                  20002134    0000000c     empty_pem4f.oem4f (.data:ti_uia_runtime_QueueDescriptor_Module__state__V)
                  20002140    0000000c     empty_pem4f.oem4f (.data:xdc_runtime_HeapStd_Object__table__V)
                  2000214c    0000000c     empty_pem4f.oem4f (.data:xdc_runtime_SysMin_Module__state__V)
                  20002158    00000008     rtsv7M4_T_le_v4SPD16_eabi.lib : _lock.obj (.data:$O1$$)
                  20002160    00000008     ti.uia.runtime.aem4f : QueueDescriptor.oem4f (.data)
                  20002168    00000008     empty_pem4f.oem4f (.data:ti_sysbios_family_arm_lm4_TimestampProvider_Module__state__V)
                  20002170    00000008     empty_pem4f.oem4f (.data:ti_sysbios_gates_GateHwi_Module__root__V)
                  20002178    00000008     empty_pem4f.oem4f (.data:ti_sysbios_gates_GateMutex_Module__root__V)
                  20002180    00000008     empty_pem4f.oem4f (.data:ti_sysbios_knl_Queue_Module__root__V)
                  20002188    00000008     empty_pem4f.oem4f (.data:ti_sysbios_knl_Semaphore_Module__root__V)
                  20002190    00000008     empty_pem4f.oem4f (.data:ti_uia_loggers_LoggerStopMode_Module__root__V)
                  20002198    00000008     empty_pem4f.oem4f (.data:xdc_runtime_HeapStd_Module__root__V)
                  200021a0    00000008     empty_pem4f.oem4f (.data:xdc_runtime_Registry_Module__state__V)
                  200021a8    00000008     empty_pem4f.oem4f (.data:xdc_runtime_Startup_Module__state__V)
                  200021b0    00000008     empty_pem4f.oem4f (.data:xdc_runtime_System_Module_State_0_atexitHandlers__A)
                  200021b8    00000008     empty_pem4f.oem4f (.data:xdc_runtime_System_Module__state__V)
                  200021c0    00000004     rtsv7M4_T_le_v4SPD16_eabi.lib : stkdepth_vars.obj (.data)
                  200021c4    00000004     empty_pem4f.oem4f (.data:ti_sysbios_family_arm_m3_Hwi_Module_State_0_excContext__A)
                  200021c8    00000004     empty_pem4f.oem4f (.data:ti_sysbios_family_arm_m3_Hwi_Module_State_0_excStack__A)
                  200021cc    00000004     empty_pem4f.oem4f (.data:ti_sysbios_gates_GateHwi_Object__table__V)
                  200021d0    00000004     empty_pem4f.oem4f (.data:ti_sysbios_knl_Task_Module_State_0_idleTask__A)
                  200021d4    00000004     empty_pem4f.oem4f (.data:ti_sysbios_utils_Load_Module_State_0_runningTask__A)
                  200021d8    00000004     empty_pem4f.oem4f (.data:ti_sysbios_utils_Load_Module_State_0_taskStartTime__A)
                  200021dc    00000004     empty_pem4f.oem4f (.data:xdc_runtime_HeapStd_Module__state__V)
                  200021e0    00000004     empty_pem4f.oem4f (.data:xdc_runtime_Memory_Module__state__V)
                  200021e4    00000002     main.obj (.data)
                  200021e6    00000002     empty_pem4f.oem4f (.data:ti_sysbios_family_arm_m3_Hwi_Module_State_0_excActive__A)
                  200021e8    00000002     empty_pem4f.oem4f (.data:xdc_runtime_Error_Module__state__V)
                  200021ea    00000002     empty_pem4f.oem4f (.data:xdc_runtime_Main_Module__root__V)

.stack     0    200021ec    00000400     UNINITIALIZED
                  200021ec    00000400     --HOLE--

.bootVecs 
*          0    00000000    00000008     DSECT
                  00000000    00000008     boot.aem4f : boot.oem4f (.bootVecs)

xdc.meta   0    00000000    000000df     COPY SECTION
                  00000000    000000df     empty_pem4f.oem4f (xdc.meta)

MODULE SUMMARY

       Module                     code    ro data   rw data
       ------                     ----    -------   -------
    .\
       main.obj                   336     0         2      
    +--+--------------------------+-------+---------+---------+
       Total:                     336     0         2      
                                                           
    C:\TIRTOS_Workshop_Labs\Lab_05\Project\Debug\configPkg\package\cfg\
       empty_pem4f.oem4f          3188    9044      8062   
    +--+--------------------------+-------+---------+---------+
       Total:                     3188    9044      8062   
                                                           
    C:/ti/tirtos_tivac_2_16_00_08/products/TivaWare_C_Series-2.1.1.71b/driverlib/ccs/Debug/driverlib.lib
       sysctl.obj                 566     108       0      
       gpio.obj                   382     0         0      
       timer.obj                  140     0         0      
    +--+--------------------------+-------+---------+---------+
       Total:                     1088    108       0      
                                                           
    C:\TIRTOS_Workshop_Labs\Lab_05\Project\src\sysbios\sysbios.aem4f
       BIOS.obj                   13554   0         0      
       m3_Hwi_asm.obj             314     0         0      
       m3_TaskSupport_asm.obj     180     0         0      
       m3_Hwi_asm_switch.obj      118     0         0      
    +--+--------------------------+-------+---------+---------+
       Total:                     14166   0         0      
                                                           
    C:\ti\ccsv7\tools\compiler\ti-cgt-arm_16.9.3.LTS\lib\rtsv7M4_T_le_v4SPD16_eabi.lib
       trgdrv.obj                 804     0         8      
       trgmsg.obj                 104     0         288    
       memcpy_t2.obj              156     0         0      
       memset_t2.obj              122     0         0      
       copy_decompress_lzss.obj   104     0         0      
       exit.obj                   84      0         12     
       cpy_tbl.obj                76      0         0      
       u_divt2.obj                64      0         0      
       _lock.obj                  20      0         8      
       args_main.obj              24      0         0      
       strcpy.obj                 20      0         0      
       strlen.obj                 20      0         0      
       copy_decompress_none.obj   14      0         0      
       copy_zero_init.obj         12      0         0      
       stkdepth_vars.obj          0       0         4      
       i_div0.obj                 2       0         0      
    +--+--------------------------+-------+---------+---------+
       Total:                     1626    0         320    
                                                           
    C:\ti\tirtos_tivac_2_16_00_08\products\bios_6_45_01_29\packages\ti\catalog\arm\cortexm4\tiva\ce\lib\Boot.aem4f
       Boot_sysctl.oem4f          262     0         0      
       Boot.oem4f                 152     0         0      
    +--+--------------------------+-------+---------+---------+
       Total:                     414     0         0      
                                                           
    C:\ti\tirtos_tivac_2_16_00_08\products\bios_6_45_01_29\packages\ti\targets\arm\rtsarm\lib\auto_init.aem4f
       auto_init.oem4f            160     0         0      
    +--+--------------------------+-------+---------+---------+
       Total:                     160     0         0      
                                                           
    C:\ti\tirtos_tivac_2_16_00_08\products\bios_6_45_01_29\packages\ti\targets\arm\rtsarm\lib\boot.aem4f
       boot.oem4f                 88      0         0      
    +--+--------------------------+-------+---------+---------+
       Total:                     88      0         0      
                                                           
    C:\ti\tirtos_tivac_2_16_00_08\products\bios_6_45_01_29\packages\ti\targets\arm\rtsarm\lib\ti.targets.arm.rtsarm.aem4f
       System.oem4f               1255    0         0      
       HeapStd.oem4f              714     0         0      
       Text.oem4f                 672     0         0      
       Error.oem4f                524     0         0      
       Core-mem.oem4f             358     0         0      
       Startup.oem4f              328     0         0      
       SysMin.oem4f               248     0         0      
       Core-smem.oem4f            204     0         0      
       Memory.oem4f               176     0         0      
       Assert.oem4f               84      0         0      
       Core-params.oem4f          70      0         0      
       Core-label.oem4f           52      0         0      
       Registry.oem4f             32      0         0      
       Gate.oem4f                 28      0         0      
    +--+--------------------------+-------+---------+---------+
       Total:                     4745    0         0      
                                                           
    C:\ti\tirtos_tivac_2_16_00_08\products\uia_2_00_05_50\packages\ti\uia\loggers\lib\release\ti.uia.loggers.aem4f
       LoggerStopMode.oem4f       552     0         0      
    +--+--------------------------+-------+---------+---------+
       Total:                     552     0         0      
                                                           
    C:\ti\tirtos_tivac_2_16_00_08\products\uia_2_00_05_50\packages\ti\uia\runtime\lib\release\ti.uia.runtime.aem4f
       QueueDescriptor.oem4f      116     0         8      
    +--+--------------------------+-------+---------+---------+
       Total:                     116     0         8      
                                                           
       Stack:                     0       0         1024   
       Linker Generated:          0       632       0      
    +--+--------------------------+-------+---------+---------+
       Grand Total:               26479   9784      9416   


LINKER GENERATED COPY TABLES

__TI_cinit_table @ 00008e18 records: 3, size/record: 8, table size: 24
	.data: load addr=00008bb8, load size=00000244 bytes, run addr=20001c30, run size=000005bc bytes, compression=lzss
	.bss: load addr=00008e08, load size=00000008 bytes, run addr=20000380, run size=000018b0 bytes, compression=zero_init
	.vecs: load addr=00008e10, load size=00000008 bytes, run addr=20000000, run size=00000360 bytes, compression=zero_init


LINKER GENERATED HANDLER TABLE

__TI_handler_table @ 00008dfc records: 3, size/record: 4, table size: 12
	index: 0, handler: __TI_decompress_lzss
	index: 1, handler: __TI_decompress_none
	index: 2, handler: __TI_zero_init


GLOBAL SYMBOLS: SORTED ALPHABETICALLY BY Name 

address   name                                                              
-------   ----                                                              
00005159  C$$EXIT                                                           
00004c3b  C$$IO$$                                                           
00005e51  GPIODirModeSet                                                    
0000202d  GPIOPadConfigSet                                                  
00005be3  GPIOPinRead                                                       
00006387  GPIOPinTypeGPIOOutput                                             
000067c9  GPIOPinWrite                                                      
00000a97  HOSTclock                                                         
00000a5f  HOSTclose                                                         
00000a21  HOSTgetenv                                                        
000009c5  HOSTlseek                                                         
00000973  HOSTopen                                                          
00000927  HOSTread                                                          
000008c9  HOSTrename                                                        
0000088f  HOSTtime                                                          
00000841  HOSTtime64                                                        
00000809  HOSTunlink                                                        
000007bd  HOSTwrite                                                         
UNDEFED   SHT$$INIT_ARRAY$$Base                                             
[...]
00008940  ti_sysbios_family_arm_m3_Hwi_LM_begin__C                          
00008944  ti_sysbios_family_arm_m3_Hwi_Module__diagsEnabled__C              
00008948  ti_sysbios_family_arm_m3_Hwi_Module__diagsIncluded__C             
0000894c  ti_sysbios_family_arm_m3_Hwi_Module__diagsMask__C                 
00008950  ti_sysbios_family_arm_m3_Hwi_Module__loggerFxn1__C                
00008954  ti_sysbios_family_arm_m3_Hwi_Module__loggerFxn8__C                
00008958  ti_sysbios_family_arm_m3_Hwi_Module__loggerObj__C                 
0000895c  ti_sysbios_family_arm_m3_Hwi_NUM_INTERRUPTS__C                    
00008960  ti_sysbios_family_arm_m3_Hwi_Object__count__C                     
00008964  ti_sysbios_family_arm_m3_Hwi_ccr__C                               
00008968  ti_sysbios_family_arm_m3_Hwi_excHandlerFunc__C                    
0000896c  ti_sysbios_family_arm_m3_Hwi_excHookFuncs__C                      
00008970  ti_sysbios_family_arm_m3_Hwi_nullIsrFunc__C                       
00008974  ti_sysbios_family_arm_m3_Hwi_priGroup__C                          
00008978  ti_sysbios_gates_GateMutex_A_badContext__C                        
0000897c  ti_sysbios_gates_GateMutex_Instance_State_sem__O                  
00008980  ti_sysbios_gates_GateMutex_Module__diagsEnabled__C                
00008984  ti_sysbios_gates_GateMutex_Module__diagsIncluded__C               
00008988  ti_sysbios_gates_GateMutex_Module__diagsMask__C                   
0000898c  ti_sysbios_hal_Hwi_E_stackOverflow__C                             
00008990  ti_sysbios_knl_Clock_LM_begin__C                                  
00008994  ti_sysbios_knl_Clock_LM_tick__C                                   
00008998  ti_sysbios_knl_Clock_LW_delayed__C                                
0000899c  ti_sysbios_knl_Clock_Module_State_clockQ__O                       
000089a0  ti_sysbios_knl_Clock_Module__diagsEnabled__C                      
000089a4  ti_sysbios_knl_Clock_Module__diagsIncluded__C                     
000089a8  ti_sysbios_knl_Clock_Module__diagsMask__C                         
000089ac  ti_sysbios_knl_Clock_Module__loggerFxn1__C                        
000089b0  ti_sysbios_knl_Clock_Module__loggerFxn2__C                        
000089b4  ti_sysbios_knl_Clock_Module__loggerObj__C                         
000089b8  ti_sysbios_knl_Semaphore_A_badContext__C                          
000089bc  ti_sysbios_knl_Semaphore_A_noEvents__C                            
000089c0  ti_sysbios_knl_Semaphore_A_overflow__C                            
000089c4  ti_sysbios_knl_Semaphore_A_pendTaskDisabled__C                    
000089c8  ti_sysbios_knl_Semaphore_Instance_State_pendQ__O                  
000089cc  ti_sysbios_knl_Semaphore_LM_pend__C                               
000089d0  ti_sysbios_knl_Semaphore_LM_post__C                               
000089d4  ti_sysbios_knl_Semaphore_Module__diagsEnabled__C                  
000089d8  ti_sysbios_knl_Semaphore_Module__diagsIncluded__C                 
000089dc  ti_sysbios_knl_Semaphore_Module__diagsMask__C                     
000089e0  ti_sysbios_knl_Semaphore_Module__loggerFxn2__C                    
000089e4  ti_sysbios_knl_Semaphore_Module__loggerFxn4__C                    
000089e8  ti_sysbios_knl_Semaphore_Module__loggerObj__C                     
000089ec  ti_sysbios_knl_Swi_LD_end__C                                      
000089f0  ti_sysbios_knl_Swi_LM_begin__C                                    
000089f4  ti_sysbios_knl_Swi_LM_post__C                                     
000089f8  ti_sysbios_knl_Swi_Module__diagsEnabled__C                        
000089fc  ti_sysbios_knl_Swi_Module__diagsIncluded__C                       
00008a00  ti_sysbios_knl_Swi_Module__diagsMask__C                           
00008a04  ti_sysbios_knl_Swi_Module__loggerFxn1__C                          
00008a08  ti_sysbios_knl_Swi_Module__loggerFxn4__C                          
00008a0c  ti_sysbios_knl_Swi_Module__loggerObj__C                           
00008a10  ti_sysbios_knl_Swi_Object__count__C                               
00008a14  ti_sysbios_knl_Swi_numConstructedSwis__C                          
00008a18  ti_sysbios_knl_Task_E_spOutOfBounds__C                            
00008a1c  ti_sysbios_knl_Task_E_stackOverflow__C                            
00008a20  ti_sysbios_knl_Task_LD_block__C                                   
00008a24  ti_sysbios_knl_Task_LD_exit__C                                    
00008a28  ti_sysbios_knl_Task_LD_ready__C                                   
00008a2c  ti_sysbios_knl_Task_LM_switch__C                                  
00008a30  ti_sysbios_knl_Task_Module_State_inactiveQ__O                     
00008a34  ti_sysbios_knl_Task_Module__diagsEnabled__C                       
00008a38  ti_sysbios_knl_Task_Module__diagsIncluded__C                      
00008a3c  ti_sysbios_knl_Task_Module__diagsMask__C                          
00008a40  ti_sysbios_knl_Task_Module__loggerFxn2__C                         
00008a44  ti_sysbios_knl_Task_Module__loggerFxn4__C                         
00008a48  ti_sysbios_knl_Task_Module__loggerObj__C                          
00008a4c  ti_sysbios_knl_Task_Object__count__C                              
00008a50  ti_sysbios_knl_Task_Object__heap__C                               
00008a54  ti_sysbios_knl_Task_allBlockedFunc__C                             
00008a58  ti_sysbios_knl_Task_numConstructedTasks__C                        
00008a5c  ti_sysbios_utils_Load_LS_cpuLoad__C                               
00008a60  ti_sysbios_utils_Load_LS_hwiLoad__C                               
00008a64  ti_sysbios_utils_Load_LS_swiLoad__C                               
00008a68  ti_sysbios_utils_Load_LS_taskLoad__C                              
00008a6c  ti_sysbios_utils_Load_Module_State_taskList__O                    
00008a70  ti_sysbios_utils_Load_Module__diagsEnabled__C                     
00008a74  ti_sysbios_utils_Load_Module__diagsIncluded__C                    
00008a78  ti_sysbios_utils_Load_Module__diagsMask__C                        
00008a7c  ti_sysbios_utils_Load_Module__loggerFxn1__C                       
00008a80  ti_sysbios_utils_Load_Module__loggerFxn2__C                       
00008a84  ti_sysbios_utils_Load_Module__loggerFxn4__C                       
00008a88  ti_sysbios_utils_Load_Module__loggerObj__C                        
00008a8c  ti_sysbios_utils_Load_postUpdate__C                               
00008a90  ti_sysbios_utils_Load_windowInMs__C                               
00008a94  ti_uia_loggers_LoggerStopMode_Module__diagsEnabled__C             
00008a98  ti_uia_loggers_LoggerStopMode_Module__diagsIncluded__C            
00008a9c  ti_uia_loggers_LoggerStopMode_Module__diagsMask__C                
00008aa0  ti_uia_loggers_LoggerStopMode_Object__count__C                    
00008aa4  ti_uia_runtime_ILoggerSnapshot_Interface__BASE__C                 
00008aa8  ti_uia_runtime_IUIATransfer_Interface__BASE__C                    
00008aac  xdc_runtime_Assert_E_assertFailed__C                              
00008ab0  xdc_runtime_Core_A_initializedParams__C                           
00008ab4  xdc_runtime_Core_Module__diagsEnabled__C                          
00008ab8  xdc_runtime_Core_Module__diagsIncluded__C                         
00008abc  xdc_runtime_Core_Module__diagsMask__C                             
00008ac0  xdc_runtime_Error_E_memory__C                                     
00008ac4  xdc_runtime_Error_Module__diagsEnabled__C                         
00008ac8  xdc_runtime_Error_Module__diagsIncluded__C                        
00008acc  xdc_runtime_Error_Module__diagsMask__C                            
00008ad0  xdc_runtime_Error_Module__loggerFxn8__C                           
00008ad4  xdc_runtime_Error_Module__loggerObj__C                            
00008ad8  xdc_runtime_Error_policyFxn__C                                    
00008adc  xdc_runtime_Error_raiseHook__C                                    
00008ae0  xdc_runtime_HeapStd_A_align__C                                    
00008ae4  xdc_runtime_HeapStd_A_invalidTotalFreeSize__C                     
00008ae8  xdc_runtime_HeapStd_A_zeroSize__C                                 
00008aec  xdc_runtime_HeapStd_E_noRTSMemory__C                              
00008af0  xdc_runtime_HeapStd_Module__diagsEnabled__C                       
00008af4  xdc_runtime_HeapStd_Module__diagsIncluded__C                      
00008af8  xdc_runtime_HeapStd_Module__diagsMask__C                          
00008afc  xdc_runtime_IFilterLogger_Interface__BASE__C                      
00008b00  xdc_runtime_IGateProvider_Interface__BASE__C                      
00008b04  xdc_runtime_IHeap_Interface__BASE__C                              
00008b08  xdc_runtime_ILogger_Interface__BASE__C                            
00008b0c  xdc_runtime_IModule_Interface__BASE__C                            
00008b10  xdc_runtime_Log_L_error__C                                        
00008b14  xdc_runtime_Log_L_info__C                                         
00008b18  xdc_runtime_Main_Module__diagsEnabled__C                          
00008b1c  xdc_runtime_Main_Module__diagsIncluded__C                         
00008b20  xdc_runtime_Main_Module__diagsMask__C                             
00008b24  xdc_runtime_Main_Module__loggerFxn4__C                            
00008b28  xdc_runtime_Main_Module__loggerObj__C                             
00008b2c  xdc_runtime_Memory_defaultHeapInstance__C                         
00008b30  xdc_runtime_Startup_execImpl__C                                   
00008b34  xdc_runtime_Startup_lastFxns__A                                   
00008b38  xdc_runtime_Startup_maxPasses__C                                  
00008b3c  xdc_runtime_Startup_sfxnRts__C                                    
00008b40  xdc_runtime_Startup_sfxnTab__C                                    
00008b44  xdc_runtime_SysMin_bufSize__C                                     
00008b48  xdc_runtime_SysMin_outputFunc__C                                  
00008b4c  xdc_runtime_System_Module__gateObj__C                             
00008b50  xdc_runtime_System_abortFxn__C                                    
00008b54  xdc_runtime_System_exitFxn__C                                     
00008b58  xdc_runtime_System_extendFxn__C                                   
00008b5c  xdc_runtime_System_maxAtexitHandlers__C                           
00008b60  xdc_runtime_Text_charTab__C                                       
00008b64  xdc_runtime_Text_nameEmpty__C                                     
00008b68  xdc_runtime_Text_nameStatic__C                                    
00008b6c  xdc_runtime_Text_nameUnknown__C                                   
00008b70  xdc_runtime_Text_nodeTab__C                                       
00008b74  xdc_runtime_Text_visitRopeFxn__C                                  
00008b78  ti_catalog_arm_cortexm4_tiva_ce_Boot_Module__id__C                
00008b7a  ti_sysbios_family_arm_lm4_TimestampProvider_useClockTimer__C      
00008b7c  ti_sysbios_family_arm_m3_Hwi_Module__id__C                        
00008b7e  ti_sysbios_family_arm_m3_Hwi_Module__loggerDefined__C             
00008b80  ti_sysbios_gates_GateMutex_Module__id__C                          
00008b82  ti_sysbios_hal_Hwi_Module__id__C                                  
00008b84  ti_sysbios_knl_Clock_Module__id__C                                
00008b86  ti_sysbios_knl_Clock_Module__loggerDefined__C                     
00008b88  ti_sysbios_knl_Semaphore_Module__id__C                            
00008b8a  ti_sysbios_knl_Semaphore_Module__loggerDefined__C                 
00008b8c  ti_sysbios_knl_Swi_Module__id__C                                  
00008b8e  ti_sysbios_knl_Swi_Module__loggerDefined__C                       
00008b90  ti_sysbios_knl_Task_Module__id__C                                 
00008b92  ti_sysbios_knl_Task_Module__loggerDefined__C                      
00008b94  ti_sysbios_utils_Load_Module__id__C                               
00008b96  ti_sysbios_utils_Load_Module__loggerDefined__C                    
00008b98  ti_sysbios_utils_Load_autoAddTasks__C                             
00008b9a  ti_sysbios_utils_Load_updateInIdle__C                             
00008b9c  ti_uia_loggers_LoggerStopMode_Module__id__C                       
00008b9e  ti_uia_loggers_LoggerStopMode_isTimestampEnabled__C               
00008ba0  xdc_runtime_Core_Module__id__C                                    
00008ba2  xdc_runtime_Error_Module__loggerDefined__C                        
00008ba4  xdc_runtime_Error_maxDepth__C                                     
00008ba6  xdc_runtime_HeapStd_Module__id__C                                 
00008ba8  xdc_runtime_Main_Module__id__C                                    
00008baa  xdc_runtime_Main_Module__loggerDefined__C                         
00008bac  xdc_runtime_Memory_Module__id__C                                  
00008bae  xdc_runtime_SysMin_flushAtExit__C                                 
00008bb0  xdc_runtime_Text_charCnt__C                                       
00008bb2  xdc_runtime_Text_isLoaded__C                                      
00008bb4  xdc_runtime_Text_registryModsLastId__C                            
00008bb6  xdc_runtime_Text_unnamedModsLastId__C                             
00008bb8  __TI_static_base__                                                
00008dfc  __TI_Handler_Table_Base                                           
00008e08  __TI_Handler_Table_Limit                                          
00008e18  __TI_CINIT_Base                                                   
00008e30  __TI_CINIT_Limit                                                  
20000000  ti_sysbios_family_arm_m3_Hwi_ramVectors                           
20000380  ti_sysbios_knl_Task_Instance_State_0_stack__A                     
20000b80  ti_uia_loggers_LoggerStopMode_Instance_State_1_packetArray__A     
20000f80  ti_uia_loggers_LoggerStopMode_Instance_State_2_packetArray__A     
20001380  ti_sysbios_family_arm_m3_Hwi_dispatchTable                        
200016e8  ti_sysbios_family_arm_m3_Hwi_Instance_State_0_hookEnv__A          
200016ec  ti_sysbios_family_arm_m3_Hwi_Instance_State_1_hookEnv__A          
200016f0  ti_sysbios_family_arm_m3_Hwi_Instance_State_2_hookEnv__A          
200016f4  ti_sysbios_knl_Swi_Instance_State_0_hookEnv__A                    
200016f8  ti_sysbios_knl_Task_Instance_State_0_hookEnv__A                   
20001700  ti_uia_loggers_LoggerStopMode_Instance_State_0_packetArray__A     
20001900  __CIOBUF_                                                         
20001a20  xdc_runtime_SysMin_Module_State_0_outbuf__A                       
20001b00  ti_uia_loggers_LoggerStopMode_Instance_State_0_hdr__A             
20001b80  ti_uia_loggers_LoggerStopMode_Instance_State_1_hdr__A             
20001c00  ti_uia_loggers_LoggerStopMode_Instance_State_2_hdr__A             
20001c30  ti_uia_loggers_LoggerStopMode_Object__table__V                    
20001ccc  ti_sysbios_utils_Load_Module__state__V                            
20001d64  ti_sysbios_family_arm_lm4_Timer_Object__table__V                  
20001de4  ti_sysbios_knl_Swi_Module_State_0_readyQ__A                       
20001e64  ti_sysbios_knl_Task_Module_State_0_readyQ__A                      
20001ee4  ti_sysbios_knl_Task_Object__table__V                              
20001f34  ti_sysbios_family_arm_m3_Hwi_Object__table__V                     
20001f7c  ti_sysbios_knl_Task_Module__state__V                              
20001fc0  ti_sysbios_family_arm_m3_Hwi_Module__state__V                     
20001ff4  ti_sysbios_family_arm_lm4_Timer_Module_State_0_device__A          
20002024  ti_sysbios_knl_Swi_Object__table__V                               
20002054  ti_sysbios_knl_Clock_Module__state__V                             
20002080  ti_sysbios_BIOS_Module__state__V                                  
200020a4  ti_sysbios_gates_GateMutex_Object__table__V                       
200020c0  ti_sysbios_knl_Swi_Module__state__V                               
200020dc  ti_sysbios_utils_Load_Module_State_0_taskEnv__A                   
200020f8  ti_sysbios_family_arm_lm4_Timer_Module_State_0_handles__A         
20002110  __TI_cleanup_ptr                                                  
20002114  __TI_dtors_ptr                                                    
20002118  __TI_enable_exit_profile_output                                   
2000211c  ti_sysbios_family_arm_lm4_Timer_Module__state__V                  
20002128  ti_sysbios_knl_Task_Module__root__V                               
20002134  ti_uia_runtime_QueueDescriptor_Module__state__V                   
20002140  xdc_runtime_HeapStd_Object__table__V                              
2000214c  xdc_runtime_SysMin_Module__state__V                               
20002158  _lock                                                             
2000215c  _unlock                                                           
20002160  ti_uia_runtime_QueueDescriptor_gPtrToFirstDescriptor              
20002164  ti_uia_runtime_QueueDescriptor_gUpdateCount                       
20002168  ti_sysbios_family_arm_lm4_TimestampProvider_Module__state__V      
20002170  ti_sysbios_gates_GateHwi_Module__root__V                          
20002178  ti_sysbios_gates_GateMutex_Module__root__V                        
20002180  ti_sysbios_knl_Queue_Module__root__V                              
20002188  ti_sysbios_knl_Semaphore_Module__root__V                          
20002190  ti_uia_loggers_LoggerStopMode_Module__root__V                     
20002198  xdc_runtime_HeapStd_Module__root__V                               
200021a0  xdc_runtime_Registry_Module__state__V                             
200021a8  xdc_runtime_Startup_Module__state__V                              
200021b0  xdc_runtime_System_Module_State_0_atexitHandlers__A               
200021b8  xdc_runtime_System_Module__state__V                               
200021c0  main_func_sp                                                      
200021c4  ti_sysbios_family_arm_m3_Hwi_Module_State_0_excContext__A         
200021c8  ti_sysbios_family_arm_m3_Hwi_Module_State_0_excStack__A           
200021cc  ti_sysbios_gates_GateHwi_Object__table__V                         
200021d0  ti_sysbios_knl_Task_Module_State_0_idleTask__A                    
200021d4  ti_sysbios_utils_Load_Module_State_0_runningTask__A               
200021d8  ti_sysbios_utils_Load_Module_State_0_taskStartTime__A             
200021dc  xdc_runtime_HeapStd_Module__state__V                              
200021e0  xdc_runtime_Memory_Module__state__V                               
200021e4  i16ToggleCount                                                    
200021e6  ti_sysbios_family_arm_m3_Hwi_Module_State_0_excActive__A          
200021e8  xdc_runtime_Error_Module__state__V                                
200021ea  xdc_runtime_Main_Module__root__V                                  
200021ec  __stack                                                           
200025ec  __STACK_END                                                       
e000e000  ti_sysbios_family_arm_m3_Hwi_nvic                                 
ffffffff  __TI_pprof_out_hndl                                               
ffffffff  __TI_prof_data_size                                               
ffffffff  __TI_prof_data_start                                              
ffffffff  __binit__                                                         
ffffffff  __c_args__                                                        
ffffffff  binit                                                             
UNDEFED   SHT$$INIT_ARRAY$$Base                                             
UNDEFED   SHT$$INIT_ARRAY$$Limit                                            

[680 symbols]
